Archive member included to satisfy reference by file (symbol)

Q:/Program Files/SEGGER/SEGGER Embedded Studio for ARM 5.42/lib/libm_v7em_fpv4_sp_d16_hard_t_le_eabi.a(libm_asm.o)
                              Output/nrf52832_xxaa/Obj/init_stop_swap/deca_device.o (__aeabi_dsub)
Q:/Program Files/SEGGER/SEGGER Embedded Studio for ARM 5.42/lib/libc_v7em_fpv4_sp_d16_hard_t_le_eabi.a(libc2.o)
                              Output/nrf52832_xxaa/Obj/init_stop_swap/deca_device.o (abs)
Q:/Program Files/SEGGER/SEGGER Embedded Studio for ARM 5.42/lib/libc_v7em_fpv4_sp_d16_hard_t_le_eabi.a(libc2_asm.o)
                              Output/nrf52832_xxaa/Obj/init_stop_swap/main.o (memcpy)
Q:/Program Files/SEGGER/SEGGER Embedded Studio for ARM 5.42/lib/libc_v7em_fpv4_sp_d16_hard_t_le_eabi.a(libvfprintf.o)
                              (__vfprintf_short_float_long)
Q:/Program Files/SEGGER/SEGGER Embedded Studio for ARM 5.42/lib/libc_v7em_fpv4_sp_d16_hard_t_le_eabi.a(libvfscanf.o)
                              (__vfscanf_int)
Q:/Program Files/SEGGER/SEGGER Embedded Studio for ARM 5.42/lib/libc_v7em_fpv4_sp_d16_hard_t_le_eabi.a(libc_asm.o)
                              Q:/Program Files/SEGGER/SEGGER Embedded Studio for ARM 5.42/lib/libc_v7em_fpv4_sp_d16_hard_t_le_eabi.a(libc2.o) (__aeabi_uldivmod)
Q:/Program Files/SEGGER/SEGGER Embedded Studio for ARM 5.42/lib/libdebugio_v7em_fpv4_sp_d16_hard_t_le_eabi.a(libdebugio.o)
                              Output/nrf52832_xxaa/Obj/init_stop_swap/thumb_crt0.o (debug_fopen)
Q:/Program Files/SEGGER/SEGGER Embedded Studio for ARM 5.42/lib/libdebugio_v7em_fpv4_sp_d16_hard_t_le_eabi.a(do_nv_debug_operation.o)
                              Q:/Program Files/SEGGER/SEGGER Embedded Studio for ARM 5.42/lib/libdebugio_v7em_fpv4_sp_d16_hard_t_le_eabi.a(libdebugio.o) (__do_nvdebug_operation)
Q:/Program Files/SEGGER/SEGGER Embedded Studio for ARM 5.42/lib/libdebugio_v7em_fpv4_sp_d16_hard_t_le_eabi.a(mempoll_debug_operations.o)
                              (__do_debug_operation_mempoll)
Q:/Program Files/SEGGER/SEGGER Embedded Studio for ARM 5.42/lib/libm_v7em_fpv4_sp_d16_hard_t_le_eabi.a(libm2.o)
                              Q:/Program Files/SEGGER/SEGGER Embedded Studio for ARM 5.42/lib/libc_v7em_fpv4_sp_d16_hard_t_le_eabi.a(libvfprintf.o) (frexp)

Discarded input sections

 .text          0x0000000000000000        0x0 Output/nrf52832_xxaa/Obj/init_stop_swap/init_main.o
 .data          0x0000000000000000        0x0 Output/nrf52832_xxaa/Obj/init_stop_swap/init_main.o
 .bss           0x0000000000000000        0x0 Output/nrf52832_xxaa/Obj/init_stop_swap/init_main.o
 .rodata.spi    0x0000000000000000        0x8 Output/nrf52832_xxaa/Obj/init_stop_swap/init_main.o
 .bss.spi_xfer_done
                0x0000000000000000        0x1 Output/nrf52832_xxaa/Obj/init_stop_swap/init_main.o
 .text          0x0000000000000000        0x0 Output/nrf52832_xxaa/Obj/init_stop_swap/main.o
 .data          0x0000000000000000        0x0 Output/nrf52832_xxaa/Obj/init_stop_swap/main.o
 .bss           0x0000000000000000        0x0 Output/nrf52832_xxaa/Obj/init_stop_swap/main.o
 .rodata.spi    0x0000000000000000        0x8 Output/nrf52832_xxaa/Obj/init_stop_swap/main.o
 .bss.spi_xfer_done
                0x0000000000000000        0x1 Output/nrf52832_xxaa/Obj/init_stop_swap/main.o
 .text          0x0000000000000000        0x0 Output/nrf52832_xxaa/Obj/init_stop_swap/resp_main.o
 .data          0x0000000000000000        0x0 Output/nrf52832_xxaa/Obj/init_stop_swap/resp_main.o
 .bss           0x0000000000000000        0x0 Output/nrf52832_xxaa/Obj/init_stop_swap/resp_main.o
 .rodata.spi    0x0000000000000000        0x8 Output/nrf52832_xxaa/Obj/init_stop_swap/resp_main.o
 .bss.spi_xfer_done
                0x0000000000000000        0x1 Output/nrf52832_xxaa/Obj/init_stop_swap/resp_main.o
 .text          0x0000000000000000        0x0 Output/nrf52832_xxaa/Obj/init_stop_swap/boards.o
 .data          0x0000000000000000        0x0 Output/nrf52832_xxaa/Obj/init_stop_swap/boards.o
 .bss           0x0000000000000000        0x0 Output/nrf52832_xxaa/Obj/init_stop_swap/boards.o
 .text.nrf_gpio_pin_port_decode
                0x0000000000000000        0xe Output/nrf52832_xxaa/Obj/init_stop_swap/boards.o
 .text.nrf_gpio_cfg
                0x0000000000000000       0x62 Output/nrf52832_xxaa/Obj/init_stop_swap/boards.o
 .text.nrf_gpio_cfg_output
                0x0000000000000000       0x22 Output/nrf52832_xxaa/Obj/init_stop_swap/boards.o
 .text.nrf_gpio_cfg_input
                0x0000000000000000       0x2a Output/nrf52832_xxaa/Obj/init_stop_swap/boards.o
 .text.nrf_gpio_pin_set
                0x0000000000000000       0x28 Output/nrf52832_xxaa/Obj/init_stop_swap/boards.o
 .text.nrf_gpio_pin_clear
                0x0000000000000000       0x28 Output/nrf52832_xxaa/Obj/init_stop_swap/boards.o
 .text.nrf_gpio_pin_toggle
                0x0000000000000000       0x44 Output/nrf52832_xxaa/Obj/init_stop_swap/boards.o
 .text.nrf_gpio_pin_write
[...]
Memory Configuration

Name             Origin             Length             Attributes
UNPLACED_SECTIONS 0x0000000100000000 0x0000000000000000 xw
FLASH            0x0000000000000000 0x0000000000080000 xr
SRAM             0x0000000020000000 0x0000000000010000 xw
*default*        0x0000000000000000 0xffffffffffffffff

Linker script and memory map

                0x0000000000000000                __do_debug_operation = __do_debug_operation_mempoll
                0x0000000000005230                __vfprintf = __vfprintf_short_float_long
                0x0000000000000000                __vfscanf = __vfscanf_int
                0x0000000000000000                __FLASH_segment_start__ = 0x0
                0x0000000000080000                __FLASH_segment_end__ = 0x80000
                0x0000000000080000                __FLASH_segment_size__ = 0x80000
                0x0000000020000000                __SRAM_segment_start__ = 0x20000000
                0x0000000020010000                __SRAM_segment_end__ = 0x20010000
                0x0000000000010000                __SRAM_segment_size__ = 0x10000
                0x0000000000000400                __HEAPSIZE__ = 0x400
                0x0000000000000000                __STACKSIZE_PROCESS__ = 0x0
                0x0000000000000400                __STACKSIZE__ = 0x400
                0x0000000020000000                __vectors_ram_load_start__ = ALIGN (__SRAM_segment_start__, 0x100)

.vectors_ram    0x0000000020000000        0x0
                0x0000000020000000                __vectors_ram_start__ = .
 *(.vectors_ram .vectors_ram.*)
                0x0000000020000000                __vectors_ram_end__ = (__vectors_ram_start__ + SIZEOF (.vectors_ram))
                0x0000000000000000                __vectors_ram_size__ = SIZEOF (.vectors_ram)
                0x0000000020000000                __vectors_ram_load_end__ = __vectors_ram_end__
                0x0000000000000001                . = ASSERT (((__vectors_ram_start__ == __vectors_ram_end__) || ((__vectors_ram_end__ - __SRAM_segment_start__) <= __SRAM_segment_size__)), error: .vectors_ram is too large to fit in SRAM memory segment)
                0x0000000000000000                __vectors_load_start__ = ALIGN (__FLASH_segment_start__, 0x100)

.vectors        0x0000000000000000       0xd8
                0x0000000000000000                __vectors_start__ = .
 *(.vectors .vectors.*)
 .vectors       0x0000000000000000       0xd8 Output/nrf52832_xxaa/Obj/init_stop_swap/ses_nrf52_startup.o
                0x0000000000000000                _vectors
                0x00000000000000d8                __vectors_end__ = (__vectors_start__ + SIZEOF (.vectors))
                0x00000000000000d8                __vectors_size__ = SIZEOF (.vectors)
                0x00000000000000d8                __vectors_load_end__ = __vectors_end__
                0x0000000000000001                . = ASSERT (((__vectors_start__ == __vectors_end__) || ((__vectors_end__ - __FLASH_segment_start__) <= __FLASH_segment_size__)), error: .vectors is too large to fit in FLASH memory segment)
                0x00000000000000d8                __init_load_start__ = ALIGN (__vectors_end__, 0x4)

.init           0x00000000000000d8      0x1d8
                0x00000000000000d8                __init_start__ = .
 *(.init .init.*)
 .init          0x00000000000000d8       0x6c Output/nrf52832_xxaa/Obj/init_stop_swap/ses_nrf52_startup.o
                0x00000000000000d8                NMI_Handler
                0x00000000000000da                HardFault_Handler
                0x00000000000000dc                MemoryManagement_Handler
                0x00000000000000de                BusFault_Handler
                0x00000000000000e0                UsageFault_Handler
                0x00000000000000e2                SVC_Handler
                0x00000000000000e4                DebugMon_Handler
                0x00000000000000e6                PendSV_Handler
                0x00000000000000e8                SysTick_Handler
                0x00000000000000ec                RADIO_IRQHandler
                0x00000000000000f0                SPIM0_SPIS0_TWIM0_TWIS0_SPI0_TWI0_IRQHandler
                0x00000000000000f4                NFCT_IRQHandler
                0x00000000000000f8                SAADC_IRQHandler
                0x00000000000000fa                TIMER0_IRQHandler
                0x00000000000000fc                TIMER1_IRQHandler
                0x00000000000000fe                TIMER2_IRQHandler
                0x0000000000000100                RTC0_IRQHandler
                0x0000000000000102                TEMP_IRQHandler
                0x0000000000000104                RNG_IRQHandler
                0x0000000000000106                ECB_IRQHandler
                0x0000000000000108                CCM_AAR_IRQHandler
                0x000000000000010a                WDT_IRQHandler
                0x000000000000010c                RTC1_IRQHandler
                0x000000000000010e                QDEC_IRQHandler
                0x0000000000000110                COMP_LPCOMP_IRQHandler
                0x0000000000000112                SWI0_EGU0_IRQHandler
                0x0000000000000114                SWI1_EGU1_IRQHandler
                0x0000000000000116                SWI2_EGU2_IRQHandler
                0x0000000000000118                SWI3_EGU3_IRQHandler
                0x000000000000011a                SWI4_EGU4_IRQHandler
                0x000000000000011c                SWI5_EGU5_IRQHandler
                0x000000000000011e                TIMER3_IRQHandler
                0x0000000000000120                TIMER4_IRQHandler
                0x0000000000000122                PWM0_IRQHandler
                0x0000000000000124                PDM_IRQHandler
                0x0000000000000126                MWU_IRQHandler
                0x0000000000000128                PWM1_IRQHandler
                0x000000000000012a                PWM2_IRQHandler
                0x000000000000012c                SPIM2_SPIS2_SPI2_IRQHandler
                0x000000000000012e                RTC2_IRQHandler
                0x0000000000000130                I2S_IRQHandler
                0x0000000000000132                reset_handler
 .init          0x0000000000000144      0x16c Output/nrf52832_xxaa/Obj/init_stop_swap/thumb_crt0.o
                0x0000000000000144                _start
                0x0000000000000200                exit
                0x00000000000002b0                __init_end__ = (__init_start__ + SIZEOF (.init))
                0x00000000000001d8                __init_size__ = SIZEOF (.init)
                0x00000000000002b0                __init_load_end__ = __init_end__
                0x0000000000000001                . = ASSERT (((__init_start__ == __init_end__) || ((__init_end__ - __FLASH_segment_start__) <= __FLASH_segment_size__)), error: .init is too large to fit in FLASH memory segment)
                0x00000000000002b0                __init_rodata_load_start__ = ALIGN (__init_end__, 0x4)

.init_rodata    0x00000000000002b0        0x0
                0x00000000000002b0                __init_rodata_start__ = .
 *(.init_rodata .init_rodata.*)
                0x00000000000002b0                __init_rodata_end__ = (__init_rodata_start__ + SIZEOF (.init_rodata))
                0x0000000000000000                __init_rodata_size__ = SIZEOF (.init_rodata)
                0x00000000000002b0                __init_rodata_load_end__ = __init_rodata_end__
                0x0000000000000001                . = ASSERT (((__init_rodata_start__ == __init_rodata_end__) || ((__init_rodata_end__ - __FLASH_segment_start__) <= __FLASH_segment_size__)), error: .init_rodata is too large to fit in FLASH memory segment)
                0x00000000000002b0                __text_load_start__ = ALIGN (__init_rodata_end__, 0x4)

.text           0x00000000000002b0     0x5e68
                0x00000000000002b0                __text_start__ = .
 *(.text .text.* .glue_7t .glue_7 .gnu.linkonce.t.* .gcc_except_table .ARM.extab* .gnu.linkonce.armextab.*)
 .glue_7        0x00000000000002b0        0x0 linker stubs
 .glue_7t       0x00000000000002b0        0x0 linker stubs
 .text.ss_init_run
                0x00000000000002b0      0x1f8 Output/nrf52832_xxaa/Obj/init_stop_swap/init_main.o
                0x00000000000002b0                ss_init_run
 .text.resp_msg_get_ts
                0x00000000000004a8       0x42 Output/nrf52832_xxaa/Obj/init_stop_swap/init_main.o
 .text.nrf_gpio_pin_port_decode
                0x00000000000004ea        0xe Output/nrf52832_xxaa/Obj/init_stop_swap/main.o
 .text.nrf_gpio_cfg
                0x00000000000004f8       0x62 Output/nrf52832_xxaa/Obj/init_stop_swap/main.o
 .text.nrf_gpio_cfg_output
                0x000000000000055a       0x22 Output/nrf52832_xxaa/Obj/init_stop_swap/main.o
 .text.nrf_gpio_cfg_input
                0x000000000000057c       0x2a Output/nrf52832_xxaa/Obj/init_stop_swap/main.o
 *fill*         0x00000000000005a6        0x2 
 .text.handle_function
                0x00000000000005a8       0xa0 Output/nrf52832_xxaa/Obj/init_stop_swap/main.o
                0x00000000000005a8                handle_function
 .text.main     0x0000000000000648      0x174 Output/nrf52832_xxaa/Obj/init_stop_swap/main.o
                0x0000000000000648                main
 .text.ss_resp_run
                0x00000000000007bc      0x1ac Output/nrf52832_xxaa/Obj/init_stop_swap/resp_main.o
                0x00000000000007bc                ss_resp_run
 .text.get_rx_timestamp_u64
                0x0000000000000968       0x6e Output/nrf52832_xxaa/Obj/init_stop_swap/resp_main.o
 .text.resp_msg_set_ts
                0x00000000000009d6       0x54 Output/nrf52832_xxaa/Obj/init_stop_swap/resp_main.o
 *fill*         0x0000000000000a2a        0x2 
 .text.dwt_initialise
                0x0000000000000a2c      0x184 Output/nrf52832_xxaa/Obj/init_stop_swap/deca_device.o
                0x0000000000000a2c                dwt_initialise
 .text.dwt_readdevid
                0x0000000000000bb0       0x10 Output/nrf52832_xxaa/Obj/init_stop_swap/deca_device.o
                0x0000000000000bb0                dwt_readdevid
 .text.dwt_configure
                0x0000000000000bc0      0x304 Output/nrf52832_xxaa/Obj/init_stop_swap/deca_device.o
                0x0000000000000bc0                dwt_configure
 .text.dwt_setrxantennadelay
                0x0000000000000ec4       0x22 Output/nrf52832_xxaa/Obj/init_stop_swap/deca_device.o
                0x0000000000000ec4                dwt_setrxantennadelay
 .text.dwt_settxantennadelay
                0x0000000000000ee6       0x20 Output/nrf52832_xxaa/Obj/init_stop_swap/deca_device.o
                0x0000000000000ee6                dwt_settxantennadelay
 .text.dwt_writetxdata
                0x0000000000000f06       0x46 Output/nrf52832_xxaa/Obj/init_stop_swap/deca_device.o
                0x0000000000000f06                dwt_writetxdata
 .text.dwt_writetxfctrl
                0x0000000000000f4c       0x44 Output/nrf52832_xxaa/Obj/init_stop_swap/deca_device.o
                0x0000000000000f4c                dwt_writetxfctrl
 .text.dwt_readrxdata
                0x0000000000000f90       0x2a Output/nrf52832_xxaa/Obj/init_stop_swap/deca_device.o
                0x0000000000000f90                dwt_readrxdata
 .text.dwt_readcarrierintegrator
                0x0000000000000fba       0x60 Output/nrf52832_xxaa/Obj/init_stop_swap/deca_device.o
                0x0000000000000fba                dwt_readcarrierintegrator
 .text.dwt_readtxtimestamplo32
                0x000000000000101a       0x10 Output/nrf52832_xxaa/Obj/init_stop_swap/deca_device.o
                0x000000000000101a                dwt_readtxtimestamplo32
 .text.dwt_readrxtimestamp
                0x000000000000102a       0x1a Output/nrf52832_xxaa/Obj/init_stop_swap/deca_device.o
                0x000000000000102a                dwt_readrxtimestamp
 .text.dwt_readrxtimestamplo32
                0x0000000000001044       0x10 Output/nrf52832_xxaa/Obj/init_stop_swap/deca_device.o
                0x0000000000001044                dwt_readrxtimestamplo32
 .text.dwt_writetodevice
                0x0000000000001054       0xbc Output/nrf52832_xxaa/Obj/init_stop_swap/deca_device.o
                0x0000000000001054                dwt_writetodevice
 .text.dwt_readfromdevice
                0x0000000000001110       0xb6 Output/nrf52832_xxaa/Obj/init_stop_swap/deca_device.o
                0x0000000000001110                dwt_readfromdevice
 .text.dwt_read32bitoffsetreg
                0x00000000000011c6       0x48 Output/nrf52832_xxaa/Obj/init_stop_swap/deca_device.o
                0x00000000000011c6                dwt_read32bitoffsetreg
 .text.dwt_read16bitoffsetreg
                0x000000000000120e       0x40 Output/nrf52832_xxaa/Obj/init_stop_swap/deca_device.o
                0x000000000000120e                dwt_read16bitoffsetreg
 .text.dwt_read8bitoffsetreg
                0x000000000000124e       0x26 Output/nrf52832_xxaa/Obj/init_stop_swap/deca_device.o
                0x000000000000124e                dwt_read8bitoffsetreg
 .text.dwt_write8bitoffsetreg
                0x0000000000001274       0x28 Output/nrf52832_xxaa/Obj/init_stop_swap/deca_device.o
                0x0000000000001274                dwt_write8bitoffsetreg
 .text.dwt_write16bitoffsetreg
                0x000000000000129c       0x3e Output/nrf52832_xxaa/Obj/init_stop_swap/deca_device.o
                0x000000000000129c                dwt_write16bitoffsetreg
 .text.dwt_write32bitoffsetreg
                0x00000000000012da       0x48 Output/nrf52832_xxaa/Obj/init_stop_swap/deca_device.o
                0x00000000000012da                dwt_write32bitoffsetreg
 .text._dwt_otpread
                0x0000000000001322       0x3c Output/nrf52832_xxaa/Obj/init_stop_swap/deca_device.o
                0x0000000000001322                _dwt_otpread
 .text._dwt_aonarrayupload
                0x000000000000135e       0x1a Output/nrf52832_xxaa/Obj/init_stop_swap/deca_device.o
                0x000000000000135e                _dwt_aonarrayupload
 .text._dwt_configlde
                0x0000000000001378       0x3e Output/nrf52832_xxaa/Obj/init_stop_swap/deca_device.o
                0x0000000000001378                _dwt_configlde
 .text._dwt_loaducodefromrom
                0x00000000000013b6       0x24 Output/nrf52832_xxaa/Obj/init_stop_swap/deca_device.o
                0x00000000000013b6                _dwt_loaducodefromrom
 .text.dwt_setrxaftertxdelay
                0x00000000000013da       0x36 Output/nrf52832_xxaa/Obj/init_stop_swap/deca_device.o
                0x00000000000013da                dwt_setrxaftertxdelay
 .text._dwt_enableclocks
                0x0000000000001410      0x158 Output/nrf52832_xxaa/Obj/init_stop_swap/deca_device.o
                0x0000000000001410                _dwt_enableclocks
 .text._dwt_disablesequencing
                0x0000000000001568       0x16 Output/nrf52832_xxaa/Obj/init_stop_swap/deca_device.o
                0x0000000000001568                _dwt_disablesequencing
 .text.dwt_setdelayedtrxtime
                0x000000000000157e       0x18 Output/nrf52832_xxaa/Obj/init_stop_swap/deca_device.o
                0x000000000000157e                dwt_setdelayedtrxtime
 *fill*         0x0000000000001596        0x2 
 .text.dwt_starttx
                0x0000000000001598       0xd4 Output/nrf52832_xxaa/Obj/init_stop_swap/deca_device.o
                0x0000000000001598                dwt_starttx
 .text.dwt_forcetrxoff
                0x000000000000166c       0x60 Output/nrf52832_xxaa/Obj/init_stop_swap/deca_device.o
                0x000000000000166c                dwt_forcetrxoff
 .text.dwt_syncrxbufptrs
                0x00000000000016cc       0x38 Output/nrf52832_xxaa/Obj/init_stop_swap/deca_device.o
                0x00000000000016cc                dwt_syncrxbufptrs
 .text.dwt_rxenable
                0x0000000000001704       0x8e Output/nrf52832_xxaa/Obj/init_stop_swap/deca_device.o
                0x0000000000001704                dwt_rxenable
 *fill*         0x0000000000001792        0x2 
 .text.dwt_setrxtimeout
                0x0000000000001794       0x90 Output/nrf52832_xxaa/Obj/init_stop_swap/deca_device.o
                0x0000000000001794                dwt_setrxtimeout
 .text.dwt_rxreset
                0x0000000000001824       0x1a Output/nrf52832_xxaa/Obj/init_stop_swap/deca_device.o
                0x0000000000001824                dwt_rxreset
 *fill*         0x000000000000183e        0x2 
 .text.dwt_softreset
                0x0000000000001840       0x48 Output/nrf52832_xxaa/Obj/init_stop_swap/deca_device.o
                0x0000000000001840                dwt_softreset
 .text.dwt_setxtaltrim
                0x0000000000001888       0x34 Output/nrf52832_xxaa/Obj/init_stop_swap/deca_device.o
                0x0000000000001888                dwt_setxtaltrim
 .text.nrf_gpio_pin_port_decode
                0x00000000000018bc        0xe Output/nrf52832_xxaa/Obj/init_stop_swap/port_platform.o
 .text.nrf_gpio_cfg
                0x00000000000018ca       0x62 Output/nrf52832_xxaa/Obj/init_stop_swap/port_platform.o
 .text.nrf_gpio_cfg_output
                0x000000000000192c       0x22 Output/nrf52832_xxaa/Obj/init_stop_swap/port_platform.o
 .text.nrf_gpio_cfg_input
                0x000000000000194e       0x2a Output/nrf52832_xxaa/Obj/init_stop_swap/port_platform.o
 .text.nrf_gpio_pin_clear
                0x0000000000001978       0x28 Output/nrf52832_xxaa/Obj/init_stop_swap/port_platform.o
 .text.nrf_gpio_port_out_clear
                0x00000000000019a0       0x14 Output/nrf52832_xxaa/Obj/init_stop_swap/port_platform.o
 .text.nrf_delay_us
                0x00000000000019b4       0xa0 Output/nrf52832_xxaa/Obj/init_stop_swap/port_platform.o
 .text.nrf_delay_ms
                0x0000000000001a54       0x1e Output/nrf52832_xxaa/Obj/init_stop_swap/port_platform.o
 *fill*         0x0000000000001a72        0x2 
 .text.spi_event_handler
                0x0000000000001a74       0x18 Output/nrf52832_xxaa/Obj/init_stop_swap/port_platform.o
                0x0000000000001a74                spi_event_handler
 .text.readfromspi
                0x0000000000001a8c      0x144 Output/nrf52832_xxaa/Obj/init_stop_swap/port_platform.o
                0x0000000000001a8c                readfromspi
 .text.writetospi
                0x0000000000001bd0      0x130 Output/nrf52832_xxaa/Obj/init_stop_swap/port_platform.o
                0x0000000000001bd0                writetospi
 .text.reset_DW1000
                0x0000000000001d00       0x26 Output/nrf52832_xxaa/Obj/init_stop_swap/port_platform.o
                0x0000000000001d00                reset_DW1000
 *fill*         0x0000000000001d26        0x2 
 .text.port_set_dw1000_slowrate
                0x0000000000001d28       0x48 Output/nrf52832_xxaa/Obj/init_stop_swap/port_platform.o
                0x0000000000001d28                port_set_dw1000_slowrate
 .text.port_set_dw1000_fastrate
                0x0000000000001d70       0x4c Output/nrf52832_xxaa/Obj/init_stop_swap/port_platform.o
                0x0000000000001d70                port_set_dw1000_fastrate
 .text.deca_sleep
                0x0000000000001dbc       0x14 Output/nrf52832_xxaa/Obj/init_stop_swap/port_platform.o
                0x0000000000001dbc                deca_sleep
 .text.decamutexon
                0x0000000000001dd0        0x6 Output/nrf52832_xxaa/Obj/init_stop_swap/port_platform.o
                0x0000000000001dd0                decamutexon
 .text.decamutexoff
                0x0000000000001dd6        0xa Output/nrf52832_xxaa/Obj/init_stop_swap/port_platform.o
                0x0000000000001dd6                decamutexoff
 .text.__NVIC_SystemReset
                0x0000000000001de0       0x28 Output/nrf52832_xxaa/Obj/init_stop_swap/system_nrf52.o
 .text.SystemCoreClockUpdate
                0x0000000000001e08       0x14 Output/nrf52832_xxaa/Obj/init_stop_swap/system_nrf52.o
                0x0000000000001e08                SystemCoreClockUpdate
 .text.SystemInit
                0x0000000000001e1c      0x2c0 Output/nrf52832_xxaa/Obj/init_stop_swap/system_nrf52.o
                0x0000000000001e1c                SystemInit
 .text.errata_12
                0x00000000000020dc       0x58 Output/nrf52832_xxaa/Obj/init_stop_swap/system_nrf52.o
 .text.errata_16
                0x0000000000002134       0x38 Output/nrf52832_xxaa/Obj/init_stop_swap/system_nrf52.o
 .text.errata_31
                0x000000000000216c       0x58 Output/nrf52832_xxaa/Obj/init_stop_swap/system_nrf52.o
 .text.errata_32
                0x00000000000021c4       0x38 Output/nrf52832_xxaa/Obj/init_stop_swap/system_nrf52.o
 .text.errata_36
                0x00000000000021fc       0x58 Output/nrf52832_xxaa/Obj/init_stop_swap/system_nrf52.o
 .text.errata_37
                0x0000000000002254       0x38 Output/nrf52832_xxaa/Obj/init_stop_swap/system_nrf52.o
 .text.errata_57
                0x000000000000228c       0x38 Output/nrf52832_xxaa/Obj/init_stop_swap/system_nrf52.o
 .text.errata_66
                0x00000000000022c4       0x38 Output/nrf52832_xxaa/Obj/init_stop_swap/system_nrf52.o
 .text.errata_108
                0x00000000000022fc       0x58 Output/nrf52832_xxaa/Obj/init_stop_swap/system_nrf52.o
 .text.errata_136
                0x0000000000002354       0x58 Output/nrf52832_xxaa/Obj/init_stop_swap/system_nrf52.o
 .text.__aeabi_read_tp
                0x00000000000023ac        0x8 Output/nrf52832_xxaa/Obj/init_stop_swap/thumb_crt0.o
                0x00000000000023ac                __aeabi_read_tp
 .text.__printf_lock
                0x00000000000023b4        0x2 Output/nrf52832_xxaa/Obj/init_stop_swap/thumb_crt0.o
                0x00000000000023b4                __printf_lock
 .text.__printf_unlock
                0x00000000000023b6        0x2 Output/nrf52832_xxaa/Obj/init_stop_swap/thumb_crt0.o
                0x00000000000023b6                __printf_unlock
 .text.boUART_Init
                0x00000000000023b8       0x48 Output/nrf52832_xxaa/Obj/init_stop_swap/UART.o
                0x00000000000023b8                boUART_Init
 .text.boUART_getc
                0x0000000000002400       0x2a Output/nrf52832_xxaa/Obj/init_stop_swap/UART.o
                0x0000000000002400                boUART_getc
 .text.vUartErrorHandle
                0x000000000000242a       0x34 Output/nrf52832_xxaa/Obj/init_stop_swap/UART.o
 .text.vHandleUartInternalErrors
                0x000000000000245e        0xa Output/nrf52832_xxaa/Obj/init_stop_swap/UART.o
 .text.nrf_clock_int_disable
                0x0000000000002468       0x14 Output/nrf52832_xxaa/Obj/init_stop_swap/nrf_drv_clock.o
 .text.nrf_clock_event_clear
                0x000000000000247c       0x28 Output/nrf52832_xxaa/Obj/init_stop_swap/nrf_drv_clock.o
 .text.nrf_clock_event_check
                0x00000000000024a4       0x22 Output/nrf52832_xxaa/Obj/init_stop_swap/nrf_drv_clock.o
 .text.item_dequeue
                0x00000000000024c6       0x20 Output/nrf52832_xxaa/Obj/init_stop_swap/nrf_drv_clock.o
 *fill*         0x00000000000024e6        0x2 
 .text.clock_clk_started_notify
                0x00000000000024e8       0x4c Output/nrf52832_xxaa/Obj/init_stop_swap/nrf_drv_clock.o
 .text.POWER_CLOCK_IRQHandler
                0x0000000000002534       0x5c Output/nrf52832_xxaa/Obj/init_stop_swap/nrf_drv_clock.o
                0x0000000000002534                POWER_CLOCK_IRQHandler
 .text.__NVIC_EnableIRQ
                0x0000000000002590       0x34 Output/nrf52832_xxaa/Obj/init_stop_swap/nrf_drv_common.o
 .text.__NVIC_ClearPendingIRQ
                0x00000000000025c4       0x38 Output/nrf52832_xxaa/Obj/init_stop_swap/nrf_drv_common.o
 .text.__NVIC_SetPriority
                0x00000000000025fc       0x50 Output/nrf52832_xxaa/Obj/init_stop_swap/nrf_drv_common.o
 .text.nrf_drv_common_irq_enable
                0x000000000000264c       0x3e Output/nrf52832_xxaa/Obj/init_stop_swap/nrf_drv_common.o
                0x000000000000264c                nrf_drv_common_irq_enable
 .text.nrf_gpiote_event_is_set
                0x000000000000268a       0x2a Output/nrf52832_xxaa/Obj/init_stop_swap/nrf_drv_gpiote.o
 .text.nrf_gpiote_event_clear
                0x00000000000026b4       0x36 Output/nrf52832_xxaa/Obj/init_stop_swap/nrf_drv_gpiote.o
 .text.nrf_gpiote_event_addr_get
                0x00000000000026ea       0x1a Output/nrf52832_xxaa/Obj/init_stop_swap/nrf_drv_gpiote.o
 .text.nrf_gpiote_int_is_enabled
                0x0000000000002704       0x18 Output/nrf52832_xxaa/Obj/init_stop_swap/nrf_drv_gpiote.o
 .text.nrf_gpiote_event_pin_get
                0x000000000000271c       0x20 Output/nrf52832_xxaa/Obj/init_stop_swap/nrf_drv_gpiote.o
 .text.nrf_gpiote_event_polarity_get
                0x000000000000273c       0x24 Output/nrf52832_xxaa/Obj/init_stop_swap/nrf_drv_gpiote.o
 .text.nrf_gpio_pin_port_decode
                0x0000000000002760        0xe Output/nrf52832_xxaa/Obj/init_stop_swap/nrf_drv_gpiote.o
 .text.nrf_gpio_cfg_sense_set
                0x000000000000276e       0x5c Output/nrf52832_xxaa/Obj/init_stop_swap/nrf_drv_gpiote.o
 .text.nrf_gpio_pin_sense_get
                0x00000000000027ca       0x2c Output/nrf52832_xxaa/Obj/init_stop_swap/nrf_drv_gpiote.o
 .text.nrf_gpio_port_in_read
                0x00000000000027f6       0x10 Output/nrf52832_xxaa/Obj/init_stop_swap/nrf_drv_gpiote.o
 .text.nrf_gpio_ports_read
                0x0000000000002806       0x50 Output/nrf52832_xxaa/Obj/init_stop_swap/nrf_drv_gpiote.o
 .text.nrf_bitmask_bit_is_set
                0x0000000000002856       0x30 Output/nrf52832_xxaa/Obj/init_stop_swap/nrf_drv_gpiote.o
 .text.nrf_bitmask_bit_set
                0x0000000000002886       0x40 Output/nrf52832_xxaa/Obj/init_stop_swap/nrf_drv_gpiote.o
 *fill*         0x00000000000028c6        0x2 
 .text.channel_port_get
                0x00000000000028c8       0x1c Output/nrf52832_xxaa/Obj/init_stop_swap/nrf_drv_gpiote.o
 .text.channel_handler_get
                0x00000000000028e4       0x18 Output/nrf52832_xxaa/Obj/init_stop_swap/nrf_drv_gpiote.o
 .text.GPIOTE_IRQHandler
                0x00000000000028fc      0x2e0 Output/nrf52832_xxaa/Obj/init_stop_swap/nrf_drv_gpiote.o
                0x00000000000028fc                GPIOTE_IRQHandler
 .text.__NVIC_DisableIRQ
                0x0000000000002bdc       0x44 Output/nrf52832_xxaa/Obj/init_stop_swap/nrf_drv_spi.o
 .text.nrf_spi_event_clear
                0x0000000000002c20       0x2a Output/nrf52832_xxaa/Obj/init_stop_swap/nrf_drv_spi.o
 .text.nrf_spi_event_check
                0x0000000000002c4a       0x24 Output/nrf52832_xxaa/Obj/init_stop_swap/nrf_drv_spi.o
 .text.nrf_spi_int_enable
                0x0000000000002c6e       0x14 Output/nrf52832_xxaa/Obj/init_stop_swap/nrf_drv_spi.o
 .text.nrf_spi_int_disable
                0x0000000000002c82       0x14 Output/nrf52832_xxaa/Obj/init_stop_swap/nrf_drv_spi.o
 .text.nrf_spi_enable
                0x0000000000002c96       0x12 Output/nrf52832_xxaa/Obj/init_stop_swap/nrf_drv_spi.o
 .text.nrf_spi_disable
                0x0000000000002ca8       0x12 Output/nrf52832_xxaa/Obj/init_stop_swap/nrf_drv_spi.o
 .text.nrf_spi_pins_set
                0x0000000000002cba       0x28 Output/nrf52832_xxaa/Obj/init_stop_swap/nrf_drv_spi.o
 .text.nrf_spi_txd_set
                0x0000000000002ce2       0x1a Output/nrf52832_xxaa/Obj/init_stop_swap/nrf_drv_spi.o
 .text.nrf_spi_rxd_get
                0x0000000000002cfc       0x12 Output/nrf52832_xxaa/Obj/init_stop_swap/nrf_drv_spi.o
 .text.nrf_spi_frequency_set
                0x0000000000002d0e       0x14 Output/nrf52832_xxaa/Obj/init_stop_swap/nrf_drv_spi.o
 .text.nrf_spi_configure
                0x0000000000002d22       0x64 Output/nrf52832_xxaa/Obj/init_stop_swap/nrf_drv_spi.o
 .text.nrf_drv_common_irq_disable
                0x0000000000002d86       0x1c Output/nrf52832_xxaa/Obj/init_stop_swap/nrf_drv_spi.o
 .text.nrf_gpio_pin_port_decode
                0x0000000000002da2        0xe Output/nrf52832_xxaa/Obj/init_stop_swap/nrf_drv_spi.o
 .text.nrf_gpio_cfg
                0x0000000000002db0       0x62 Output/nrf52832_xxaa/Obj/init_stop_swap/nrf_drv_spi.o
 .text.nrf_gpio_cfg_output
                0x0000000000002e12       0x22 Output/nrf52832_xxaa/Obj/init_stop_swap/nrf_drv_spi.o
 .text.nrf_gpio_cfg_input
                0x0000000000002e34       0x2a Output/nrf52832_xxaa/Obj/init_stop_swap/nrf_drv_spi.o
 .text.nrf_gpio_pin_set
                0x0000000000002e5e       0x28 Output/nrf52832_xxaa/Obj/init_stop_swap/nrf_drv_spi.o
 .text.nrf_gpio_pin_clear
                0x0000000000002e86       0x28 Output/nrf52832_xxaa/Obj/init_stop_swap/nrf_drv_spi.o
 .text.nrf_gpio_port_out_set
                0x0000000000002eae       0x14 Output/nrf52832_xxaa/Obj/init_stop_swap/nrf_drv_spi.o
 .text.nrf_gpio_port_out_clear
                0x0000000000002ec2       0x14 Output/nrf52832_xxaa/Obj/init_stop_swap/nrf_drv_spi.o
 *fill*         0x0000000000002ed6        0x2 
 .text.nrf_drv_spi_init
                0x0000000000002ed8      0x188 Output/nrf52832_xxaa/Obj/init_stop_swap/nrf_drv_spi.o
                0x0000000000002ed8                nrf_drv_spi_init
 .text.nrf_drv_spi_uninit
                0x0000000000003060       0x60 Output/nrf52832_xxaa/Obj/init_stop_swap/nrf_drv_spi.o
                0x0000000000003060                nrf_drv_spi_uninit
 .text.nrf_drv_spi_transfer
                0x00000000000030c0       0x3e Output/nrf52832_xxaa/Obj/init_stop_swap/nrf_drv_spi.o
                0x00000000000030c0                nrf_drv_spi_transfer
 .text.finish_transfer
                0x00000000000030fe       0x3e Output/nrf52832_xxaa/Obj/init_stop_swap/nrf_drv_spi.o
 .text.transfer_byte
                0x000000000000313c      0x108 Output/nrf52832_xxaa/Obj/init_stop_swap/nrf_drv_spi.o
 .text.spi_xfer
                0x0000000000003244       0xca Output/nrf52832_xxaa/Obj/init_stop_swap/nrf_drv_spi.o
 *fill*         0x000000000000330e        0x2 
 .text.nrf_drv_spi_xfer
                0x0000000000003310       0xc4 Output/nrf52832_xxaa/Obj/init_stop_swap/nrf_drv_spi.o
                0x0000000000003310                nrf_drv_spi_xfer
 .text.irq_handler_spi
                0x00000000000033d4       0x34 Output/nrf52832_xxaa/Obj/init_stop_swap/nrf_drv_spi.o
 .text.SPIM1_SPIS1_TWIM1_TWIS1_SPI1_TWI1_IRQHandler
                0x0000000000003408       0x20 Output/nrf52832_xxaa/Obj/init_stop_swap/nrf_drv_spi.o
                0x0000000000003408                SPIM1_SPIS1_TWIM1_TWIS1_SPI1_TWI1_IRQHandler
 .text.nrf_uart_event_clear
                0x0000000000003428       0x2a Output/nrf52832_xxaa/Obj/init_stop_swap/nrf_drv_uart.o
 .text.nrf_uart_event_check
                0x0000000000003452       0x24 Output/nrf52832_xxaa/Obj/init_stop_swap/nrf_drv_uart.o
 .text.nrf_uart_int_enable
                0x0000000000003476       0x14 Output/nrf52832_xxaa/Obj/init_stop_swap/nrf_drv_uart.o
 .text.nrf_uart_int_enable_check
                0x000000000000348a       0x20 Output/nrf52832_xxaa/Obj/init_stop_swap/nrf_drv_uart.o
 .text.nrf_uart_int_disable
                0x00000000000034aa       0x14 Output/nrf52832_xxaa/Obj/init_stop_swap/nrf_drv_uart.o
 .text.nrf_uart_errorsrc_get_and_clear
                0x00000000000034be       0x1c Output/nrf52832_xxaa/Obj/init_stop_swap/nrf_drv_uart.o
 .text.nrf_uart_enable
                0x00000000000034da       0x12 Output/nrf52832_xxaa/Obj/init_stop_swap/nrf_drv_uart.o
 .text.nrf_uart_txrx_pins_set
                0x00000000000034ec       0x1e Output/nrf52832_xxaa/Obj/init_stop_swap/nrf_drv_uart.o
 .text.nrf_uart_hwfc_pins_set
                0x000000000000350a       0x1e Output/nrf52832_xxaa/Obj/init_stop_swap/nrf_drv_uart.o
 .text.nrf_uart_rxd_get
                0x0000000000003528       0x12 Output/nrf52832_xxaa/Obj/init_stop_swap/nrf_drv_uart.o
 .text.nrf_uart_txd_set
                0x000000000000353a       0x1a Output/nrf52832_xxaa/Obj/init_stop_swap/nrf_drv_uart.o
 .text.nrf_uart_task_trigger
                0x0000000000003554       0x1c Output/nrf52832_xxaa/Obj/init_stop_swap/nrf_drv_uart.o
 .text.nrf_uart_configure
                0x0000000000003570       0x2a Output/nrf52832_xxaa/Obj/init_stop_swap/nrf_drv_uart.o
 .text.nrf_uart_baudrate_set
                0x000000000000359a       0x14 Output/nrf52832_xxaa/Obj/init_stop_swap/nrf_drv_uart.o
 .text.nrf_uarte_event_clear
                0x00000000000035ae       0x2a Output/nrf52832_xxaa/Obj/init_stop_swap/nrf_drv_uart.o
 .text.nrf_uarte_event_check
                0x00000000000035d8       0x24 Output/nrf52832_xxaa/Obj/init_stop_swap/nrf_drv_uart.o
 .text.nrf_uarte_shorts_enable
                0x00000000000035fc       0x1c Output/nrf52832_xxaa/Obj/init_stop_swap/nrf_drv_uart.o
 .text.nrf_uarte_shorts_disable
                0x0000000000003618       0x1e Output/nrf52832_xxaa/Obj/init_stop_swap/nrf_drv_uart.o
 .text.nrf_uarte_int_enable
                0x0000000000003636       0x14 Output/nrf52832_xxaa/Obj/init_stop_swap/nrf_drv_uart.o
 .text.nrf_uarte_int_disable
                0x000000000000364a       0x14 Output/nrf52832_xxaa/Obj/init_stop_swap/nrf_drv_uart.o
 .text.nrf_uarte_errorsrc_get_and_clear
                0x000000000000365e       0x1c Output/nrf52832_xxaa/Obj/init_stop_swap/nrf_drv_uart.o
 .text.nrf_uarte_enable
                0x000000000000367a       0x12 Output/nrf52832_xxaa/Obj/init_stop_swap/nrf_drv_uart.o
 .text.nrf_uarte_txrx_pins_set
                0x000000000000368c       0x1e Output/nrf52832_xxaa/Obj/init_stop_swap/nrf_drv_uart.o
 .text.nrf_uarte_hwfc_pins_set
                0x00000000000036aa       0x1e Output/nrf52832_xxaa/Obj/init_stop_swap/nrf_drv_uart.o
 .text.nrf_uarte_task_trigger
                0x00000000000036c8       0x1c Output/nrf52832_xxaa/Obj/init_stop_swap/nrf_drv_uart.o
 .text.nrf_uarte_configure
                0x00000000000036e4       0x2a Output/nrf52832_xxaa/Obj/init_stop_swap/nrf_drv_uart.o
 .text.nrf_uarte_baudrate_set
                0x000000000000370e       0x14 Output/nrf52832_xxaa/Obj/init_stop_swap/nrf_drv_uart.o
 .text.nrf_uarte_tx_buffer_set
                0x0000000000003722       0x24 Output/nrf52832_xxaa/Obj/init_stop_swap/nrf_drv_uart.o
 .text.nrf_uarte_tx_amount_get
                0x0000000000003746       0x10 Output/nrf52832_xxaa/Obj/init_stop_swap/nrf_drv_uart.o
 .text.nrf_uarte_rx_buffer_set
                0x0000000000003756       0x24 Output/nrf52832_xxaa/Obj/init_stop_swap/nrf_drv_uart.o
 .text.nrf_uarte_rx_amount_get
                0x000000000000377a       0x10 Output/nrf52832_xxaa/Obj/init_stop_swap/nrf_drv_uart.o
 .text.nrf_drv_get_IRQn
                0x000000000000378a       0x16 Output/nrf52832_xxaa/Obj/init_stop_swap/nrf_drv_uart.o
 .text.nrf_drv_is_in_RAM
                0x00000000000037a0       0x1c Output/nrf52832_xxaa/Obj/init_stop_swap/nrf_drv_uart.o
 .text.nrf_gpio_pin_port_decode
                0x00000000000037bc        0xe Output/nrf52832_xxaa/Obj/init_stop_swap/nrf_drv_uart.o
 .text.nrf_gpio_cfg
                0x00000000000037ca       0x62 Output/nrf52832_xxaa/Obj/init_stop_swap/nrf_drv_uart.o
 .text.nrf_gpio_cfg_output
                0x000000000000382c       0x22 Output/nrf52832_xxaa/Obj/init_stop_swap/nrf_drv_uart.o
 .text.nrf_gpio_cfg_input
                0x000000000000384e       0x2a Output/nrf52832_xxaa/Obj/init_stop_swap/nrf_drv_uart.o
 .text.nrf_gpio_pin_set
                0x0000000000003878       0x28 Output/nrf52832_xxaa/Obj/init_stop_swap/nrf_drv_uart.o
 .text.nrf_gpio_port_out_set
                0x00000000000038a0       0x14 Output/nrf52832_xxaa/Obj/init_stop_swap/nrf_drv_uart.o
 .text.apply_config
                0x00000000000038b4      0x160 Output/nrf52832_xxaa/Obj/init_stop_swap/nrf_drv_uart.o
 .text.interrupts_enable
                0x0000000000003a14       0xd4 Output/nrf52832_xxaa/Obj/init_stop_swap/nrf_drv_uart.o
 .text.uart_enable
                0x0000000000003ae8       0x3c Output/nrf52832_xxaa/Obj/init_stop_swap/nrf_drv_uart.o
 .text.nrf_drv_uart_init
                0x0000000000003b24       0x90 Output/nrf52832_xxaa/Obj/init_stop_swap/nrf_drv_uart.o
                0x0000000000003b24                nrf_drv_uart_init
 .text.tx_byte  0x0000000000003bb4       0x46 Output/nrf52832_xxaa/Obj/init_stop_swap/nrf_drv_uart.o
 *fill*         0x0000000000003bfa        0x2 
 .text.nrf_drv_uart_tx_for_uart
                0x0000000000003bfc       0xe4 Output/nrf52832_xxaa/Obj/init_stop_swap/nrf_drv_uart.o
 .text.nrf_drv_uart_tx_for_uarte
                0x0000000000003ce0       0xbc Output/nrf52832_xxaa/Obj/init_stop_swap/nrf_drv_uart.o
 .text.nrf_drv_uart_tx
                0x0000000000003d9c       0xa0 Output/nrf52832_xxaa/Obj/init_stop_swap/nrf_drv_uart.o
                0x0000000000003d9c                nrf_drv_uart_tx
 .text.nrf_drv_uart_tx_in_progress
                0x0000000000003e3c       0x28 Output/nrf52832_xxaa/Obj/init_stop_swap/nrf_drv_uart.o
                0x0000000000003e3c                nrf_drv_uart_tx_in_progress
 .text.rx_enable
                0x0000000000003e64       0x36 Output/nrf52832_xxaa/Obj/init_stop_swap/nrf_drv_uart.o
 .text.rx_byte  0x0000000000003e9a       0x54 Output/nrf52832_xxaa/Obj/init_stop_swap/nrf_drv_uart.o
 *fill*         0x0000000000003eee        0x2 
 .text.nrf_drv_uart_rx_for_uart
                0x0000000000003ef0      0x158 Output/nrf52832_xxaa/Obj/init_stop_swap/nrf_drv_uart.o
 .text.nrf_drv_uart_rx_for_uarte
                0x0000000000004048      0x130 Output/nrf52832_xxaa/Obj/init_stop_swap/nrf_drv_uart.o
 .text.nrf_drv_uart_rx
                0x0000000000004178      0x158 Output/nrf52832_xxaa/Obj/init_stop_swap/nrf_drv_uart.o
                0x0000000000004178                nrf_drv_uart_rx
 .text.nrf_drv_uart_rx_enable
                0x00000000000042d0       0x54 Output/nrf52832_xxaa/Obj/init_stop_swap/nrf_drv_uart.o
                0x00000000000042d0                nrf_drv_uart_rx_enable
 .text.rx_done_event
                0x0000000000004324       0x36 Output/nrf52832_xxaa/Obj/init_stop_swap/nrf_drv_uart.o
 .text.tx_done_event
                0x000000000000435a       0x3c Output/nrf52832_xxaa/Obj/init_stop_swap/nrf_drv_uart.o
 .text.uart_irq_handler
                0x0000000000004396      0x1d4 Output/nrf52832_xxaa/Obj/init_stop_swap/nrf_drv_uart.o
 .text.uarte_irq_handler
                0x000000000000456a      0x160 Output/nrf52832_xxaa/Obj/init_stop_swap/nrf_drv_uart.o
 *fill*         0x00000000000046ca        0x2 
 .text.UARTE0_UART0_IRQHandler
                0x00000000000046cc       0x28 Output/nrf52832_xxaa/Obj/init_stop_swap/nrf_drv_uart.o
                0x00000000000046cc                UARTE0_UART0_IRQHandler
 .text.app_error_handler_bare
                0x00000000000046f4       0x2a Output/nrf52832_xxaa/Obj/init_stop_swap/app_error.o
                0x00000000000046f4                app_error_handler_bare
 *fill*         0x000000000000471e        0x2 
 .text.__NVIC_SystemReset
                0x0000000000004720       0x28 Output/nrf52832_xxaa/Obj/init_stop_swap/app_error_weak.o
 .text.app_error_fault_handler
                0x0000000000004748       0x20 Output/nrf52832_xxaa/Obj/init_stop_swap/app_error_weak.o
                0x0000000000004748                app_error_fault_handler
 .text.fifo_length
                0x0000000000004768       0x18 Output/nrf52832_xxaa/Obj/init_stop_swap/app_fifo.o
 .text.fifo_put
                0x0000000000004780       0x30 Output/nrf52832_xxaa/Obj/init_stop_swap/app_fifo.o
 .text.fifo_peek
                0x00000000000047b0       0x2e Output/nrf52832_xxaa/Obj/init_stop_swap/app_fifo.o
 .text.fifo_get
                0x00000000000047de       0x24 Output/nrf52832_xxaa/Obj/init_stop_swap/app_fifo.o
 .text.app_fifo_init
                0x0000000000004802       0x58 Output/nrf52832_xxaa/Obj/init_stop_swap/app_fifo.o
                0x0000000000004802                app_fifo_init
 .text.app_fifo_put
                0x000000000000485a       0x36 Output/nrf52832_xxaa/Obj/init_stop_swap/app_fifo.o
                0x000000000000485a                app_fifo_put
 .text.app_fifo_get
                0x0000000000004890       0x2a Output/nrf52832_xxaa/Obj/init_stop_swap/app_fifo.o
                0x0000000000004890                app_fifo_get
 .text.fifo_length
                0x00000000000048ba       0x18 Output/nrf52832_xxaa/Obj/init_stop_swap/app_uart_fifo.o
 *fill*         0x00000000000048d2        0x2 
 .text.uart_event_handler
                0x00000000000048d4       0xfc Output/nrf52832_xxaa/Obj/init_stop_swap/app_uart_fifo.o
 .text.app_uart_init
                0x00000000000049d0      0x128 Output/nrf52832_xxaa/Obj/init_stop_swap/app_uart_fifo.o
                0x00000000000049d0                app_uart_init
 .text.app_uart_get
                0x0000000000004af8       0x5c Output/nrf52832_xxaa/Obj/init_stop_swap/app_uart_fifo.o
                0x0000000000004af8                app_uart_get
 .text.app_uart_put
                0x0000000000004b54       0x60 Output/nrf52832_xxaa/Obj/init_stop_swap/app_uart_fifo.o
                0x0000000000004b54                app_uart_put
 .text.__putchar
                0x0000000000004bb4       0x1c Output/nrf52832_xxaa/Obj/init_stop_swap/retarget.o
                0x0000000000004bb4                __putchar
 .text.__aeabi_dmul
                0x0000000000004bd0      0x138 Q:/Program Files/SEGGER/SEGGER Embedded Studio for ARM 5.42/lib/libm_v7em_fpv4_sp_d16_hard_t_le_eabi.a(libm_asm.o)
                0x0000000000004bd0                __aeabi_dmul
 .text.__aeabi_i2d
                0x0000000000004d08       0x28 Q:/Program Files/SEGGER/SEGGER Embedded Studio for ARM 5.42/lib/libm_v7em_fpv4_sp_d16_hard_t_le_eabi.a(libm_asm.o)
                0x0000000000004d08                __aeabi_i2d
 .text.__aeabi_f2d
                0x0000000000004d30       0x34 Q:/Program Files/SEGGER/SEGGER Embedded Studio for ARM 5.42/lib/libm_v7em_fpv4_sp_d16_hard_t_le_eabi.a(libm_asm.o)
                0x0000000000004d30                __aeabi_f2d
 .text.__aeabi_d2f
                0x0000000000004d64       0x54 Q:/Program Files/SEGGER/SEGGER Embedded Studio for ARM 5.42/lib/libm_v7em_fpv4_sp_d16_hard_t_le_eabi.a(libm_asm.o)
                0x0000000000004d64                __aeabi_d2f
 .text.__float32_isinf
                0x0000000000004db8       0x14 Q:/Program Files/SEGGER/SEGGER Embedded Studio for ARM 5.42/lib/libm_v7em_fpv4_sp_d16_hard_t_le_eabi.a(libm_asm.o)
                0x0000000000004db8                __float32_isinf
 .text.__float32_isnan
                0x0000000000004dcc       0x14 Q:/Program Files/SEGGER/SEGGER Embedded Studio for ARM 5.42/lib/libm_v7em_fpv4_sp_d16_hard_t_le_eabi.a(libm_asm.o)
                0x0000000000004dcc                __float32_isnan
 .text.__float32_signbit
                0x0000000000004de0        0xc Q:/Program Files/SEGGER/SEGGER Embedded Studio for ARM 5.42/lib/libm_v7em_fpv4_sp_d16_hard_t_le_eabi.a(libm_asm.o)
                0x0000000000004de0                __float32_signbit
 .text.fabsf    0x0000000000004dec        0x8 Q:/Program Files/SEGGER/SEGGER Embedded Studio for ARM 5.42/lib/libm_v7em_fpv4_sp_d16_hard_t_le_eabi.a(libm_asm.o)
                0x0000000000004dec                fabsf
                0x0000000000004dec                fabs(float)
 .text.floorf   0x0000000000004df4       0x70 Q:/Program Files/SEGGER/SEGGER Embedded Studio for ARM 5.42/lib/libm_v7em_fpv4_sp_d16_hard_t_le_eabi.a(libm_asm.o)
                0x0000000000004df4                floorf
                0x0000000000004df4                floor(float)
 .text.frexpf   0x0000000000004e64       0x3c Q:/Program Files/SEGGER/SEGGER Embedded Studio for ARM 5.42/lib/libm_v7em_fpv4_sp_d16_hard_t_le_eabi.a(libm_asm.o)
                0x0000000000004e64                frexpf
                0x0000000000004e64                frexp(float, int*)
 .text.ldexpf   0x0000000000004ea0       0x48 Q:/Program Files/SEGGER/SEGGER Embedded Studio for ARM 5.42/lib/libm_v7em_fpv4_sp_d16_hard_t_le_eabi.a(libm_asm.o)
                0x0000000000004ea0                ldexp(float, int)
                0x0000000000004ea0                ldexpf
 .text.libc.__RAL_pow10f
                0x0000000000004ee8       0x44 Q:/Program Files/SEGGER/SEGGER Embedded Studio for ARM 5.42/lib/libc_v7em_fpv4_sp_d16_hard_t_le_eabi.a(libc2.o)
                0x0000000000004ee8                __RAL_pow10f
 .text.libc.__putc
                0x0000000000004f2c       0x36 Q:/Program Files/SEGGER/SEGGER Embedded Studio for ARM 5.42/lib/libc_v7em_fpv4_sp_d16_hard_t_le_eabi.a(libc2.o)
                0x0000000000004f2c                __putc
 .text.libc.__RAL_print_padding
                0x0000000000004f62       0x1c Q:/Program Files/SEGGER/SEGGER Embedded Studio for ARM 5.42/lib/libc_v7em_fpv4_sp_d16_hard_t_le_eabi.a(libc2.o)
                0x0000000000004f62                __RAL_print_padding
 .text.libc.__RAL_pre_padding
                0x0000000000004f7e       0x1a Q:/Program Files/SEGGER/SEGGER Embedded Studio for ARM 5.42/lib/libc_v7em_fpv4_sp_d16_hard_t_le_eabi.a(libc2.o)
                0x0000000000004f7e                __RAL_pre_padding
 .text.libc.abs
                0x0000000000004f98        0x8 Q:/Program Files/SEGGER/SEGGER Embedded Studio for ARM 5.42/lib/libc_v7em_fpv4_sp_d16_hard_t_le_eabi.a(libc2.o)
                0x0000000000004f98                abs
 .text.libc.__aeabi_errno_addr
                0x0000000000004fa0       0x14 Q:/Program Files/SEGGER/SEGGER Embedded Studio for ARM 5.42/lib/libc_v7em_fpv4_sp_d16_hard_t_le_eabi.a(libc2.o)
                0x0000000000004fa0                __aeabi_errno_addr
 .text.libc.memcmp
                0x0000000000004fb4       0x6e Q:/Program Files/SEGGER/SEGGER Embedded Studio for ARM 5.42/lib/libc_v7em_fpv4_sp_d16_hard_t_le_eabi.a(libc2.o)
                0x0000000000004fb4                memcmp
 *fill*         0x0000000000005022        0x2 
 .text.libc.printf
                0x0000000000005024       0x40 Q:/Program Files/SEGGER/SEGGER Embedded Studio for ARM 5.42/lib/libc_v7em_fpv4_sp_d16_hard_t_le_eabi.a(libc2.o)
                0x0000000000005024                printf
 .text.libc.strnlen
                0x0000000000005064       0x22 Q:/Program Files/SEGGER/SEGGER Embedded Studio for ARM 5.42/lib/libc_v7em_fpv4_sp_d16_hard_t_le_eabi.a(libc2.o)
                0x0000000000005064                strnlen
 .text.libc.memcpy
                0x0000000000005086       0x52 Q:/Program Files/SEGGER/SEGGER Embedded Studio for ARM 5.42/lib/libc_v7em_fpv4_sp_d16_hard_t_le_eabi.a(libc2_asm.o)
                0x0000000000005086                __aeabi_memcpy
                0x0000000000005086                memcpy
                0x0000000000005092                __aeabi_memcpy8
                0x0000000000005092                __aeabi_memcpy4
 .text.libc.memset
                0x00000000000050d8       0x66 Q:/Program Files/SEGGER/SEGGER Embedded Studio for ARM 5.42/lib/libc_v7em_fpv4_sp_d16_hard_t_le_eabi.a(libc2_asm.o)
                0x00000000000050d8                memset
 .text.libc.strcpy
                0x000000000000513e       0x44 Q:/Program Files/SEGGER/SEGGER Embedded Studio for ARM 5.42/lib/libc_v7em_fpv4_sp_d16_hard_t_le_eabi.a(libc2_asm.o)
                0x000000000000513e                strcpy
 .text.libc.strcmp
                0x0000000000005182       0x4e Q:/Program Files/SEGGER/SEGGER Embedded Studio for ARM 5.42/lib/libc_v7em_fpv4_sp_d16_hard_t_le_eabi.a(libc2_asm.o)
                0x0000000000005182                strcmp
 .text.libc.strlen
                0x00000000000051d0       0x60 Q:/Program Files/SEGGER/SEGGER Embedded Studio for ARM 5.42/lib/libc_v7em_fpv4_sp_d16_hard_t_le_eabi.a(libc2_asm.o)
                0x00000000000051d0                strlen
 .text.libc.__vfprintf_short_float_long
                0x0000000000005230      0xd90 Q:/Program Files/SEGGER/SEGGER Embedded Studio for ARM 5.42/lib/libc_v7em_fpv4_sp_d16_hard_t_le_eabi.a(libvfprintf.o)
                0x0000000000005230                __vfprintf_short_float_long
 .text.libc.modff
                0x0000000000005fc0       0x5c Q:/Program Files/SEGGER/SEGGER Embedded Studio for ARM 5.42/lib/libm_v7em_fpv4_sp_d16_hard_t_le_eabi.a(libm2.o)
                0x0000000000005fc0                modf(float, float*)
                0x0000000000005fc0                modff
 .text.libc.fmodf
                0x000000000000601c       0xfc Q:/Program Files/SEGGER/SEGGER Embedded Studio for ARM 5.42/lib/libm_v7em_fpv4_sp_d16_hard_t_le_eabi.a(libm2.o)
                0x000000000000601c                fmod(float, float)
                0x000000000000601c                fmodf
                0x0000000000006118                __text_end__ = (__text_start__ + SIZEOF (.text))
                0x0000000000005e68                __text_size__ = SIZEOF (.text)
                0x0000000000006118                __text_load_end__ = __text_end__

.vfp11_veneer   0x0000000100000000        0x0
 .vfp11_veneer  0x0000000100000000        0x0 linker stubs

.v4_bx          0x0000000100000000        0x0
 .v4_bx         0x0000000100000000        0x0 linker stubs

.iplt           0x0000000100000000        0x0
 .iplt          0x0000000100000000        0x0 Output/nrf52832_xxaa/Obj/init_stop_swap/init_main.o
                0x0000000000000001                . = ASSERT (((__text_start__ == __text_end__) || ((__text_end__ - __FLASH_segment_start__) <= __FLASH_segment_size__)), error: .text is too large to fit in FLASH memory segment)
                0x0000000000006118                __dtors_load_start__ = ALIGN (__text_end__, 0x4)

.dtors          0x0000000000006118        0x0
                0x0000000000006118                __dtors_start__ = .
 *(SORT_BY_NAME(.dtors.*))
 *(.dtors)
 *(.fini_array)
 *(SORT_BY_NAME(.fini_array.*))
                0x0000000000006118                __dtors_end__ = (__dtors_start__ + SIZEOF (.dtors))
                0x0000000000000000                __dtors_size__ = SIZEOF (.dtors)
                0x0000000000006118                __dtors_load_end__ = __dtors_end__
                0x0000000000000001                . = ASSERT (((__dtors_start__ == __dtors_end__) || ((__dtors_end__ - __FLASH_segment_start__) <= __FLASH_segment_size__)), error: .dtors is too large to fit in FLASH memory segment)
                0x0000000000006118                __ctors_load_start__ = ALIGN (__dtors_end__, 0x4)

.ctors          0x0000000000006118        0x0
                0x0000000000006118                __ctors_start__ = .
 *(SORT_BY_NAME(.ctors.*))
 *(.ctors)
 *(.init_array)
 *(SORT_BY_NAME(.init_array.*))
                0x0000000000006118                __ctors_end__ = (__ctors_start__ + SIZEOF (.ctors))
                0x0000000000000000                __ctors_size__ = SIZEOF (.ctors)
                0x0000000000006118                __ctors_load_end__ = __ctors_end__
                0x0000000000000001                . = ASSERT (((__ctors_start__ == __ctors_end__) || ((__ctors_end__ - __FLASH_segment_start__) <= __FLASH_segment_size__)), error: .ctors is too large to fit in FLASH memory segment)
                0x0000000000006118                __rodata_load_start__ = ALIGN (__ctors_end__, 0x4)

.rodata         0x0000000000006118      0x2d0
                0x0000000000006118                __rodata_start__ = .
 *(.rodata .rodata.* .gnu.linkonce.r.*)
 .rodata        0x0000000000006118       0x10 Output/nrf52832_xxaa/Obj/init_stop_swap/init_main.o
 .rodata        0x0000000000006128       0x9c Output/nrf52832_xxaa/Obj/init_stop_swap/main.o
 .rodata.chan_idx
                0x00000000000061c4        0x8 Output/nrf52832_xxaa/Obj/init_stop_swap/deca_params_init.o
                0x00000000000061c4                chan_idx
 .rodata.tx_config
                0x00000000000061cc       0x18 Output/nrf52832_xxaa/Obj/init_stop_swap/deca_params_init.o
                0x00000000000061cc                tx_config
 .rodata.fs_pll_cfg
                0x00000000000061e4       0x18 Output/nrf52832_xxaa/Obj/init_stop_swap/deca_params_init.o
                0x00000000000061e4                fs_pll_cfg
 .rodata.fs_pll_tune
                0x00000000000061fc        0x6 Output/nrf52832_xxaa/Obj/init_stop_swap/deca_params_init.o
                0x00000000000061fc                fs_pll_tune
 *fill*         0x0000000000006202        0x2 
 .rodata.rx_config
                0x0000000000006204        0x2 Output/nrf52832_xxaa/Obj/init_stop_swap/deca_params_init.o
                0x0000000000006204                rx_config
 *fill*         0x0000000000006206        0x2 
 .rodata.agc_config
                0x0000000000006208        0x8 Output/nrf52832_xxaa/Obj/init_stop_swap/deca_params_init.o
                0x0000000000006208                agc_config
 .rodata.dwnsSFDlen
                0x0000000000006210        0x3 Output/nrf52832_xxaa/Obj/init_stop_swap/deca_params_init.o
                0x0000000000006210                dwnsSFDlen
 *fill*         0x0000000000006213        0x1 
 .rodata.sftsh  0x0000000000006214        0xc Output/nrf52832_xxaa/Obj/init_stop_swap/deca_params_init.o
                0x0000000000006214                sftsh
 .rodata.dtune1
                0x0000000000006220        0x4 Output/nrf52832_xxaa/Obj/init_stop_swap/deca_params_init.o
                0x0000000000006220                dtune1
 .rodata.digital_bb_config
                0x0000000000006224       0x20 Output/nrf52832_xxaa/Obj/init_stop_swap/deca_params_init.o
                0x0000000000006224                digital_bb_config
 .rodata.lde_replicaCoeff
                0x0000000000006244       0x32 Output/nrf52832_xxaa/Obj/init_stop_swap/deca_params_init.o
                0x0000000000006244                lde_replicaCoeff
 *fill*         0x0000000000006276        0x2 
 .rodata.spi    0x0000000000006278        0x8 Output/nrf52832_xxaa/Obj/init_stop_swap/port_platform.o
 .rodata        0x0000000000006280       0x20 Output/nrf52832_xxaa/Obj/init_stop_swap/port_platform.o
 .rodata.comm_params
                0x00000000000062a0       0x18 Output/nrf52832_xxaa/Obj/init_stop_swap/UART.o
                0x00000000000062a0                comm_params
 .rodata        0x00000000000062b8       0x20 Output/nrf52832_xxaa/Obj/init_stop_swap/app_uart_fifo.o
 .rodata.libc.__RAL_hex_lc
                0x00000000000062d8       0x10 Q:/Program Files/SEGGER/SEGGER Embedded Studio for ARM 5.42/lib/libc_v7em_fpv4_sp_d16_hard_t_le_eabi.a(libc2.o)
                0x00000000000062d8                __RAL_hex_lc
 .rodata.libc.__RAL_hex_uc
                0x00000000000062e8       0x10 Q:/Program Files/SEGGER/SEGGER Embedded Studio for ARM 5.42/lib/libc_v7em_fpv4_sp_d16_hard_t_le_eabi.a(libc2.o)
                0x00000000000062e8                __RAL_hex_uc
 .rodata.libc.__aeabi_EDOM
                0x00000000000062f8        0x4 Q:/Program Files/SEGGER/SEGGER Embedded Studio for ARM 5.42/lib/libc_v7em_fpv4_sp_d16_hard_t_le_eabi.a(libc2.o)
                0x00000000000062f8                __aeabi_EDOM
 .rodata.libc.powerf
                0x00000000000062fc       0x18 Q:/Program Files/SEGGER/SEGGER Embedded Studio for ARM 5.42/lib/libc_v7em_fpv4_sp_d16_hard_t_le_eabi.a(libc2.o)
 .rodata.libc.__vfprintf_int.str1.4
                0x0000000000006314        0x7 Q:/Program Files/SEGGER/SEGGER Embedded Studio for ARM 5.42/lib/libc_v7em_fpv4_sp_d16_hard_t_le_eabi.a(libvfprintf.o)
 *fill*         0x000000000000631b        0x1 
 .rodata.libc.__vfprintf_float_long.str1.4
                0x000000000000631c       0x28 Q:/Program Files/SEGGER/SEGGER Embedded Studio for ARM 5.42/lib/libc_v7em_fpv4_sp_d16_hard_t_le_eabi.a(libvfprintf.o)
 *fill*         0x0000000000006344        0x4 
 .rodata.libc.ipow10
                0x0000000000006348       0xa0 Q:/Program Files/SEGGER/SEGGER Embedded Studio for ARM 5.42/lib/libc_v7em_fpv4_sp_d16_hard_t_le_eabi.a(libvfprintf.o)
                0x00000000000063e8                __rodata_end__ = (__rodata_start__ + SIZEOF (.rodata))
                0x00000000000002d0                __rodata_size__ = SIZEOF (.rodata)
                0x00000000000063e8                __rodata_load_end__ = __rodata_end__

.rel.dyn        0x0000000000000000        0x0
 .rel.iplt      0x0000000000000000        0x0 Output/nrf52832_xxaa/Obj/init_stop_swap/init_main.o
                0x0000000000000001                . = ASSERT (((__rodata_start__ == __rodata_end__) || ((__rodata_end__ - __FLASH_segment_start__) <= __FLASH_segment_size__)), error: .rodata is too large to fit in FLASH memory segment)
                0x00000000000063e8                __ARM.exidx_load_start__ = ALIGN (__rodata_end__, 0x4)

.ARM.exidx      0x00000000000063e8        0x0
                0x00000000000063e8                __ARM.exidx_start__ = .
                0x00000000000063e8                __exidx_start = __ARM.exidx_start__
 *(.ARM.exidx .ARM.exidx.*)
                0x00000000000063e8                __ARM.exidx_end__ = (__ARM.exidx_start__ + SIZEOF (.ARM.exidx))
                0x0000000000000000                __ARM.exidx_size__ = SIZEOF (.ARM.exidx)
                0x00000000000063e8                __exidx_end = __ARM.exidx_end__
                0x00000000000063e8                __ARM.exidx_load_end__ = __ARM.exidx_end__
                0x0000000000000001                . = ASSERT (((__ARM.exidx_start__ == __ARM.exidx_end__) || ((__ARM.exidx_end__ - __FLASH_segment_start__) <= __FLASH_segment_size__)), error: .ARM.exidx is too large to fit in FLASH memory segment)
                0x00000000000063e8                __fast_load_start__ = ALIGN (__ARM.exidx_end__, 0x4)

.fast           0x0000000020000000        0x0 load address 0x00000000000063e8
                0x0000000020000000                __fast_start__ = .
 *(.fast .fast.*)
                0x0000000020000000                __fast_end__ = (__fast_start__ + SIZEOF (.fast))
                0x0000000000000000                __fast_size__ = SIZEOF (.fast)
                0x00000000000063e8                __fast_load_end__ = (__fast_load_start__ + SIZEOF (.fast))
                0x0000000000000001                . = ASSERT (((__fast_load_start__ == __fast_load_end__) || ((__fast_load_end__ - __FLASH_segment_start__) <= __FLASH_segment_size__)), error: .fast is too large to fit in FLASH memory segment)

.fast_run       0x0000000020000000        0x0
                0x0000000020000000                __fast_run_start__ = .
                0x0000000020000000                __fast_run_end__ = (__fast_run_start__ + SIZEOF (.fast))
                0x0000000000000000                __fast_run_size__ = (__fast_run_end__ - __fast_run_start__)
                0x0000000020000000                __fast_run_load_end__ = __fast_run_end__
                0x0000000000000001                . = ASSERT (((__fast_run_start__ == __fast_run_end__) || ((__fast_run_end__ - __SRAM_segment_start__) <= __SRAM_segment_size__)), error: .fast_run is too large to fit in SRAM memory segment)
                0x00000000000063e8                __data_load_start__ = ALIGN ((__fast_load_start__ + SIZEOF (.fast)), 0x4)

.data           0x0000000020000000       0x6c load address 0x00000000000063e8
                0x0000000020000000                __data_start__ = .
 *(.data .data.* .gnu.linkonce.d.*)
 .data.tx_poll_msg
                0x0000000020000000        0xd Output/nrf52832_xxaa/Obj/init_stop_swap/init_main.o
 *fill*         0x000000002000000d        0x3 
 .data.rx_resp_msg
                0x0000000020000010       0x15 Output/nrf52832_xxaa/Obj/init_stop_swap/init_main.o
 *fill*         0x0000000020000025        0x3 
 .data.config   0x0000000020000028        0xc Output/nrf52832_xxaa/Obj/init_stop_swap/main.o
 .data.rx_poll_msg
                0x0000000020000034        0xd Output/nrf52832_xxaa/Obj/init_stop_swap/resp_main.o
 *fill*         0x0000000020000041        0x3 
 .data.tx_resp_msg
                0x0000000020000044       0x15 Output/nrf52832_xxaa/Obj/init_stop_swap/resp_main.o
 *fill*         0x0000000020000059        0x3 
 .data.pdw1000local
                0x000000002000005c        0x4 Output/nrf52832_xxaa/Obj/init_stop_swap/deca_device.o
 .data.SystemCoreClock
                0x0000000020000060        0x4 Output/nrf52832_xxaa/Obj/init_stop_swap/system_nrf52.o
                0x0000000020000060                SystemCoreClock
 .data.app_uart_inst
                0x0000000020000064        0x8 Output/nrf52832_xxaa/Obj/init_stop_swap/app_uart_fifo.o
                0x000000002000006c                __data_end__ = (__data_start__ + SIZEOF (.data))
                0x000000000000006c                __data_size__ = SIZEOF (.data)
                0x0000000000006454                __data_load_end__ = (__data_load_start__ + SIZEOF (.data))

.igot.plt       0x0000000100000000        0x0
 .igot.plt      0x0000000100000000        0x0 Output/nrf52832_xxaa/Obj/init_stop_swap/init_main.o
                0x0000000000000001                . = ASSERT (((__data_load_start__ == __data_load_end__) || ((__data_load_end__ - __FLASH_segment_start__) <= __FLASH_segment_size__)), error: .data is too large to fit in FLASH memory segment)

.data_run       0x0000000020000000        0x0
                0x0000000020000000                __data_run_start__ = .
                0x000000002000006c                __data_run_end__ = (__data_run_start__ + SIZEOF (.data))
                0x000000000000006c                __data_run_size__ = (__data_run_end__ - __data_run_start__)
                0x000000002000006c                __data_run_load_end__ = __data_run_end__
                0x0000000000000001                . = ASSERT (((__data_run_start__ == __data_run_end__) || ((__data_run_end__ - __SRAM_segment_start__) <= __SRAM_segment_size__)), error: .data_run is too large to fit in SRAM memory segment)
                0x0000000000006454                __tdata_load_start__ = ALIGN ((__data_load_start__ + SIZEOF (.data)), 0x4)

.tdata          0x000000002000006c        0x0 load address 0x0000000000006454
                0x000000002000006c                __tdata_start__ = .
 *(.tdata .tdata.*)
                0x000000002000006c                __tdata_end__ = (__tdata_start__ + SIZEOF (.tdata))
                0x0000000000000000                __tdata_size__ = SIZEOF (.tdata)
                0x0000000000006454                __tdata_load_end__ = (__tdata_load_start__ + SIZEOF (.tdata))
                0x0000000000000001                . = ASSERT (((__tdata_load_start__ == __tdata_load_end__) || ((__tdata_load_end__ - __FLASH_segment_start__) <= __FLASH_segment_size__)), error: .tdata is too large to fit in FLASH memory segment)

.tdata_run      0x000000002000006c        0x0
                0x000000002000006c                __tdata_run_start__ = .
                0x000000002000006c                __tdata_run_end__ = (__tdata_run_start__ + SIZEOF (.tdata))
                0x0000000000000000                __tdata_run_size__ = (__tdata_run_end__ - __tdata_run_start__)
                0x000000002000006c                __tdata_run_load_end__ = __tdata_run_end__
                0x0000000000000001                . = ASSERT (((__tdata_run_start__ == __tdata_run_end__) || ((__tdata_run_end__ - __SRAM_segment_start__) <= __SRAM_segment_size__)), error: .tdata_run is too large to fit in SRAM memory segment)
                0x000000002000006c                __nrf_sections_run_load_start__ = ALIGN (__tdata_run_end__, 0x4)

.nrf_sections_run
                0x000000002000006c        0x0
                0x000000002000006c                __nrf_sections_run_start__ = .
                0x000000002000006c                __start_nrf_sections_run = __nrf_sections_run_start__
 *(.nrf_sections_run .nrf_sections_run.*)
                0x000000002000006c                __nrf_sections_run_end__ = (__nrf_sections_run_start__ + SIZEOF (.nrf_sections_run))
                0x0000000000000000                __nrf_sections_run_size__ = SIZEOF (.nrf_sections_run)
                0x000000002000006c                __nrf_sections_run_load_end__ = __nrf_sections_run_end__
                0x0000000000000001                . = ASSERT (((__nrf_sections_run_start__ == __nrf_sections_run_end__) || ((__nrf_sections_run_end__ - __SRAM_segment_start__) <= __SRAM_segment_size__)), error: .nrf_sections_run is too large to fit in SRAM memory segment)
                0x0000000000006454                __dfu_trans_load_start__ = ALIGN ((__tdata_load_start__ + SIZEOF (.tdata)), 0x4)

.dfu_trans      0x0000000000006454        0x0
                0x0000000000006454                __dfu_trans_start__ = .
                0x0000000000006454                __start_dfu_trans = __dfu_trans_start__
 *(SORT_BY_NAME(.dfu_trans*))
                0x0000000000006454                __dfu_trans_end__ = (__dfu_trans_start__ + SIZEOF (.dfu_trans))
                0x0000000000000000                __dfu_trans_size__ = SIZEOF (.dfu_trans)
                0x0000000000006454                __stop_dfu_trans = __dfu_trans_end__
                0x0000000000006454                __dfu_trans_load_end__ = __dfu_trans_end__
                0x0000000000000001                . = ASSERT (((__dfu_trans_start__ == __dfu_trans_end__) || ((__dfu_trans_end__ - __FLASH_segment_start__) <= __FLASH_segment_size__)), error: .dfu_trans is too large to fit in FLASH memory segment)
                0x0000000000006454                __log_const_data_load_start__ = ALIGN (__dfu_trans_end__, 0x4)

.log_const_data
                0x0000000000006454        0x0
                0x0000000000006454                __log_const_data_start__ = .
                0x0000000000006454                __start_log_const_data = __log_const_data_start__
 *(.log_const_data*)
                0x0000000000006454                __log_const_data_end__ = (__log_const_data_start__ + SIZEOF (.log_const_data))
                0x0000000000000000                __log_const_data_size__ = SIZEOF (.log_const_data)
                0x0000000000006454                __stop_log_const_data = __log_const_data_end__
                0x0000000000006454                __log_const_data_load_end__ = __log_const_data_end__
                0x0000000000000001                . = ASSERT (((__log_const_data_start__ == __log_const_data_end__) || ((__log_const_data_end__ - __FLASH_segment_start__) <= __FLASH_segment_size__)), error: .log_const_data is too large to fit in FLASH memory segment)
                0x0000000000006454                __svc_data_load_start__ = ALIGN (__log_const_data_end__, 0x4)

.svc_data       0x0000000000006454        0x0
                0x0000000000006454                __svc_data_start__ = .
                0x0000000000006454                __start_svc_data = __svc_data_start__
 *(.svc_data*)
                0x0000000000006454                __svc_data_end__ = (__svc_data_start__ + SIZEOF (.svc_data))
                0x0000000000000000                __svc_data_size__ = SIZEOF (.svc_data)
                0x0000000000006454                __stop_svc_data = __svc_data_end__
                0x0000000000006454                __svc_data_load_end__ = __svc_data_end__
                0x0000000000000001                . = ASSERT (((__svc_data_start__ == __svc_data_end__) || ((__svc_data_end__ - __FLASH_segment_start__) <= __FLASH_segment_size__)), error: .svc_data is too large to fit in FLASH memory segment)
                0x0000000000006454                __sdh_ble_observers_load_start__ = ALIGN (__svc_data_end__, 0x4)

.sdh_ble_observers
                0x0000000000006454        0x0
                0x0000000000006454                __sdh_ble_observers_start__ = .
                0x0000000000006454                __start_sdh_ble_observers = __sdh_ble_observers_start__
 *(SORT_BY_NAME(.sdh_ble_observers*))
                0x0000000000006454                __sdh_ble_observers_end__ = (__sdh_ble_observers_start__ + SIZEOF (.sdh_ble_observers))
                0x0000000000000000                __sdh_ble_observers_size__ = SIZEOF (.sdh_ble_observers)
                0x0000000000006454                __stop_sdh_ble_observers = __sdh_ble_observers_end__
                0x0000000000006454                __sdh_ble_observers_load_end__ = __sdh_ble_observers_end__
                0x0000000000000001                . = ASSERT (((__sdh_ble_observers_start__ == __sdh_ble_observers_end__) || ((__sdh_ble_observers_end__ - __FLASH_segment_start__) <= __FLASH_segment_size__)), error: .sdh_ble_observers is too large to fit in FLASH memory segment)
                0x0000000000006454                __sdh_req_observers_load_start__ = ALIGN (__sdh_ble_observers_end__, 0x4)

.sdh_req_observers
                0x0000000000006454        0x0
                0x0000000000006454                __sdh_req_observers_start__ = .
                0x0000000000006454                __start_sdh_req_observers = __sdh_req_observers_start__
 *(SORT_BY_NAME(.sdh_req_observers*))
                0x0000000000006454                __sdh_req_observers_end__ = (__sdh_req_observers_start__ + SIZEOF (.sdh_req_observers))
                0x0000000000000000                __sdh_req_observers_size__ = SIZEOF (.sdh_req_observers)
                0x0000000000006454                __stop_sdh_req_observers = __sdh_req_observers_end__
                0x0000000000006454                __sdh_req_observers_load_end__ = __sdh_req_observers_end__
                0x0000000000000001                . = ASSERT (((__sdh_req_observers_start__ == __sdh_req_observers_end__) || ((__sdh_req_observers_end__ - __FLASH_segment_start__) <= __FLASH_segment_size__)), error: .sdh_req_observers is too large to fit in FLASH memory segment)
                0x0000000000006454                __sdh_state_observers_load_start__ = ALIGN (__sdh_req_observers_end__, 0x4)

.sdh_state_observers
                0x0000000000006454        0x0
                0x0000000000006454                __sdh_state_observers_start__ = .
                0x0000000000006454                __start_sdh_state_observers = __sdh_state_observers_start__
 *(SORT_BY_NAME(.sdh_state_observers*))
                0x0000000000006454                __sdh_state_observers_end__ = (__sdh_state_observers_start__ + SIZEOF (.sdh_state_observers))
                0x0000000000000000                __sdh_state_observers_size__ = SIZEOF (.sdh_state_observers)
                0x0000000000006454                __stop_sdh_state_observers = __sdh_state_observers_end__
                0x0000000000006454                __sdh_state_observers_load_end__ = __sdh_state_observers_end__
                0x0000000000000001                . = ASSERT (((__sdh_state_observers_start__ == __sdh_state_observers_end__) || ((__sdh_state_observers_end__ - __FLASH_segment_start__) <= __FLASH_segment_size__)), error: .sdh_state_observers is too large to fit in FLASH memory segment)
                0x0000000000006454                __sdh_stack_observers_load_start__ = ALIGN (__sdh_state_observers_end__, 0x4)

.sdh_stack_observers
                0x0000000000006454        0x0
                0x0000000000006454                __sdh_stack_observers_start__ = .
                0x0000000000006454                __start_sdh_stack_observers = __sdh_stack_observers_start__
 *(SORT_BY_NAME(.sdh_stack_observers*))
                0x0000000000006454                __sdh_stack_observers_end__ = (__sdh_stack_observers_start__ + SIZEOF (.sdh_stack_observers))
                0x0000000000000000                __sdh_stack_observers_size__ = SIZEOF (.sdh_stack_observers)
                0x0000000000006454                __stop_sdh_stack_observers = __sdh_stack_observers_end__
                0x0000000000006454                __sdh_stack_observers_load_end__ = __sdh_stack_observers_end__
                0x0000000000000001                . = ASSERT (((__sdh_stack_observers_start__ == __sdh_stack_observers_end__) || ((__sdh_stack_observers_end__ - __FLASH_segment_start__) <= __FLASH_segment_size__)), error: .sdh_stack_observers is too large to fit in FLASH memory segment)
                0x0000000000006454                __sdh_soc_observers_load_start__ = ALIGN (__sdh_stack_observers_end__, 0x4)

.sdh_soc_observers
                0x0000000000006454        0x0
                0x0000000000006454                __sdh_soc_observers_start__ = .
                0x0000000000006454                __start_sdh_soc_observers = __sdh_soc_observers_start__
 *(SORT_BY_NAME(.sdh_soc_observers*))
                0x0000000000006454                __sdh_soc_observers_end__ = (__sdh_soc_observers_start__ + SIZEOF (.sdh_soc_observers))
                0x0000000000000000                __sdh_soc_observers_size__ = SIZEOF (.sdh_soc_observers)
                0x0000000000006454                __stop_sdh_soc_observers = __sdh_soc_observers_end__
                0x0000000000006454                __sdh_soc_observers_load_end__ = __sdh_soc_observers_end__
                0x0000000000000001                . = ASSERT (((__sdh_soc_observers_start__ == __sdh_soc_observers_end__) || ((__sdh_soc_observers_end__ - __FLASH_segment_start__) <= __FLASH_segment_size__)), error: .sdh_soc_observers is too large to fit in FLASH memory segment)
                0x0000000000006454                __nrf_sections_load_start__ = ALIGN (__sdh_soc_observers_end__, 0x4)

.nrf_sections   0x0000000000006454        0x0
                0x0000000000006454                __nrf_sections_start__ = .
                0x0000000000006454                __start_nrf_sections = __nrf_sections_start__
 *(.nrf_sections .nrf_sections.*)
                0x0000000000006454                __nrf_sections_end__ = (__nrf_sections_start__ + SIZEOF (.nrf_sections))
                0x0000000000000000                __nrf_sections_size__ = SIZEOF (.nrf_sections)
                0x0000000000006454                __nrf_sections_load_end__ = __nrf_sections_end__
                0x0000000000000001                . = ASSERT (((__nrf_sections_start__ == __nrf_sections_end__) || ((__nrf_sections_end__ - __FLASH_segment_start__) <= __FLASH_segment_size__)), error: .nrf_sections is too large to fit in FLASH memory segment)
                0x0000000000006454                __log_dynamic_data_load_start__ = ALIGN (__nrf_sections_end__, 0x4)

.log_dynamic_data
                0x000000002000006c        0x0 load address 0x0000000000006454
                0x000000002000006c                __log_dynamic_data_start__ = .
 *(.log_dynamic_data*)
                0x000000002000006c                __log_dynamic_data_end__ = (__log_dynamic_data_start__ + SIZEOF (.log_dynamic_data))
                0x0000000000000000                __log_dynamic_data_size__ = SIZEOF (.log_dynamic_data)
                0x0000000000006454                __log_dynamic_data_load_end__ = (__log_dynamic_data_load_start__ + SIZEOF (.log_dynamic_data))
                0x0000000000000001                . = ASSERT (((__log_dynamic_data_load_start__ == __log_dynamic_data_load_end__) || ((__log_dynamic_data_load_end__ - __FLASH_segment_start__) <= __FLASH_segment_size__)), error: .log_dynamic_data is too large to fit in FLASH memory segment)

.log_dynamic_data_run
                0x000000002000006c        0x0
                0x000000002000006c                __log_dynamic_data_run_start__ = .
                0x000000002000006c                __start_log_dynamic_data = __log_dynamic_data_run_start__
                0x000000002000006c                __log_dynamic_data_run_end__ = (__log_dynamic_data_run_start__ + SIZEOF (.log_dynamic_data))
                0x0000000000000000                __log_dynamic_data_run_size__ = (__log_dynamic_data_run_end__ - __log_dynamic_data_run_start__)
                0x000000002000006c                __stop_log_dynamic_data = __log_dynamic_data_run_end__
                0x000000002000006c                __log_dynamic_data_run_load_end__ = __log_dynamic_data_run_end__
                0x0000000000000001                . = ASSERT (((__log_dynamic_data_run_start__ == __log_dynamic_data_run_end__) || ((__log_dynamic_data_run_end__ - __SRAM_segment_start__) <= __SRAM_segment_size__)), error: .log_dynamic_data_run is too large to fit in SRAM memory segment)
                0x0000000000006454                __fs_data_load_start__ = ALIGN ((__log_dynamic_data_load_start__ + SIZEOF (.log_dynamic_data)), 0x4)

.fs_data        0x000000002000006c        0x0 load address 0x0000000000006454
                0x000000002000006c                __fs_data_start__ = .
 *(.fs_data*)
                0x000000002000006c                __fs_data_end__ = (__fs_data_start__ + SIZEOF (.fs_data))
                0x0000000000000000                __fs_data_size__ = SIZEOF (.fs_data)
                0x0000000000006454                __fs_data_load_end__ = (__fs_data_load_start__ + SIZEOF (.fs_data))
                0x0000000000006454                __FLASH_segment_used_end__ = (ALIGN ((__log_dynamic_data_load_start__ + SIZEOF (.log_dynamic_data)), 0x4) + SIZEOF (.fs_data))
                0x0000000000006454                __FLASH_segment_used_size__ = (__FLASH_segment_used_end__ - __FLASH_segment_start__)
                0x0000000000000001                . = ASSERT (((__fs_data_load_start__ == __fs_data_load_end__) || ((__fs_data_load_end__ - __FLASH_segment_start__) <= __FLASH_segment_size__)), error: .fs_data is too large to fit in FLASH memory segment)

.fs_data_run    0x000000002000006c        0x0
                0x000000002000006c                __fs_data_run_start__ = .
                0x000000002000006c                __start_fs_data = __fs_data_run_start__
                0x000000002000006c                __fs_data_run_end__ = (__fs_data_run_start__ + SIZEOF (.fs_data))
                0x0000000000000000                __fs_data_run_size__ = (__fs_data_run_end__ - __fs_data_run_start__)
                0x000000002000006c                __stop_fs_data = __fs_data_run_end__
                0x000000002000006c                __fs_data_run_load_end__ = __fs_data_run_end__
                0x0000000000000001                . = ASSERT (((__fs_data_run_start__ == __fs_data_run_end__) || ((__fs_data_run_end__ - __SRAM_segment_start__) <= __SRAM_segment_size__)), error: .fs_data_run is too large to fit in SRAM memory segment)
                0x000000002000006c                __nrf_sections_run_end_load_start__ = ALIGN (__fs_data_run_end__, 0x4)

.nrf_sections_run_end
                0x000000002000006c        0x0
                0x000000002000006c                __nrf_sections_run_end_start__ = .
                0x000000002000006c                __end_nrf_sections_run = __nrf_sections_run_end_start__
 *(.nrf_sections_run_end .nrf_sections_run_end.*)
                0x000000002000006c                __nrf_sections_run_end_end__ = (__nrf_sections_run_end_start__ + SIZEOF (.nrf_sections_run_end))
                0x0000000000000000                __nrf_sections_run_end_size__ = SIZEOF (.nrf_sections_run_end)
                0x000000002000006c                __nrf_sections_run_end_load_end__ = __nrf_sections_run_end_end__
                0x0000000000000001                . = ASSERT (((__nrf_sections_run_end_start__ == __nrf_sections_run_end_end__) || ((__nrf_sections_run_end_end__ - __SRAM_segment_start__) <= __SRAM_segment_size__)), error: .nrf_sections_run_end is too large to fit in SRAM memory segment)
                0x000000002000006c                __bss_load_start__ = ALIGN (__nrf_sections_run_end_end__, 0x4)

.bss            0x000000002000006c      0x3b0
                0x000000002000006c                __bss_start__ = .
 *(.bss .bss.* .gnu.linkonce.b.*)
 .bss.frame_seq_nb
                0x000000002000006c        0x1 Output/nrf52832_xxaa/Obj/init_stop_swap/init_main.o
 *fill*         0x000000002000006d        0x3 
 .bss.rx_buffer
                0x0000000020000070       0x15 Output/nrf52832_xxaa/Obj/init_stop_swap/init_main.o
 *fill*         0x0000000020000085        0x3 
 .bss.status_reg
                0x0000000020000088        0x4 Output/nrf52832_xxaa/Obj/init_stop_swap/init_main.o
 *fill*         0x000000002000008c        0x4 
 .bss.tof       0x0000000020000090        0x8 Output/nrf52832_xxaa/Obj/init_stop_swap/init_main.o
 .bss.distance  0x0000000020000098        0x8 Output/nrf52832_xxaa/Obj/init_stop_swap/init_main.o
 .bss.tx_count  0x00000000200000a0        0x4 Output/nrf52832_xxaa/Obj/init_stop_swap/init_main.o
 .bss.rx_count  0x00000000200000a4        0x4 Output/nrf52832_xxaa/Obj/init_stop_swap/init_main.o
 .bss.frame_seq_nb
                0x00000000200000a8        0x1 Output/nrf52832_xxaa/Obj/init_stop_swap/resp_main.o
 *fill*         0x00000000200000a9        0x3 
 .bss.rx_buffer
                0x00000000200000ac       0x19 Output/nrf52832_xxaa/Obj/init_stop_swap/resp_main.o
 *fill*         0x00000000200000c5        0x3 
 .bss.status_reg
                0x00000000200000c8        0x4 Output/nrf52832_xxaa/Obj/init_stop_swap/resp_main.o
 *fill*         0x00000000200000cc        0x4 
 .bss.poll_rx_ts
                0x00000000200000d0        0x8 Output/nrf52832_xxaa/Obj/init_stop_swap/resp_main.o
 .bss.resp_tx_ts
                0x00000000200000d8        0x8 Output/nrf52832_xxaa/Obj/init_stop_swap/resp_main.o
 .bss.dw1000local
                0x00000000200000e0       0x38 Output/nrf52832_xxaa/Obj/init_stop_swap/deca_device.o
 .bss.spi_xfer_done
                0x0000000020000118        0x1 Output/nrf52832_xxaa/Obj/init_stop_swap/port_platform.o
 *fill*         0x0000000020000119        0x3 
 .bss.rx_buf.1  0x000000002000011c       0x20 Output/nrf52832_xxaa/Obj/init_stop_swap/UART.o
 .bss.tx_buf.0  0x000000002000013c      0x200 Output/nrf52832_xxaa/Obj/init_stop_swap/UART.o
 .bss.m_clock_cb
                0x000000002000033c       0x14 Output/nrf52832_xxaa/Obj/init_stop_swap/nrf_drv_clock.o
 .bss.m_cb      0x0000000020000350       0x58 Output/nrf52832_xxaa/Obj/init_stop_swap/nrf_drv_gpiote.o
 .bss.m_cb      0x00000000200003a8       0x24 Output/nrf52832_xxaa/Obj/init_stop_swap/nrf_drv_spi.o
 .bss.m_cb      0x00000000200003cc       0x20 Output/nrf52832_xxaa/Obj/init_stop_swap/nrf_drv_uart.o
 .bss.m_event_handler
                0x00000000200003ec        0x4 Output/nrf52832_xxaa/Obj/init_stop_swap/app_uart_fifo.o
 .bss.tx_buffer
                0x00000000200003f0        0x1 Output/nrf52832_xxaa/Obj/init_stop_swap/app_uart_fifo.o
 *fill*         0x00000000200003f1        0x3 
 .bss.rx_buffer
                0x00000000200003f4        0x1 Output/nrf52832_xxaa/Obj/init_stop_swap/app_uart_fifo.o
 .bss.m_rx_ovf  0x00000000200003f5        0x1 Output/nrf52832_xxaa/Obj/init_stop_swap/app_uart_fifo.o
 *fill*         0x00000000200003f6        0x2 
 .bss.m_rx_fifo
                0x00000000200003f8       0x10 Output/nrf52832_xxaa/Obj/init_stop_swap/app_uart_fifo.o
 .bss.m_tx_fifo
                0x0000000020000408       0x10 Output/nrf52832_xxaa/Obj/init_stop_swap/app_uart_fifo.o
 .bss.libc.__user_format_extender
                0x0000000020000418        0x4 Q:/Program Files/SEGGER/SEGGER Embedded Studio for ARM 5.42/lib/libc_v7em_fpv4_sp_d16_hard_t_le_eabi.a(libc2.o)
                0x0000000020000418                __user_format_extender
 *(COMMON)
                0x000000002000041c                __bss_end__ = (__bss_start__ + SIZEOF (.bss))
                0x00000000000003b0                __bss_size__ = SIZEOF (.bss)
                0x000000002000041c                __bss_load_end__ = __bss_end__
                0x0000000000000001                . = ASSERT (((__bss_start__ == __bss_end__) || ((__bss_end__ - __SRAM_segment_start__) <= __SRAM_segment_size__)), error: .bss is too large to fit in SRAM memory segment)
                0x000000002000041c                __tbss_load_start__ = ALIGN (__bss_end__, 0x4)

.tbss           0x000000002000041c        0x4
                0x000000002000041c                __tbss_start__ = .
 *(.tbss .tbss.*)
 .tbss.errno_val
                0x000000002000041c        0x4 Q:/Program Files/SEGGER/SEGGER Embedded Studio for ARM 5.42/lib/libc_v7em_fpv4_sp_d16_hard_t_le_eabi.a(libc2.o)
                0x0000000020000420                __tbss_end__ = (__tbss_start__ + SIZEOF (.tbss))
                0x0000000000000004                __tbss_size__ = SIZEOF (.tbss)
                0x0000000020000420                __tbss_load_end__ = __tbss_end__
                0x0000000000000001                . = ASSERT (((__tbss_start__ == __tbss_end__) || ((__tbss_end__ - __SRAM_segment_start__) <= __SRAM_segment_size__)), error: .tbss is too large to fit in SRAM memory segment)
                0x0000000020000420                __non_init_load_start__ = ALIGN (__tbss_end__, 0x4)

.non_init       0x0000000020000420        0x0
                0x0000000020000420                __non_init_start__ = .
 *(.non_init .non_init.*)
                0x0000000020000420                __non_init_end__ = (__non_init_start__ + SIZEOF (.non_init))
                0x0000000000000000                __non_init_size__ = SIZEOF (.non_init)
                0x0000000020000420                __non_init_load_end__ = __non_init_end__
                0x0000000000000001                . = ASSERT (((__non_init_start__ == __non_init_end__) || ((__non_init_end__ - __SRAM_segment_start__) <= __SRAM_segment_size__)), error: .non_init is too large to fit in SRAM memory segment)
                0x0000000020000420                __heap_load_start__ = ALIGN (__non_init_end__, 0x4)

.heap           0x0000000020000420      0x400
                0x0000000020000420                __heap_start__ = .
 *(.heap .heap.*)
                0x0000000020000820                . = ALIGN (MAX ((__heap_start__ + __HEAPSIZE__), .), 0x4)
 *fill*         0x0000000020000420      0x400 
                0x0000000020000820                __heap_end__ = (__heap_start__ + SIZEOF (.heap))
                0x0000000000000400                __heap_size__ = SIZEOF (.heap)
                0x0000000020000820                __heap_load_end__ = __heap_end__
                0x0000000000000001                . = ASSERT (((__heap_start__ == __heap_end__) || ((__heap_end__ - __SRAM_segment_start__) <= __SRAM_segment_size__)), error: .heap is too large to fit in SRAM memory segment)
                0x000000002000fc00                __stack_load_start__ = (__SRAM_segment_start__ + (__SRAM_segment_size__ - 0x400))

.stack          0x000000002000fc00      0x400
                0x000000002000fc00                __stack_start__ = .
                0x000000002000fc00                __StackLimit = __stack_start__
 *(.stack .stack.*)
                0x0000000020010000                . = ALIGN (MAX ((__stack_start__ + __STACKSIZE__), .), 0x8)
 *fill*         0x000000002000fc00      0x400 
                0x0000000020010000                __stack_end__ = (__stack_start__ + SIZEOF (.stack))
                0x0000000000000400                __stack_size__ = SIZEOF (.stack)
                0x0000000020010000                __StackTop = __stack_end__
                0x0000000020010000                __stack_load_end__ = __stack_end__
                0x0000000000000001                . = ASSERT (((__stack_start__ == __stack_end__) || ((__stack_end__ - __SRAM_segment_start__) <= __SRAM_segment_size__)), error: .stack is too large to fit in SRAM memory segment)
                0x0000000000000001                . = ASSERT ((__heap_end__ <= __stack_start__), error: section .heap overlaps absolute placed section .stack)
                0x0000000020010000                __stack_process_load_start__ = ALIGN (__stack_end__, 0x8)

.stack_process  0x0000000020010000        0x0
                0x0000000020010000                __stack_process_start__ = .
 *(.stack_process .stack_process.*)
                0x0000000020010000                . = ALIGN (MAX ((__stack_process_start__ + __STACKSIZE_PROCESS__), .), 0x8)
                0x0000000020010000                __stack_process_end__ = (__stack_process_start__ + SIZEOF (.stack_process))
                0x0000000000000000                __stack_process_size__ = SIZEOF (.stack_process)
                0x0000000020010000                __stack_process_load_end__ = __stack_process_end__
                0x0000000020010000                __SRAM_segment_used_end__ = (ALIGN (__stack_end__, 0x8) + SIZEOF (.stack_process))
                0x0000000000010000                __SRAM_segment_used_size__ = (__SRAM_segment_used_end__ - __SRAM_segment_start__)
                0x0000000000000001                . = ASSERT (((__stack_process_start__ == __stack_process_end__) || ((__stack_process_end__ - __SRAM_segment_start__) <= __SRAM_segment_size__)), error: .stack_process is too large to fit in SRAM memory segment)
START GROUP
LOAD Output/nrf52832_xxaa/Obj/init_stop_swap/init_main.o
LOAD Output/nrf52832_xxaa/Obj/init_stop_swap/main.o
LOAD Output/nrf52832_xxaa/Obj/init_stop_swap/resp_main.o
LOAD Output/nrf52832_xxaa/Obj/init_stop_swap/boards.o
LOAD Output/nrf52832_xxaa/Obj/init_stop_swap/bsp.o
LOAD Output/nrf52832_xxaa/Obj/init_stop_swap/bsp_nfc.o
LOAD Output/nrf52832_xxaa/Obj/init_stop_swap/deca_device.o
LOAD Output/nrf52832_xxaa/Obj/init_stop_swap/deca_params_init.o
LOAD Output/nrf52832_xxaa/Obj/init_stop_swap/port_platform.o
LOAD Output/nrf52832_xxaa/Obj/init_stop_swap/ses_nrf52_startup.o
LOAD Output/nrf52832_xxaa/Obj/init_stop_swap/system_nrf52.o
LOAD Output/nrf52832_xxaa/Obj/init_stop_swap/thumb_crt0.o
LOAD Output/nrf52832_xxaa/Obj/init_stop_swap/UART.o
LOAD Output/nrf52832_xxaa/Obj/init_stop_swap/nrf_drv_clock.o
LOAD Output/nrf52832_xxaa/Obj/init_stop_swap/nrf_drv_common.o
LOAD Output/nrf52832_xxaa/Obj/init_stop_swap/nrf_drv_gpiote.o
LOAD Output/nrf52832_xxaa/Obj/init_stop_swap/nrf_drv_spi.o
LOAD Output/nrf52832_xxaa/Obj/init_stop_swap/nrf_drv_uart.o
LOAD Output/nrf52832_xxaa/Obj/init_stop_swap/app_button.o
LOAD Output/nrf52832_xxaa/Obj/init_stop_swap/app_error.o
LOAD Output/nrf52832_xxaa/Obj/init_stop_swap/app_error_weak.o
LOAD Output/nrf52832_xxaa/Obj/init_stop_swap/app_fifo.o
LOAD Output/nrf52832_xxaa/Obj/init_stop_swap/app_scheduler.o
LOAD Output/nrf52832_xxaa/Obj/init_stop_swap/app_uart_fifo.o
LOAD Output/nrf52832_xxaa/Obj/init_stop_swap/app_util_platform.o
LOAD Output/nrf52832_xxaa/Obj/init_stop_swap/nrf_assert.o
LOAD Output/nrf52832_xxaa/Obj/init_stop_swap/nrf_balloc.o
LOAD Output/nrf52832_xxaa/Obj/init_stop_swap/nrf_fprintf.o
LOAD Output/nrf52832_xxaa/Obj/init_stop_swap/nrf_fprintf_format.o
LOAD Output/nrf52832_xxaa/Obj/init_stop_swap/nrf_memobj.o
LOAD Output/nrf52832_xxaa/Obj/init_stop_swap/nrf_strerror.o
LOAD Output/nrf52832_xxaa/Obj/init_stop_swap/retarget.o
LOAD Output/nrf52832_xxaa/Obj/init_stop_swap/nrf_log_backend_rtt.o
LOAD Output/nrf52832_xxaa/Obj/init_stop_swap/nrf_log_backend_serial.o
LOAD Output/nrf52832_xxaa/Obj/init_stop_swap/nrf_log_backend_uart.o
LOAD Output/nrf52832_xxaa/Obj/init_stop_swap/nrf_log_default_backends.o
LOAD Output/nrf52832_xxaa/Obj/init_stop_swap/nrf_log_frontend.o
LOAD Output/nrf52832_xxaa/Obj/init_stop_swap/nrf_log_str_formatter.o
LOAD Output/nrf52832_xxaa/Obj/init_stop_swap/SEGGER_RTT.o
LOAD Output/nrf52832_xxaa/Obj/init_stop_swap/SEGGER_RTT_Syscalls_KEIL.o
LOAD Output/nrf52832_xxaa/Obj/init_stop_swap/SEGGER_RTT_Syscalls_SES.o
LOAD Output/nrf52832_xxaa/Obj/init_stop_swap/SEGGER_RTT_printf.o
LOAD C:/Users/quent/AppData/Local/SEGGER/SEGGER Embedded Studio/v3/packages/libraries/libcxx/lib/libcxx_noexcept_v7em_fpv4_sp_d16_hard_t_le_eabi.a
LOAD Q:/Program Files/SEGGER/SEGGER Embedded Studio for ARM 5.42/lib/libm_v7em_fpv4_sp_d16_hard_t_le_eabi.a
LOAD Q:/Program Files/SEGGER/SEGGER Embedded Studio for ARM 5.42/lib/libc_v7em_fpv4_sp_d16_hard_t_le_eabi.a
LOAD Q:/Program Files/SEGGER/SEGGER Embedded Studio for ARM 5.42/lib/libdebugio_v7em_fpv4_sp_d16_hard_t_le_eabi.a
END GROUP
OUTPUT(Output/nrf52832_xxaa/Exe/init_stop_swap.elf elf32-littlearm)
LOAD linker stubs

.debug_frame    0x0000000000000000     0x3710
 .debug_frame   0x0000000000000000       0x58 Output/nrf52832_xxaa/Obj/init_stop_swap/init_main.o
 .debug_frame   0x0000000000000058       0xf4 Output/nrf52832_xxaa/Obj/init_stop_swap/main.o
 .debug_frame   0x000000000000014c       0xb0 Output/nrf52832_xxaa/Obj/init_stop_swap/resp_main.o
 .debug_frame   0x00000000000001fc      0xd9c Output/nrf52832_xxaa/Obj/init_stop_swap/deca_device.o
 .debug_frame   0x0000000000000f98      0x2f4 Output/nrf52832_xxaa/Obj/init_stop_swap/port_platform.o
 .debug_frame   0x000000000000128c       0xec Output/nrf52832_xxaa/Obj/init_stop_swap/system_nrf52.o
 .debug_frame   0x0000000000001378       0xa8 Output/nrf52832_xxaa/Obj/init_stop_swap/UART.o
 .debug_frame   0x0000000000001420      0x3a4 Output/nrf52832_xxaa/Obj/init_stop_swap/nrf_drv_clock.o
 .debug_frame   0x00000000000017c4       0xfc Output/nrf52832_xxaa/Obj/init_stop_swap/nrf_drv_common.o
 .debug_frame   0x00000000000018c0      0xa30 Output/nrf52832_xxaa/Obj/init_stop_swap/nrf_drv_gpiote.o
 .debug_frame   0x00000000000022f0      0x46c Output/nrf52832_xxaa/Obj/init_stop_swap/nrf_drv_spi.o
 .debug_frame   0x000000000000275c      0xbd8 Output/nrf52832_xxaa/Obj/init_stop_swap/nrf_drv_uart.o
 .debug_frame   0x0000000000003334       0x80 Output/nrf52832_xxaa/Obj/init_stop_swap/app_error.o
 .debug_frame   0x00000000000033b4       0x40 Output/nrf52832_xxaa/Obj/init_stop_swap/app_error_weak.o
 .debug_frame   0x00000000000033f4      0x1a4 Output/nrf52832_xxaa/Obj/init_stop_swap/app_fifo.o
 .debug_frame   0x0000000000003598      0x118 Output/nrf52832_xxaa/Obj/init_stop_swap/app_uart_fifo.o
 .debug_frame   0x00000000000036b0       0x60 Output/nrf52832_xxaa/Obj/init_stop_swap/retarget.o

.debug_info     0x0000000000000000     0xecc5
 .debug_info    0x0000000000000000      0xa34 Output/nrf52832_xxaa/Obj/init_stop_swap/init_main.o
 .debug_info    0x0000000000000a34      0xd22 Output/nrf52832_xxaa/Obj/init_stop_swap/main.o
 .debug_info    0x0000000000001756      0xa1e Output/nrf52832_xxaa/Obj/init_stop_swap/resp_main.o
 .debug_info    0x0000000000002174     0x1cb2 Output/nrf52832_xxaa/Obj/init_stop_swap/deca_device.o
 .debug_info    0x0000000000003e26      0x2fe Output/nrf52832_xxaa/Obj/init_stop_swap/deca_params_init.o
 .debug_info    0x0000000000004124     0x11e6 Output/nrf52832_xxaa/Obj/init_stop_swap/port_platform.o
 .debug_info    0x000000000000530a       0x23 Output/nrf52832_xxaa/Obj/init_stop_swap/ses_nrf52_startup.o
 .debug_info    0x000000000000532d     0x113d Output/nrf52832_xxaa/Obj/init_stop_swap/system_nrf52.o
 .debug_info    0x000000000000646a       0x22 Output/nrf52832_xxaa/Obj/init_stop_swap/thumb_crt0.o
 .debug_info    0x000000000000648c      0x409 Output/nrf52832_xxaa/Obj/init_stop_swap/UART.o
 .debug_info    0x0000000000006895      0xc64 Output/nrf52832_xxaa/Obj/init_stop_swap/nrf_drv_clock.o