<!doctype html public "-//w3c//dtd html 4.0 transitional//en">
<html><head>
<title>Static Call Graph - [.\_build\nrf52832_xxaa.axf]</title></head>
<body><HR>
<H1>Static Call Graph for image .\_build\nrf52832_xxaa.axf</H1><HR>
<BR><P>#&#060CALLGRAPH&#062# ARM Linker, 5060960: Last Updated: Thu Jan 26 00:25:22 2023
<BR><P>
<H3>Maximum Stack Usage =        240 bytes + Unknown(Cycles, Untraceable Function Pointers)</H3><H3>
Call chain for Maximum Stack Depth:</H3>
thread_job &rArr; resp_main &rArr; resp_run_controller &rArr; dwt_rxenable &rArr; dwt_forcetrxoff &rArr; dwt_syncrxbufptrs &rArr; dwt_write8bitoffsetreg &rArr; dwt_writetodevice &rArr; writetospi &rArr; nrf_drv_spi_transfer &rArr; nrf_drv_spi_xfer &rArr; spi_xfer &rArr; transfer_byte
<P>
<H3>
Mutually Recursive functions
</H3> <LI><a href="#[e6]">os_error</a>&nbsp;&nbsp;&nbsp;&rArr;&nbsp;&nbsp;&nbsp;<a href="#[e6]">os_error</a><BR>
 <LI><a href="#[2f]">rt_alloc_box</a>&nbsp;&nbsp;&nbsp;&rArr;&nbsp;&nbsp;&nbsp;<a href="#[2f]">rt_alloc_box</a><BR>
 <LI><a href="#[1]">NMI_Handler</a>&nbsp;&nbsp;&nbsp;&rArr;&nbsp;&nbsp;&nbsp;<a href="#[1]">NMI_Handler</a><BR>
 <LI><a href="#[2]">HardFault_Handler</a>&nbsp;&nbsp;&nbsp;&rArr;&nbsp;&nbsp;&nbsp;<a href="#[2]">HardFault_Handler</a><BR>
 <LI><a href="#[3]">MemoryManagement_Handler</a>&nbsp;&nbsp;&nbsp;&rArr;&nbsp;&nbsp;&nbsp;<a href="#[3]">MemoryManagement_Handler</a><BR>
 <LI><a href="#[4]">BusFault_Handler</a>&nbsp;&nbsp;&nbsp;&rArr;&nbsp;&nbsp;&nbsp;<a href="#[4]">BusFault_Handler</a><BR>
 <LI><a href="#[5]">UsageFault_Handler</a>&nbsp;&nbsp;&nbsp;&rArr;&nbsp;&nbsp;&nbsp;<a href="#[5]">UsageFault_Handler</a><BR>
 <LI><a href="#[7]">DebugMon_Handler</a>&nbsp;&nbsp;&nbsp;&rArr;&nbsp;&nbsp;&nbsp;<a href="#[7]">DebugMon_Handler</a><BR>
 <LI><a href="#[19]">CCM_AAR_IRQHandler</a>&nbsp;&nbsp;&nbsp;&rArr;&nbsp;&nbsp;&nbsp;<a href="#[19]">CCM_AAR_IRQHandler</a><BR>
 <LI><a href="#[3f]">os_idle_demon</a>&nbsp;&nbsp;&nbsp;&rArr;&nbsp;&nbsp;&nbsp;<a href="#[3f]">os_idle_demon</a><BR>
</UL>
<P>
<H3>
Function Pointers
</H3><UL>
 <LI><a href="#[4]">BusFault_Handler</a> from arm_startup_nrf52.o(.text) referenced from arm_startup_nrf52.o(RESET)
 <LI><a href="#[19]">CCM_AAR_IRQHandler</a> from arm_startup_nrf52.o(.text) referenced from arm_startup_nrf52.o(RESET)
 <LI><a href="#[1d]">COMP_LPCOMP_IRQHandler</a> from arm_startup_nrf52.o(.text) referenced from arm_startup_nrf52.o(RESET)
 <LI><a href="#[7]">DebugMon_Handler</a> from arm_startup_nrf52.o(.text) referenced from arm_startup_nrf52.o(RESET)
 <LI><a href="#[18]">ECB_IRQHandler</a> from arm_startup_nrf52.o(.text) referenced from arm_startup_nrf52.o(RESET)
 <LI><a href="#[2e]">FPU_IRQHandler</a> from arm_startup_nrf52.o(.text) referenced from arm_startup_nrf52.o(RESET)
 <LI><a href="#[10]">GPIOTE_IRQHandler</a> from nrf_drv_gpiote.o(i.GPIOTE_IRQHandler) referenced from arm_startup_nrf52.o(RESET)
 <LI><a href="#[2]">HardFault_Handler</a> from arm_startup_nrf52.o(.text) referenced from arm_startup_nrf52.o(RESET)
 <LI><a href="#[2d]">I2S_IRQHandler</a> from arm_startup_nrf52.o(.text) referenced from arm_startup_nrf52.o(RESET)
 <LI><a href="#[28]">MWU_IRQHandler</a> from arm_startup_nrf52.o(.text) referenced from arm_startup_nrf52.o(RESET)
 <LI><a href="#[3]">MemoryManagement_Handler</a> from arm_startup_nrf52.o(.text) referenced from arm_startup_nrf52.o(RESET)
 <LI><a href="#[f]">NFCT_IRQHandler</a> from arm_startup_nrf52.o(.text) referenced from arm_startup_nrf52.o(RESET)
 <LI><a href="#[1]">NMI_Handler</a> from arm_startup_nrf52.o(.text) referenced from arm_startup_nrf52.o(RESET)
 <LI><a href="#[27]">PDM_IRQHandler</a> from arm_startup_nrf52.o(.text) referenced from arm_startup_nrf52.o(RESET)
 <LI><a href="#[a]">POWER_CLOCK_IRQHandler</a> from nrf_drv_clock.o(i.POWER_CLOCK_IRQHandler) referenced from arm_startup_nrf52.o(RESET)
 <LI><a href="#[26]">PWM0_IRQHandler</a> from arm_startup_nrf52.o(.text) referenced from arm_startup_nrf52.o(RESET)
 <LI><a href="#[29]">PWM1_IRQHandler</a> from arm_startup_nrf52.o(.text) referenced from arm_startup_nrf52.o(RESET)
 <LI><a href="#[2a]">PWM2_IRQHandler</a> from arm_startup_nrf52.o(.text) referenced from arm_startup_nrf52.o(RESET)
 <LI><a href="#[8]">PendSV_Handler</a> from hal_cm4.o(.emb_text) referenced from arm_startup_nrf52.o(RESET)
 <LI><a href="#[1c]">QDEC_IRQHandler</a> from arm_startup_nrf52.o(.text) referenced from arm_startup_nrf52.o(RESET)
 <LI><a href="#[b]">RADIO_IRQHandler</a> from arm_startup_nrf52.o(.text) referenced from arm_startup_nrf52.o(RESET)
 <LI><a href="#[17]">RNG_IRQHandler</a> from arm_startup_nrf52.o(.text) referenced from arm_startup_nrf52.o(RESET)
 <LI><a href="#[15]">RTC0_IRQHandler</a> from arm_startup_nrf52.o(.text) referenced from arm_startup_nrf52.o(RESET)
 <LI><a href="#[1b]">RTC1_IRQHandler</a> from arm_startup_nrf52.o(.text) referenced from arm_startup_nrf52.o(RESET)
 <LI><a href="#[2c]">RTC2_IRQHandler</a> from arm_startup_nrf52.o(.text) referenced from arm_startup_nrf52.o(RESET)
 <LI><a href="#[0]">Reset_Handler</a> from arm_startup_nrf52.o(.text) referenced from arm_startup_nrf52.o(RESET)
 <LI><a href="#[11]">SAADC_IRQHandler</a> from arm_startup_nrf52.o(.text) referenced from arm_startup_nrf52.o(RESET)
 <LI><a href="#[d]">SPIM0_SPIS0_TWIM0_TWIS0_SPI0_TWI0_IRQHandler</a> from arm_startup_nrf52.o(.text) referenced from arm_startup_nrf52.o(RESET)
 <LI><a href="#[e]">SPIM1_SPIS1_TWIM1_TWIS1_SPI1_TWI1_IRQHandler</a> from nrf_drv_spi.o(i.SPIM1_SPIS1_TWIM1_TWIS1_SPI1_TWI1_IRQHandler) referenced from arm_startup_nrf52.o(RESET)
 <LI><a href="#[2b]">SPIM2_SPIS2_SPI2_IRQHandler</a> from arm_startup_nrf52.o(.text) referenced from arm_startup_nrf52.o(RESET)
 <LI><a href="#[6]">SVC_Handler</a> from hal_cm4.o(.emb_text) referenced from arm_startup_nrf52.o(RESET)
 <LI><a href="#[1e]">SWI0_EGU0_IRQHandler</a> from arm_startup_nrf52.o(.text) referenced from arm_startup_nrf52.o(RESET)
 <LI><a href="#[1f]">SWI1_EGU1_IRQHandler</a> from arm_startup_nrf52.o(.text) referenced from arm_startup_nrf52.o(RESET)
 <LI><a href="#[20]">SWI2_EGU2_IRQHandler</a> from arm_startup_nrf52.o(.text) referenced from arm_startup_nrf52.o(RESET)
 <LI><a href="#[21]">SWI3_EGU3_IRQHandler</a> from arm_startup_nrf52.o(.text) referenced from arm_startup_nrf52.o(RESET)
 <LI><a href="#[22]">SWI4_EGU4_IRQHandler</a> from arm_startup_nrf52.o(.text) referenced from arm_startup_nrf52.o(RESET)
 <LI><a href="#[23]">SWI5_EGU5_IRQHandler</a> from arm_startup_nrf52.o(.text) referenced from arm_startup_nrf52.o(RESET)
 <LI><a href="#[9]">SysTick_Handler</a> from hal_cm4.o(.emb_text) referenced from arm_startup_nrf52.o(RESET)
 <LI><a href="#[31]">SystemInit</a> from system_nrf52.o(i.SystemInit) referenced from arm_startup_nrf52.o(.text)
 <LI><a href="#[16]">TEMP_IRQHandler</a> from arm_startup_nrf52.o(.text) referenced from arm_startup_nrf52.o(RESET)
 <LI><a href="#[12]">TIMER0_IRQHandler</a> from arm_startup_nrf52.o(.text) referenced from arm_startup_nrf52.o(RESET)
 <LI><a href="#[13]">TIMER1_IRQHandler</a> from arm_startup_nrf52.o(.text) referenced from arm_startup_nrf52.o(RESET)
 <LI><a href="#[14]">TIMER2_IRQHandler</a> from arm_startup_nrf52.o(.text) referenced from arm_startup_nrf52.o(RESET)
 <LI><a href="#[24]">TIMER3_IRQHandler</a> from arm_startup_nrf52.o(.text) referenced from arm_startup_nrf52.o(RESET)
 <LI><a href="#[25]">TIMER4_IRQHandler</a> from arm_startup_nrf52.o(.text) referenced from arm_startup_nrf52.o(RESET)
 <LI><a href="#[c]">UARTE0_UART0_IRQHandler</a> from nrf_drv_uart.o(i.UARTE0_UART0_IRQHandler) referenced from arm_startup_nrf52.o(RESET)
 <LI><a href="#[5]">UsageFault_Handler</a> from arm_startup_nrf52.o(.text) referenced from arm_startup_nrf52.o(RESET)
 <LI><a href="#[1a]">WDT_IRQHandler</a> from arm_startup_nrf52.o(.text) referenced from arm_startup_nrf52.o(RESET)
 <LI><a href="#[32]">__main</a> from entry.o(.ARM.Collect$$$$00000000) referenced from arm_startup_nrf52.o(.text)
 <LI><a href="#[33]">fputc</a> from retarget.o(i.fputc) referenced from printf3.o(i.__0printf$3)
 <LI><a href="#[43]">main</a> from main.o(i.main) referenced from rtx_conf_cm.o(.data)
 <LI><a href="#[40]">osThreadExit</a> from rt_cmsis.o(i.osThreadExit) referenced from rt_cmsis.o(i.svcThreadCreate)
 <LI><a href="#[42]">osTimerThread</a> from rt_cmsis.o(i.osTimerThread) referenced from rtx_conf_cm.o(.constdata)
 <LI><a href="#[3f]">os_idle_demon</a> from rtx_conf_cm.o(i.os_idle_demon) referenced from rt_task.o(i.rt_sys_init)
 <LI><a href="#[2f]">rt_alloc_box</a> from rt_membox.o(i.rt_alloc_box) referenced from hal_cm4.o(.emb_text)
 <LI><a href="#[30]">rt_free_box</a> from rt_membox.o(i.rt_free_box) referenced from hal_cm4.o(.emb_text)
 <LI><a href="#[3e]">spi_event_handler</a> from port_platform.o(i.spi_event_handler) referenced from port_platform.o(i.port_set_dw1000_fastrate)
 <LI><a href="#[3e]">spi_event_handler</a> from port_platform.o(i.spi_event_handler) referenced from port_platform.o(i.port_set_dw1000_slowrate)
 <LI><a href="#[36]">svcDelay</a> from rt_cmsis.o(i.svcDelay) referenced from rt_cmsis.o(i.osDelay)
 <LI><a href="#[37]">svcKernelInitialize</a> from rt_cmsis.o(i.svcKernelInitialize) referenced from rt_cmsis.o(i.osKernelInitialize)
 <LI><a href="#[38]">svcKernelStart</a> from rt_cmsis.o(i.svcKernelStart) referenced from rt_cmsis.o(i.osKernelStart)
 <LI><a href="#[39]">svcMessageGet</a> from rt_cmsis.o(i.svcMessageGet) referenced from rt_cmsis.o(i.osMessageGet)
 <LI><a href="#[3a]">svcThreadCreate</a> from rt_cmsis.o(i.svcThreadCreate) referenced from rt_cmsis.o(i.osThreadCreate)
 <LI><a href="#[3b]">svcThreadGetId</a> from rt_cmsis.o(i.svcThreadGetId) referenced from rt_cmsis.o(i.osThreadExit)
 <LI><a href="#[3c]">svcThreadTerminate</a> from rt_cmsis.o(i.svcThreadTerminate) referenced from rt_cmsis.o(i.osThreadExit)
 <LI><a href="#[3c]">svcThreadTerminate</a> from rt_cmsis.o(i.svcThreadTerminate) referenced from rt_cmsis.o(i.osThreadTerminate)
 <LI><a href="#[3d]">svcTimerCall</a> from rt_cmsis.o(i.svcTimerCall) referenced from rt_cmsis.o(i.osTimerCall)
 <LI><a href="#[41]">thread_job</a> from main.o(i.thread_job) referenced from main.o(.constdata)
 <LI><a href="#[34]">uart_event_handler</a> from app_uart_fifo.o(i.uart_event_handler) referenced from app_uart_fifo.o(i.app_uart_init)
 <LI><a href="#[35]">vUartErrorHandle</a> from uart.o(i.vUartErrorHandle) referenced from uart.o(i.boUART_Init)
</UL>
<P>
<H3>
Global Symbols
</H3>
<P><STRONG><a name="[32]"></a>__main</STRONG> (Thumb, 0 bytes, Stack size unknown bytes, entry.o(.ARM.Collect$$$$00000000))
<BR>[Address Reference Count : 1]<UL><LI> arm_startup_nrf52.o(.text)
</UL>
<P><STRONG><a name="[120]"></a>_main_stk</STRONG> (Thumb, 0 bytes, Stack size unknown bytes, entry2.o(.ARM.Collect$$$$00000001))

<P><STRONG><a name="[44]"></a>_main_scatterload</STRONG> (Thumb, 0 bytes, Stack size unknown bytes, entry5.o(.ARM.Collect$$$$00000004))
<BR><BR>[Calls]<UL><LI><a href="#[45]">&gt;&gt;</a>&nbsp;&nbsp;&nbsp;__scatterload
</UL>

<P><STRONG><a name="[5a]"></a>__main_after_scatterload</STRONG> (Thumb, 0 bytes, Stack size unknown bytes, entry5.o(.ARM.Collect$$$$00000004))
<BR><BR>[Called By]<UL><LI><a href="#[45]">&gt;&gt;</a>&nbsp;&nbsp;&nbsp;__scatterload
</UL>

<P><STRONG><a name="[121]"></a>__rt_lib_shutdown_fini</STRONG> (Thumb, 0 bytes, Stack size unknown bytes, entry12b.o(.ARM.Collect$$$$0000000E))

<P><STRONG><a name="[122]"></a>_main_clock</STRONG> (Thumb, 0 bytes, Stack size unknown bytes, entry7b.o(.ARM.Collect$$$$00000008))

<P><STRONG><a name="[123]"></a>_main_cpp_init</STRONG> (Thumb, 0 bytes, Stack size unknown bytes, entry8b.o(.ARM.Collect$$$$0000000A))

<P><STRONG><a name="[124]"></a>__rt_final_cpp</STRONG> (Thumb, 0 bytes, Stack size 0 bytes, entry10a.o(.ARM.Collect$$$$0000000F))

<P><STRONG><a name="[125]"></a>__rt_final_exit</STRONG> (Thumb, 0 bytes, Stack size 0 bytes, entry11a.o(.ARM.Collect$$$$00000011))

<P><STRONG><a name="[46]"></a>_main_init</STRONG> (Thumb, 18 bytes, Stack size 0 bytes, rtx_conf_cm.o(.ARM.Collect$$$$000000FF))
<BR><BR>[Stack]<UL><LI>Max Depth = 80<LI>Call Chain = _main_init &rArr; osKernelInitialize &rArr; svcKernelInitialize &rArr; svcThreadCreate &rArr; rt_tsk_create &rArr; rt_init_context &rArr; rt_init_stack
</UL>
<BR>[Calls]<UL><LI><a href="#[48]">&gt;&gt;</a>&nbsp;&nbsp;&nbsp;osThreadCreate
<LI><a href="#[49]">&gt;&gt;</a>&nbsp;&nbsp;&nbsp;osKernelStart
<LI><a href="#[47]">&gt;&gt;</a>&nbsp;&nbsp;&nbsp;osKernelInitialize
</UL>

<P><STRONG><a name="[126]"></a>rt_set_PSP</STRONG> (Thumb, 6 bytes, Stack size 0 bytes, hal_cm4.o(.emb_text), UNUSED)

<P><STRONG><a name="[110]"></a>rt_get_PSP</STRONG> (Thumb, 6 bytes, Stack size 0 bytes, hal_cm4.o(.emb_text))
<BR><BR>[Called By]<UL><LI><a href="#[10f]">&gt;&gt;</a>&nbsp;&nbsp;&nbsp;rt_tsk_delete
</UL>

<P><STRONG><a name="[127]"></a>os_set_env</STRONG> (Thumb, 24 bytes, Stack size 0 bytes, hal_cm4.o(.emb_text), UNUSED)

<P><STRONG><a name="[128]"></a>_alloc_box</STRONG> (Thumb, 28 bytes, Stack size 0 bytes, hal_cm4.o(.emb_text), UNUSED)

<P><STRONG><a name="[129]"></a>_free_box</STRONG> (Thumb, 28 bytes, Stack size 0 bytes, hal_cm4.o(.emb_text), UNUSED)

<P><STRONG><a name="[6]"></a>SVC_Handler</STRONG> (Thumb, 168 bytes, Stack size 0 bytes, hal_cm4.o(.emb_text))
<BR><BR>[Calls]<UL><LI><a href="#[4a]">&gt;&gt;</a>&nbsp;&nbsp;&nbsp;rt_stk_check
</UL>
<BR>[Address Reference Count : 1]<UL><LI> arm_startup_nrf52.o(RESET)
</UL>
<P><STRONG><a name="[8]"></a>PendSV_Handler</STRONG> (Thumb, 96 bytes, Stack size 0 bytes, hal_cm4.o(.emb_text))
<BR><BR>[Stack]<UL><LI>Max Depth = 56<LI>Call Chain = PendSV_Handler &rArr; rt_pop_req &rArr; rt_mbx_psh &rArr; rt_ret_val2
</UL>
<BR>[Calls]<UL><LI><a href="#[4b]">&gt;&gt;</a>&nbsp;&nbsp;&nbsp;rt_pop_req
<LI><a href="#[4a]">&gt;&gt;</a>&nbsp;&nbsp;&nbsp;rt_stk_check
</UL>
<BR>[Address Reference Count : 1]<UL><LI> arm_startup_nrf52.o(RESET)
</UL>
<P><STRONG><a name="[9]"></a>SysTick_Handler</STRONG> (Thumb, 8 bytes, Stack size 0 bytes, hal_cm4.o(.emb_text))
<BR><BR>[Stack]<UL><LI>Max Depth = 72<LI>Call Chain = SysTick_Handler &rArr; rt_systick &rArr; sysTimerTick &rArr; isrMessagePut &rArr; isr_mbx_send &rArr; rt_psq_enq
</UL>
<BR>[Calls]<UL><LI><a href="#[4c]">&gt;&gt;</a>&nbsp;&nbsp;&nbsp;rt_systick
</UL>
<BR>[Address Reference Count : 1]<UL><LI> arm_startup_nrf52.o(RESET)
</UL>
<P><STRONG><a name="[4d]"></a>OS_Tick_Handler</STRONG> (Thumb, 12 bytes, Stack size 0 bytes, hal_cm4.o(.emb_text), UNUSED)
<BR><BR>[Calls]<UL><LI><a href="#[4e]">&gt;&gt;</a>&nbsp;&nbsp;&nbsp;os_tick_irqack
<LI><a href="#[4c]">&gt;&gt;</a>&nbsp;&nbsp;&nbsp;rt_systick
</UL>

<P><STRONG><a name="[0]"></a>Reset_Handler</STRONG> (Thumb, 8 bytes, Stack size 0 bytes, arm_startup_nrf52.o(.text))
<BR>[Address Reference Count : 1]<UL><LI> arm_startup_nrf52.o(RESET)
</UL>
<P><STRONG><a name="[1]"></a>NMI_Handler</STRONG> (Thumb, 2 bytes, Stack size 0 bytes, arm_startup_nrf52.o(.text))
<BR><BR>[Calls]<UL><LI><a href="#[1]">&gt;&gt;</a>&nbsp;&nbsp;&nbsp;NMI_Handler
</UL>
<BR>[Called By]<UL><LI><a href="#[1]">&gt;&gt;</a>&nbsp;&nbsp;&nbsp;NMI_Handler
</UL>
<BR>[Address Reference Count : 1]<UL><LI> arm_startup_nrf52.o(RESET)
</UL>
<P><STRONG><a name="[2]"></a>HardFault_Handler</STRONG> (Thumb, 2 bytes, Stack size 0 bytes, arm_startup_nrf52.o(.text))
<BR><BR>[Calls]<UL><LI><a href="#[2]">&gt;&gt;</a>&nbsp;&nbsp;&nbsp;HardFault_Handler
</UL>
<BR>[Called By]<UL><LI><a href="#[2]">&gt;&gt;</a>&nbsp;&nbsp;&nbsp;HardFault_Handler
</UL>
<BR>[Address Reference Count : 1]<UL><LI> arm_startup_nrf52.o(RESET)
</UL>
<P><STRONG><a name="[3]"></a>MemoryManagement_Handler</STRONG> (Thumb, 2 bytes, Stack size 0 bytes, arm_startup_nrf52.o(.text))
<BR><BR>[Calls]<UL><LI><a href="#[3]">&gt;&gt;</a>&nbsp;&nbsp;&nbsp;MemoryManagement_Handler
</UL>
<BR>[Called By]<UL><LI><a href="#[3]">&gt;&gt;</a>&nbsp;&nbsp;&nbsp;MemoryManagement_Handler
</UL>
<BR>[Address Reference Count : 1]<UL><LI> arm_startup_nrf52.o(RESET)
</UL>
<P><STRONG><a name="[4]"></a>BusFault_Handler</STRONG> (Thumb, 2 bytes, Stack size 0 bytes, arm_startup_nrf52.o(.text))
<BR><BR>[Calls]<UL><LI><a href="#[4]">&gt;&gt;</a>&nbsp;&nbsp;&nbsp;BusFault_Handler
</UL>
<BR>[Called By]<UL><LI><a href="#[4]">&gt;&gt;</a>&nbsp;&nbsp;&nbsp;BusFault_Handler
</UL>
<BR>[Address Reference Count : 1]<UL><LI> arm_startup_nrf52.o(RESET)
</UL>
<P><STRONG><a name="[5]"></a>UsageFault_Handler</STRONG> (Thumb, 2 bytes, Stack size 0 bytes, arm_startup_nrf52.o(.text))
<BR><BR>[Calls]<UL><LI><a href="#[5]">&gt;&gt;</a>&nbsp;&nbsp;&nbsp;UsageFault_Handler
</UL>
<BR>[Called By]<UL><LI><a href="#[5]">&gt;&gt;</a>&nbsp;&nbsp;&nbsp;UsageFault_Handler
</UL>
<BR>[Address Reference Count : 1]<UL><LI> arm_startup_nrf52.o(RESET)
</UL>
<P><STRONG><a name="[7]"></a>DebugMon_Handler</STRONG> (Thumb, 2 bytes, Stack size 0 bytes, arm_startup_nrf52.o(.text))
<BR><BR>[Calls]<UL><LI><a href="#[7]">&gt;&gt;</a>&nbsp;&nbsp;&nbsp;DebugMon_Handler
</UL>
<BR>[Called By]<UL><LI><a href="#[7]">&gt;&gt;</a>&nbsp;&nbsp;&nbsp;DebugMon_Handler
</UL>
<BR>[Address Reference Count : 1]<UL><LI> arm_startup_nrf52.o(RESET)
</UL>
<P><STRONG><a name="[19]"></a>CCM_AAR_IRQHandler</STRONG> (Thumb, 0 bytes, Stack size 0 bytes, arm_startup_nrf52.o(.text))
<BR><BR>[Calls]<UL><LI><a href="#[19]">&gt;&gt;</a>&nbsp;&nbsp;&nbsp;CCM_AAR_IRQHandler
</UL>
<BR>[Called By]<UL><LI><a href="#[19]">&gt;&gt;</a>&nbsp;&nbsp;&nbsp;CCM_AAR_IRQHandler
</UL>
<BR>[Address Reference Count : 1]<UL><LI> arm_startup_nrf52.o(RESET)
</UL>
<P><STRONG><a name="[1d]"></a>COMP_LPCOMP_IRQHandler</STRONG> (Thumb, 0 bytes, Stack size 0 bytes, arm_startup_nrf52.o(.text))
<BR>[Address Reference Count : 1]<UL><LI> arm_startup_nrf52.o(RESET)
</UL>
<P><STRONG><a name="[18]"></a>ECB_IRQHandler</STRONG> (Thumb, 0 bytes, Stack size 0 bytes, arm_startup_nrf52.o(.text))
<BR>[Address Reference Count : 1]<UL><LI> arm_startup_nrf52.o(RESET)
</UL>
<P><STRONG><a name="[2e]"></a>FPU_IRQHandler</STRONG> (Thumb, 0 bytes, Stack size 0 bytes, arm_startup_nrf52.o(.text))
<BR>[Address Reference Count : 1]<UL><LI> arm_startup_nrf52.o(RESET)
</UL>
<P><STRONG><a name="[2d]"></a>I2S_IRQHandler</STRONG> (Thumb, 0 bytes, Stack size 0 bytes, arm_startup_nrf52.o(.text))
<BR>[Address Reference Count : 1]<UL><LI> arm_startup_nrf52.o(RESET)
</UL>
<P><STRONG><a name="[28]"></a>MWU_IRQHandler</STRONG> (Thumb, 0 bytes, Stack size 0 bytes, arm_startup_nrf52.o(.text))
<BR>[Address Reference Count : 1]<UL><LI> arm_startup_nrf52.o(RESET)
</UL>
<P><STRONG><a name="[f]"></a>NFCT_IRQHandler</STRONG> (Thumb, 0 bytes, Stack size 0 bytes, arm_startup_nrf52.o(.text))
<BR>[Address Reference Count : 1]<UL><LI> arm_startup_nrf52.o(RESET)
</UL>
<P><STRONG><a name="[27]"></a>PDM_IRQHandler</STRONG> (Thumb, 0 bytes, Stack size 0 bytes, arm_startup_nrf52.o(.text))
<BR>[Address Reference Count : 1]<UL><LI> arm_startup_nrf52.o(RESET)
</UL>
<P><STRONG><a name="[26]"></a>PWM0_IRQHandler</STRONG> (Thumb, 0 bytes, Stack size 0 bytes, arm_startup_nrf52.o(.text))
<BR>[Address Reference Count : 1]<UL><LI> arm_startup_nrf52.o(RESET)
</UL>
<P><STRONG><a name="[29]"></a>PWM1_IRQHandler</STRONG> (Thumb, 0 bytes, Stack size 0 bytes, arm_startup_nrf52.o(.text))
<BR>[Address Reference Count : 1]<UL><LI> arm_startup_nrf52.o(RESET)
</UL>
<P><STRONG><a name="[2a]"></a>PWM2_IRQHandler</STRONG> (Thumb, 0 bytes, Stack size 0 bytes, arm_startup_nrf52.o(.text))
<BR>[Address Reference Count : 1]<UL><LI> arm_startup_nrf52.o(RESET)
</UL>
<P><STRONG><a name="[1c]"></a>QDEC_IRQHandler</STRONG> (Thumb, 0 bytes, Stack size 0 bytes, arm_startup_nrf52.o(.text))
<BR>[Address Reference Count : 1]<UL><LI> arm_startup_nrf52.o(RESET)
</UL>
<P><STRONG><a name="[b]"></a>RADIO_IRQHandler</STRONG> (Thumb, 0 bytes, Stack size 0 bytes, arm_startup_nrf52.o(.text))
<BR>[Address Reference Count : 1]<UL><LI> arm_startup_nrf52.o(RESET)
</UL>
<P><STRONG><a name="[17]"></a>RNG_IRQHandler</STRONG> (Thumb, 0 bytes, Stack size 0 bytes, arm_startup_nrf52.o(.text))
<BR>[Address Reference Count : 1]<UL><LI> arm_startup_nrf52.o(RESET)
</UL>
<P><STRONG><a name="[15]"></a>RTC0_IRQHandler</STRONG> (Thumb, 0 bytes, Stack size 0 bytes, arm_startup_nrf52.o(.text))
<BR>[Address Reference Count : 1]<UL><LI> arm_startup_nrf52.o(RESET)
</UL>
<P><STRONG><a name="[1b]"></a>RTC1_IRQHandler</STRONG> (Thumb, 0 bytes, Stack size 0 bytes, arm_startup_nrf52.o(.text))
<BR>[Address Reference Count : 1]<UL><LI> arm_startup_nrf52.o(RESET)
</UL>
<P><STRONG><a name="[2c]"></a>RTC2_IRQHandler</STRONG> (Thumb, 0 bytes, Stack size 0 bytes, arm_startup_nrf52.o(.text))
<BR>[Address Reference Count : 1]<UL><LI> arm_startup_nrf52.o(RESET)
</UL>
<P><STRONG><a name="[11]"></a>SAADC_IRQHandler</STRONG> (Thumb, 0 bytes, Stack size 0 bytes, arm_startup_nrf52.o(.text))
<BR>[Address Reference Count : 1]<UL><LI> arm_startup_nrf52.o(RESET)
</UL>
<P><STRONG><a name="[d]"></a>SPIM0_SPIS0_TWIM0_TWIS0_SPI0_TWI0_IRQHandler</STRONG> (Thumb, 0 bytes, Stack size 0 bytes, arm_startup_nrf52.o(.text))
<BR>[Address Reference Count : 1]<UL><LI> arm_startup_nrf52.o(RESET)
</UL>
<P><STRONG><a name="[2b]"></a>SPIM2_SPIS2_SPI2_IRQHandler</STRONG> (Thumb, 0 bytes, Stack size 0 bytes, arm_startup_nrf52.o(.text))
<BR>[Address Reference Count : 1]<UL><LI> arm_startup_nrf52.o(RESET)
</UL>
<P><STRONG><a name="[1e]"></a>SWI0_EGU0_IRQHandler</STRONG> (Thumb, 0 bytes, Stack size 0 bytes, arm_startup_nrf52.o(.text))
<BR>[Address Reference Count : 1]<UL><LI> arm_startup_nrf52.o(RESET)
</UL>
<P><STRONG><a name="[1f]"></a>SWI1_EGU1_IRQHandler</STRONG> (Thumb, 0 bytes, Stack size 0 bytes, arm_startup_nrf52.o(.text))
<BR>[Address Reference Count : 1]<UL><LI> arm_startup_nrf52.o(RESET)
</UL>
<P><STRONG><a name="[20]"></a>SWI2_EGU2_IRQHandler</STRONG> (Thumb, 0 bytes, Stack size 0 bytes, arm_startup_nrf52.o(.text))
<BR>[Address Reference Count : 1]<UL><LI> arm_startup_nrf52.o(RESET)
</UL>
<P><STRONG><a name="[21]"></a>SWI3_EGU3_IRQHandler</STRONG> (Thumb, 0 bytes, Stack size 0 bytes, arm_startup_nrf52.o(.text))
<BR>[Address Reference Count : 1]<UL><LI> arm_startup_nrf52.o(RESET)
</UL>
<P><STRONG><a name="[22]"></a>SWI4_EGU4_IRQHandler</STRONG> (Thumb, 0 bytes, Stack size 0 bytes, arm_startup_nrf52.o(.text))
<BR>[Address Reference Count : 1]<UL><LI> arm_startup_nrf52.o(RESET)
</UL>
<P><STRONG><a name="[23]"></a>SWI5_EGU5_IRQHandler</STRONG> (Thumb, 0 bytes, Stack size 0 bytes, arm_startup_nrf52.o(.text))
<BR>[Address Reference Count : 1]<UL><LI> arm_startup_nrf52.o(RESET)
</UL>
<P><STRONG><a name="[16]"></a>TEMP_IRQHandler</STRONG> (Thumb, 0 bytes, Stack size 0 bytes, arm_startup_nrf52.o(.text))
<BR>[Address Reference Count : 1]<UL><LI> arm_startup_nrf52.o(RESET)
</UL>
<P><STRONG><a name="[12]"></a>TIMER0_IRQHandler</STRONG> (Thumb, 0 bytes, Stack size 0 bytes, arm_startup_nrf52.o(.text))
<BR>[Address Reference Count : 1]<UL><LI> arm_startup_nrf52.o(RESET)
</UL>
<P><STRONG><a name="[13]"></a>TIMER1_IRQHandler</STRONG> (Thumb, 0 bytes, Stack size 0 bytes, arm_startup_nrf52.o(.text))
<BR>[Address Reference Count : 1]<UL><LI> arm_startup_nrf52.o(RESET)
</UL>
<P><STRONG><a name="[14]"></a>TIMER2_IRQHandler</STRONG> (Thumb, 0 bytes, Stack size 0 bytes, arm_startup_nrf52.o(.text))
<BR>[Address Reference Count : 1]<UL><LI> arm_startup_nrf52.o(RESET)
</UL>
<P><STRONG><a name="[24]"></a>TIMER3_IRQHandler</STRONG> (Thumb, 0 bytes, Stack size 0 bytes, arm_startup_nrf52.o(.text))
<BR>[Address Reference Count : 1]<UL><LI> arm_startup_nrf52.o(RESET)
</UL>
<P><STRONG><a name="[25]"></a>TIMER4_IRQHandler</STRONG> (Thumb, 0 bytes, Stack size 0 bytes, arm_startup_nrf52.o(.text))
<BR>[Address Reference Count : 1]<UL><LI> arm_startup_nrf52.o(RESET)
</UL>
<P><STRONG><a name="[1a]"></a>WDT_IRQHandler</STRONG> (Thumb, 0 bytes, Stack size 0 bytes, arm_startup_nrf52.o(.text))
<BR>[Address Reference Count : 1]<UL><LI> arm_startup_nrf52.o(RESET)
</UL>
<P><STRONG><a name="[58]"></a>__aeabi_llsr</STRONG> (Thumb, 32 bytes, Stack size 0 bytes, llushr.o(.text))
<BR><BR>[Called By]<UL><LI><a href="#[ee]">&gt;&gt;</a>&nbsp;&nbsp;&nbsp;resp_msg_set_ts
<LI><a href="#[53]">&gt;&gt;</a>&nbsp;&nbsp;&nbsp;_double_epilogue
</UL>

<P><STRONG><a name="[12a]"></a>_ll_ushift_r</STRONG> (Thumb, 0 bytes, Stack size 0 bytes, llushr.o(.text), UNUSED)

<P><STRONG><a name="[e8]"></a>__aeabi_memcpy</STRONG> (Thumb, 36 bytes, Stack size 0 bytes, memcpya.o(.text))
<BR><BR>[Called By]<UL><LI><a href="#[b2]">&gt;&gt;</a>&nbsp;&nbsp;&nbsp;writetospi
<LI><a href="#[a5]">&gt;&gt;</a>&nbsp;&nbsp;&nbsp;readfromspi
</UL>

<P><STRONG><a name="[8b]"></a>__aeabi_memcpy4</STRONG> (Thumb, 0 bytes, Stack size 0 bytes, memcpya.o(.text))
<BR><BR>[Called By]<UL><LI><a href="#[89]">&gt;&gt;</a>&nbsp;&nbsp;&nbsp;app_uart_init
</UL>

<P><STRONG><a name="[12b]"></a>__aeabi_memcpy8</STRONG> (Thumb, 0 bytes, Stack size 0 bytes, memcpya.o(.text), UNUSED)

<P><STRONG><a name="[50]"></a>__aeabi_memset</STRONG> (Thumb, 14 bytes, Stack size 0 bytes, memseta.o(.text))
<BR><BR>[Called By]<UL><LI><a href="#[51]">&gt;&gt;</a>&nbsp;&nbsp;&nbsp;_memset$wrapper
<LI><a href="#[4f]">&gt;&gt;</a>&nbsp;&nbsp;&nbsp;__aeabi_memclr
</UL>

<P><STRONG><a name="[12c]"></a>__aeabi_memset4</STRONG> (Thumb, 0 bytes, Stack size 0 bytes, memseta.o(.text), UNUSED)

<P><STRONG><a name="[12d]"></a>__aeabi_memset8</STRONG> (Thumb, 0 bytes, Stack size 0 bytes, memseta.o(.text), UNUSED)

<P><STRONG><a name="[4f]"></a>__aeabi_memclr</STRONG> (Thumb, 4 bytes, Stack size 0 bytes, memseta.o(.text))
<BR><BR>[Calls]<UL><LI><a href="#[50]">&gt;&gt;</a>&nbsp;&nbsp;&nbsp;__aeabi_memset
</UL>
<BR>[Called By]<UL><LI><a href="#[43]">&gt;&gt;</a>&nbsp;&nbsp;&nbsp;main
<LI><a href="#[b2]">&gt;&gt;</a>&nbsp;&nbsp;&nbsp;writetospi
<LI><a href="#[a5]">&gt;&gt;</a>&nbsp;&nbsp;&nbsp;readfromspi
</UL>

<P><STRONG><a name="[12e]"></a>__aeabi_memclr4</STRONG> (Thumb, 0 bytes, Stack size 0 bytes, memseta.o(.text), UNUSED)

<P><STRONG><a name="[12f]"></a>__aeabi_memclr8</STRONG> (Thumb, 0 bytes, Stack size 0 bytes, memseta.o(.text), UNUSED)

<P><STRONG><a name="[51]"></a>_memset$wrapper</STRONG> (Thumb, 18 bytes, Stack size 8 bytes, memseta.o(.text), UNUSED)
<BR><BR>[Calls]<UL><LI><a href="#[50]">&gt;&gt;</a>&nbsp;&nbsp;&nbsp;__aeabi_memset
</UL>

<P><STRONG><a name="[d2]"></a>strcmp</STRONG> (Thumb, 28 bytes, Stack size 8 bytes, strcmp.o(.text))
<BR><BR>[Stack]<UL><LI>Max Depth = 8<LI>Call Chain = strcmp
</UL>
<BR>[Called By]<UL><LI><a href="#[43]">&gt;&gt;</a>&nbsp;&nbsp;&nbsp;main
</UL>

<P><STRONG><a name="[c0]"></a>memcmp</STRONG> (Thumb, 26 bytes, Stack size 12 bytes, memcmp.o(.text))
<BR><BR>[Stack]<UL><LI>Max Depth = 12<LI>Call Chain = memcmp
</UL>
<BR>[Called By]<UL><LI><a href="#[ed]">&gt;&gt;</a>&nbsp;&nbsp;&nbsp;resp_run_controller
<LI><a href="#[bf]">&gt;&gt;</a>&nbsp;&nbsp;&nbsp;init_run_controller
</UL>

<P><STRONG><a name="[52]"></a>__aeabi_dmul</STRONG> (Thumb, 228 bytes, Stack size 48 bytes, dmul.o(.text))
<BR><BR>[Stack]<UL><LI>Max Depth = 88<LI>Call Chain = __aeabi_dmul &rArr; _double_epilogue &rArr; _double_round
</UL>
<BR>[Calls]<UL><LI><a href="#[53]">&gt;&gt;</a>&nbsp;&nbsp;&nbsp;_double_epilogue
</UL>
<BR>[Called By]<UL><LI><a href="#[bf]">&gt;&gt;</a>&nbsp;&nbsp;&nbsp;init_run_controller
</UL>

<P><STRONG><a name="[54]"></a>__aeabi_i2d</STRONG> (Thumb, 34 bytes, Stack size 16 bytes, dflti.o(.text))
<BR><BR>[Stack]<UL><LI>Max Depth = 56<LI>Call Chain = __aeabi_i2d &rArr; _double_epilogue &rArr; _double_round
</UL>
<BR>[Calls]<UL><LI><a href="#[53]">&gt;&gt;</a>&nbsp;&nbsp;&nbsp;_double_epilogue
</UL>
<BR>[Called By]<UL><LI><a href="#[bf]">&gt;&gt;</a>&nbsp;&nbsp;&nbsp;init_run_controller
</UL>

<P><STRONG><a name="[c2]"></a>__aeabi_f2d</STRONG> (Thumb, 38 bytes, Stack size 0 bytes, f2d.o(.text))
<BR><BR>[Called By]<UL><LI><a href="#[bf]">&gt;&gt;</a>&nbsp;&nbsp;&nbsp;init_run_controller
</UL>

<P><STRONG><a name="[55]"></a>__aeabi_d2f</STRONG> (Thumb, 56 bytes, Stack size 8 bytes, d2f.o(.text))
<BR><BR>[Stack]<UL><LI>Max Depth = 8<LI>Call Chain = __aeabi_d2f
</UL>
<BR>[Calls]<UL><LI><a href="#[56]">&gt;&gt;</a>&nbsp;&nbsp;&nbsp;_float_round
</UL>
<BR>[Called By]<UL><LI><a href="#[bf]">&gt;&gt;</a>&nbsp;&nbsp;&nbsp;init_run_controller
</UL>

<P><STRONG><a name="[130]"></a>__aeabi_uidiv</STRONG> (Thumb, 0 bytes, Stack size 12 bytes, uidiv.o(.text), UNUSED)

<P><STRONG><a name="[80]"></a>__aeabi_uidivmod</STRONG> (Thumb, 44 bytes, Stack size 12 bytes, uidiv.o(.text), UNUSED)
<BR><BR>[Called By]<UL><LI><a href="#[73]">&gt;&gt;</a>&nbsp;&nbsp;&nbsp;_printf_core
</UL>

<P><STRONG><a name="[57]"></a>__aeabi_llsl</STRONG> (Thumb, 30 bytes, Stack size 0 bytes, llshl.o(.text))
<BR><BR>[Called By]<UL><LI><a href="#[53]">&gt;&gt;</a>&nbsp;&nbsp;&nbsp;_double_epilogue
</UL>

<P><STRONG><a name="[131]"></a>_ll_shift_l</STRONG> (Thumb, 0 bytes, Stack size 0 bytes, llshl.o(.text), UNUSED)

<P><STRONG><a name="[132]"></a>__I$use$fp</STRONG> (Thumb, 0 bytes, Stack size 0 bytes, iusefp.o(.text), UNUSED)

<P><STRONG><a name="[56]"></a>_float_round</STRONG> (Thumb, 18 bytes, Stack size 0 bytes, fepilogue.o(.text))
<BR><BR>[Called By]<UL><LI><a href="#[55]">&gt;&gt;</a>&nbsp;&nbsp;&nbsp;__aeabi_d2f
</UL>

<P><STRONG><a name="[133]"></a>_float_epilogue</STRONG> (Thumb, 92 bytes, Stack size 4 bytes, fepilogue.o(.text), UNUSED)

<P><STRONG><a name="[59]"></a>_double_round</STRONG> (Thumb, 30 bytes, Stack size 8 bytes, depilogue.o(.text))
<BR><BR>[Stack]<UL><LI>Max Depth = 8<LI>Call Chain = _double_round
</UL>
<BR>[Called By]<UL><LI><a href="#[53]">&gt;&gt;</a>&nbsp;&nbsp;&nbsp;_double_epilogue
</UL>

<P><STRONG><a name="[53]"></a>_double_epilogue</STRONG> (Thumb, 156 bytes, Stack size 32 bytes, depilogue.o(.text))
<BR><BR>[Stack]<UL><LI>Max Depth = 40<LI>Call Chain = _double_epilogue &rArr; _double_round
</UL>
<BR>[Calls]<UL><LI><a href="#[58]">&gt;&gt;</a>&nbsp;&nbsp;&nbsp;__aeabi_llsr
<LI><a href="#[57]">&gt;&gt;</a>&nbsp;&nbsp;&nbsp;__aeabi_llsl
<LI><a href="#[59]">&gt;&gt;</a>&nbsp;&nbsp;&nbsp;_double_round
</UL>
<BR>[Called By]<UL><LI><a href="#[54]">&gt;&gt;</a>&nbsp;&nbsp;&nbsp;__aeabi_i2d
<LI><a href="#[52]">&gt;&gt;</a>&nbsp;&nbsp;&nbsp;__aeabi_dmul
</UL>

<P><STRONG><a name="[45]"></a>__scatterload</STRONG> (Thumb, 28 bytes, Stack size 0 bytes, init.o(.text))
<BR><BR>[Calls]<UL><LI><a href="#[5a]">&gt;&gt;</a>&nbsp;&nbsp;&nbsp;__main_after_scatterload
</UL>
<BR>[Called By]<UL><LI><a href="#[44]">&gt;&gt;</a>&nbsp;&nbsp;&nbsp;_main_scatterload
</UL>

<P><STRONG><a name="[134]"></a>__scatterload_rt2</STRONG> (Thumb, 0 bytes, Stack size 0 bytes, init.o(.text), UNUSED)

<P><STRONG><a name="[10]"></a>GPIOTE_IRQHandler</STRONG> (Thumb, 420 bytes, Stack size 56 bytes, nrf_drv_gpiote.o(i.GPIOTE_IRQHandler))
<BR><BR>[Stack]<UL><LI>Max Depth = 68<LI>Call Chain = GPIOTE_IRQHandler &rArr; nrf_gpio_ports_read
</UL>
<BR>[Calls]<UL><LI><a href="#[5b]">&gt;&gt;</a>&nbsp;&nbsp;&nbsp;nrf_gpiote_event_is_set
<LI><a href="#[5c]">&gt;&gt;</a>&nbsp;&nbsp;&nbsp;nrf_gpiote_event_clear
<LI><a href="#[5d]">&gt;&gt;</a>&nbsp;&nbsp;&nbsp;nrf_gpio_ports_read
<LI><a href="#[60]">&gt;&gt;</a>&nbsp;&nbsp;&nbsp;nrf_gpio_cfg_sense_set
<LI><a href="#[5e]">&gt;&gt;</a>&nbsp;&nbsp;&nbsp;nrf_bitmask_bit_is_set
<LI><a href="#[5f]">&gt;&gt;</a>&nbsp;&nbsp;&nbsp;channel_port_get
</UL>
<BR>[Address Reference Count : 1]<UL><LI> arm_startup_nrf52.o(RESET)
</UL>
<P><STRONG><a name="[a]"></a>POWER_CLOCK_IRQHandler</STRONG> (Thumb, 84 bytes, Stack size 24 bytes, nrf_drv_clock.o(i.POWER_CLOCK_IRQHandler))
<BR><BR>[Stack]<UL><LI>Max Depth = 40<LI>Call Chain = POWER_CLOCK_IRQHandler &rArr; clock_clk_started_notify
</UL>
<BR>[Calls]<UL><LI><a href="#[62]">&gt;&gt;</a>&nbsp;&nbsp;&nbsp;nrf_clock_event_clear
<LI><a href="#[61]">&gt;&gt;</a>&nbsp;&nbsp;&nbsp;nrf_clock_event_check
<LI><a href="#[63]">&gt;&gt;</a>&nbsp;&nbsp;&nbsp;clock_clk_started_notify
</UL>
<BR>[Address Reference Count : 1]<UL><LI> arm_startup_nrf52.o(RESET)
</UL>
<P><STRONG><a name="[e]"></a>SPIM1_SPIS1_TWIM1_TWIS1_SPI1_TWI1_IRQHandler</STRONG> (Thumb, 10 bytes, Stack size 0 bytes, nrf_drv_spi.o(i.SPIM1_SPIS1_TWIM1_TWIS1_SPI1_TWI1_IRQHandler))
<BR><BR>[Stack]<UL><LI>Max Depth = 32<LI>Call Chain = SPIM1_SPIS1_TWIM1_TWIS1_SPI1_TWI1_IRQHandler &rArr; irq_handler_spi &rArr; transfer_byte
</UL>
<BR>[Calls]<UL><LI><a href="#[64]">&gt;&gt;</a>&nbsp;&nbsp;&nbsp;irq_handler_spi
</UL>
<BR>[Address Reference Count : 1]<UL><LI> arm_startup_nrf52.o(RESET)
</UL>
<P><STRONG><a name="[6f]"></a>SystemCoreClockUpdate</STRONG> (Thumb, 8 bytes, Stack size 0 bytes, system_nrf52.o(i.SystemCoreClockUpdate))
<BR><BR>[Called By]<UL><LI><a href="#[31]">&gt;&gt;</a>&nbsp;&nbsp;&nbsp;SystemInit
</UL>

<P><STRONG><a name="[31]"></a>SystemInit</STRONG> (Thumb, 474 bytes, Stack size 16 bytes, system_nrf52.o(i.SystemInit))
<BR><BR>[Stack]<UL><LI>Max Depth = 16<LI>Call Chain = SystemInit
</UL>
<BR>[Calls]<UL><LI><a href="#[6f]">&gt;&gt;</a>&nbsp;&nbsp;&nbsp;SystemCoreClockUpdate
<LI><a href="#[6c]">&gt;&gt;</a>&nbsp;&nbsp;&nbsp;errata_66
<LI><a href="#[6b]">&gt;&gt;</a>&nbsp;&nbsp;&nbsp;errata_57
<LI><a href="#[6a]">&gt;&gt;</a>&nbsp;&nbsp;&nbsp;errata_37
<LI><a href="#[69]">&gt;&gt;</a>&nbsp;&nbsp;&nbsp;errata_36
<LI><a href="#[68]">&gt;&gt;</a>&nbsp;&nbsp;&nbsp;errata_32
<LI><a href="#[67]">&gt;&gt;</a>&nbsp;&nbsp;&nbsp;errata_31
<LI><a href="#[66]">&gt;&gt;</a>&nbsp;&nbsp;&nbsp;errata_16
<LI><a href="#[6e]">&gt;&gt;</a>&nbsp;&nbsp;&nbsp;errata_136
<LI><a href="#[65]">&gt;&gt;</a>&nbsp;&nbsp;&nbsp;errata_12
<LI><a href="#[6d]">&gt;&gt;</a>&nbsp;&nbsp;&nbsp;errata_108
</UL>
<BR>[Address Reference Count : 1]<UL><LI> arm_startup_nrf52.o(.text)
</UL>
<P><STRONG><a name="[c]"></a>UARTE0_UART0_IRQHandler</STRONG> (Thumb, 22 bytes, Stack size 0 bytes, nrf_drv_uart.o(i.UARTE0_UART0_IRQHandler))
<BR><BR>[Stack]<UL><LI>Max Depth = 72<LI>Call Chain = UARTE0_UART0_IRQHandler &rArr; uart_irq_handler &rArr; tx_done_event
</UL>
<BR>[Calls]<UL><LI><a href="#[70]">&gt;&gt;</a>&nbsp;&nbsp;&nbsp;uarte_irq_handler
<LI><a href="#[71]">&gt;&gt;</a>&nbsp;&nbsp;&nbsp;uart_irq_handler
</UL>
<BR>[Address Reference Count : 1]<UL><LI> arm_startup_nrf52.o(RESET)
</UL>
<P><STRONG><a name="[72]"></a>__0printf$3</STRONG> (Thumb, 22 bytes, Stack size 24 bytes, printf3.o(i.__0printf$3), UNUSED)
<BR><BR>[Calls]<UL><LI><a href="#[73]">&gt;&gt;</a>&nbsp;&nbsp;&nbsp;_printf_core
</UL>

<P><STRONG><a name="[135]"></a>__1printf$3</STRONG> (Thumb, 0 bytes, Stack size 24 bytes, printf3.o(i.__0printf$3), UNUSED)

<P><STRONG><a name="[b9]"></a>__2printf</STRONG> (Thumb, 0 bytes, Stack size 24 bytes, printf3.o(i.__0printf$3))
<BR><BR>[Stack]<UL><LI>Max Depth = 24<LI>Call Chain = __2printf
</UL>
<BR>[Called By]<UL><LI><a href="#[ed]">&gt;&gt;</a>&nbsp;&nbsp;&nbsp;resp_run_controller
<LI><a href="#[bf]">&gt;&gt;</a>&nbsp;&nbsp;&nbsp;init_run_controller
<LI><a href="#[eb]">&gt;&gt;</a>&nbsp;&nbsp;&nbsp;resp_main
<LI><a href="#[ba]">&gt;&gt;</a>&nbsp;&nbsp;&nbsp;init_main
<LI><a href="#[41]">&gt;&gt;</a>&nbsp;&nbsp;&nbsp;thread_job
<LI><a href="#[43]">&gt;&gt;</a>&nbsp;&nbsp;&nbsp;main
<LI><a href="#[b8]">&gt;&gt;</a>&nbsp;&nbsp;&nbsp;handle_function
</UL>

<P><STRONG><a name="[136]"></a>__scatterload_copy</STRONG> (Thumb, 14 bytes, Stack size unknown bytes, handlers.o(i.__scatterload_copy), UNUSED)

<P><STRONG><a name="[137]"></a>__scatterload_null</STRONG> (Thumb, 2 bytes, Stack size unknown bytes, handlers.o(i.__scatterload_null), UNUSED)

<P><STRONG><a name="[138]"></a>__scatterload_zeroinit</STRONG> (Thumb, 14 bytes, Stack size unknown bytes, handlers.o(i.__scatterload_zeroinit), UNUSED)

<P><STRONG><a name="[74]"></a>_dwt_aonarrayupload</STRONG> (Thumb, 26 bytes, Stack size 8 bytes, deca_device.o(i._dwt_aonarrayupload))
<BR><BR>[Stack]<UL><LI>Max Depth = 168<LI>Call Chain = _dwt_aonarrayupload &rArr; dwt_write8bitoffsetreg &rArr; dwt_writetodevice &rArr; writetospi &rArr; nrf_drv_spi_transfer &rArr; nrf_drv_spi_xfer &rArr; spi_xfer &rArr; transfer_byte
</UL>
<BR>[Calls]<UL><LI><a href="#[75]">&gt;&gt;</a>&nbsp;&nbsp;&nbsp;dwt_write8bitoffsetreg
</UL>
<BR>[Called By]<UL><LI><a href="#[a0]">&gt;&gt;</a>&nbsp;&nbsp;&nbsp;dwt_softreset
</UL>

<P><STRONG><a name="[76]"></a>_dwt_configlde</STRONG> (Thumb, 50 bytes, Stack size 8 bytes, deca_device.o(i._dwt_configlde))
<BR><BR>[Stack]<UL><LI>Max Depth = 168<LI>Call Chain = _dwt_configlde &rArr; dwt_write8bitoffsetreg &rArr; dwt_writetodevice &rArr; writetospi &rArr; nrf_drv_spi_transfer &rArr; nrf_drv_spi_xfer &rArr; spi_xfer &rArr; transfer_byte
</UL>
<BR>[Calls]<UL><LI><a href="#[75]">&gt;&gt;</a>&nbsp;&nbsp;&nbsp;dwt_write8bitoffsetreg
<LI><a href="#[77]">&gt;&gt;</a>&nbsp;&nbsp;&nbsp;dwt_write16bitoffsetreg
</UL>
<BR>[Called By]<UL><LI><a href="#[98]">&gt;&gt;</a>&nbsp;&nbsp;&nbsp;dwt_configure
</UL>

<P><STRONG><a name="[78]"></a>_dwt_disablesequencing</STRONG> (Thumb, 22 bytes, Stack size 8 bytes, deca_device.o(i._dwt_disablesequencing))
<BR><BR>[Stack]<UL><LI>Max Depth = 168<LI>Call Chain = _dwt_disablesequencing &rArr; _dwt_enableclocks &rArr; dwt_writetodevice &rArr; writetospi &rArr; nrf_drv_spi_transfer &rArr; nrf_drv_spi_xfer &rArr; spi_xfer &rArr; transfer_byte
</UL>
<BR>[Calls]<UL><LI><a href="#[77]">&gt;&gt;</a>&nbsp;&nbsp;&nbsp;dwt_write16bitoffsetreg
<LI><a href="#[79]">&gt;&gt;</a>&nbsp;&nbsp;&nbsp;_dwt_enableclocks
</UL>
<BR>[Called By]<UL><LI><a href="#[a0]">&gt;&gt;</a>&nbsp;&nbsp;&nbsp;dwt_softreset
</UL>

<P><STRONG><a name="[79]"></a>_dwt_enableclocks</STRONG> (Thumb, 234 bytes, Stack size 16 bytes, deca_device.o(i._dwt_enableclocks))
<BR><BR>[Stack]<UL><LI>Max Depth = 160<LI>Call Chain = _dwt_enableclocks &rArr; dwt_writetodevice &rArr; writetospi &rArr; nrf_drv_spi_transfer &rArr; nrf_drv_spi_xfer &rArr; spi_xfer &rArr; transfer_byte
</UL>
<BR>[Calls]<UL><LI><a href="#[7b]">&gt;&gt;</a>&nbsp;&nbsp;&nbsp;dwt_writetodevice
<LI><a href="#[7a]">&gt;&gt;</a>&nbsp;&nbsp;&nbsp;dwt_readfromdevice
</UL>
<BR>[Called By]<UL><LI><a href="#[9e]">&gt;&gt;</a>&nbsp;&nbsp;&nbsp;dwt_initialise
<LI><a href="#[7c]">&gt;&gt;</a>&nbsp;&nbsp;&nbsp;_dwt_loaducodefromrom
<LI><a href="#[78]">&gt;&gt;</a>&nbsp;&nbsp;&nbsp;_dwt_disablesequencing
</UL>

<P><STRONG><a name="[7c]"></a>_dwt_loaducodefromrom</STRONG> (Thumb, 36 bytes, Stack size 8 bytes, deca_device.o(i._dwt_loaducodefromrom))
<BR><BR>[Stack]<UL><LI>Max Depth = 168<LI>Call Chain = _dwt_loaducodefromrom &rArr; _dwt_enableclocks &rArr; dwt_writetodevice &rArr; writetospi &rArr; nrf_drv_spi_transfer &rArr; nrf_drv_spi_xfer &rArr; spi_xfer &rArr; transfer_byte
</UL>
<BR>[Calls]<UL><LI><a href="#[7d]">&gt;&gt;</a>&nbsp;&nbsp;&nbsp;deca_sleep
<LI><a href="#[77]">&gt;&gt;</a>&nbsp;&nbsp;&nbsp;dwt_write16bitoffsetreg
<LI><a href="#[79]">&gt;&gt;</a>&nbsp;&nbsp;&nbsp;_dwt_enableclocks
</UL>
<BR>[Called By]<UL><LI><a href="#[9e]">&gt;&gt;</a>&nbsp;&nbsp;&nbsp;dwt_initialise
</UL>

<P><STRONG><a name="[7e]"></a>_dwt_otpread</STRONG> (Thumb, 44 bytes, Stack size 8 bytes, deca_device.o(i._dwt_otpread))
<BR><BR>[Stack]<UL><LI>Max Depth = 168<LI>Call Chain = _dwt_otpread &rArr; dwt_write8bitoffsetreg &rArr; dwt_writetodevice &rArr; writetospi &rArr; nrf_drv_spi_transfer &rArr; nrf_drv_spi_xfer &rArr; spi_xfer &rArr; transfer_byte
</UL>
<BR>[Calls]<UL><LI><a href="#[7f]">&gt;&gt;</a>&nbsp;&nbsp;&nbsp;dwt_read32bitoffsetreg
<LI><a href="#[75]">&gt;&gt;</a>&nbsp;&nbsp;&nbsp;dwt_write8bitoffsetreg
<LI><a href="#[77]">&gt;&gt;</a>&nbsp;&nbsp;&nbsp;dwt_write16bitoffsetreg
</UL>
<BR>[Called By]<UL><LI><a href="#[9e]">&gt;&gt;</a>&nbsp;&nbsp;&nbsp;dwt_initialise
</UL>

<P><STRONG><a name="[108]"></a>_init_box</STRONG> (Thumb, 70 bytes, Stack size 8 bytes, rt_membox.o(i._init_box))
<BR><BR>[Stack]<UL><LI>Max Depth = 8<LI>Call Chain = _init_box
</UL>
<BR>[Called By]<UL><LI><a href="#[106]">&gt;&gt;</a>&nbsp;&nbsp;&nbsp;rt_sys_init
</UL>

<P><STRONG><a name="[82]"></a>app_error_fault_handler</STRONG> (Thumb, 38 bytes, Stack size 0 bytes, app_error_weak.o(i.app_error_fault_handler))
<BR><BR>[Called By]<UL><LI><a href="#[81]">&gt;&gt;</a>&nbsp;&nbsp;&nbsp;app_error_handler_bare
</UL>

<P><STRONG><a name="[81]"></a>app_error_handler_bare</STRONG> (Thumb, 22 bytes, Stack size 16 bytes, app_error.o(i.app_error_handler_bare))
<BR><BR>[Stack]<UL><LI>Max Depth = 16<LI>Call Chain = app_error_handler_bare
</UL>
<BR>[Calls]<UL><LI><a href="#[82]">&gt;&gt;</a>&nbsp;&nbsp;&nbsp;app_error_fault_handler
</UL>
<BR>[Called By]<UL><LI><a href="#[bd]">&gt;&gt;</a>&nbsp;&nbsp;&nbsp;port_set_dw1000_slowrate
<LI><a href="#[be]">&gt;&gt;</a>&nbsp;&nbsp;&nbsp;port_set_dw1000_fastrate
<LI><a href="#[87]">&gt;&gt;</a>&nbsp;&nbsp;&nbsp;app_uart_get
</UL>

<P><STRONG><a name="[83]"></a>app_fifo_get</STRONG> (Thumb, 24 bytes, Stack size 8 bytes, app_fifo.o(i.app_fifo_get))
<BR><BR>[Stack]<UL><LI>Max Depth = 8<LI>Call Chain = app_fifo_get
</UL>
<BR>[Calls]<UL><LI><a href="#[84]">&gt;&gt;</a>&nbsp;&nbsp;&nbsp;fifo_get
</UL>
<BR>[Called By]<UL><LI><a href="#[8e]">&gt;&gt;</a>&nbsp;&nbsp;&nbsp;app_uart_put
<LI><a href="#[87]">&gt;&gt;</a>&nbsp;&nbsp;&nbsp;app_uart_get
<LI><a href="#[34]">&gt;&gt;</a>&nbsp;&nbsp;&nbsp;uart_event_handler
</UL>

<P><STRONG><a name="[8a]"></a>app_fifo_init</STRONG> (Thumb, 34 bytes, Stack size 0 bytes, app_fifo.o(i.app_fifo_init))
<BR><BR>[Called By]<UL><LI><a href="#[89]">&gt;&gt;</a>&nbsp;&nbsp;&nbsp;app_uart_init
</UL>

<P><STRONG><a name="[85]"></a>app_fifo_put</STRONG> (Thumb, 26 bytes, Stack size 8 bytes, app_fifo.o(i.app_fifo_put))
<BR><BR>[Stack]<UL><LI>Max Depth = 8<LI>Call Chain = app_fifo_put
</UL>
<BR>[Calls]<UL><LI><a href="#[86]">&gt;&gt;</a>&nbsp;&nbsp;&nbsp;fifo_put
</UL>
<BR>[Called By]<UL><LI><a href="#[8e]">&gt;&gt;</a>&nbsp;&nbsp;&nbsp;app_uart_put
<LI><a href="#[34]">&gt;&gt;</a>&nbsp;&nbsp;&nbsp;uart_event_handler
</UL>

<P><STRONG><a name="[87]"></a>app_uart_get</STRONG> (Thumb, 42 bytes, Stack size 16 bytes, app_uart_fifo.o(i.app_uart_get))
<BR><BR>[Stack]<UL><LI>Max Depth = 104<LI>Call Chain = app_uart_get &rArr; nrf_drv_uart_rx &rArr; nrf_drv_uart_rx_for_uart &rArr; rx_byte &rArr; nrf_uart_event_clear
</UL>
<BR>[Calls]<UL><LI><a href="#[81]">&gt;&gt;</a>&nbsp;&nbsp;&nbsp;app_error_handler_bare
<LI><a href="#[88]">&gt;&gt;</a>&nbsp;&nbsp;&nbsp;nrf_drv_uart_rx
<LI><a href="#[83]">&gt;&gt;</a>&nbsp;&nbsp;&nbsp;app_fifo_get
</UL>
<BR>[Called By]<UL><LI><a href="#[95]">&gt;&gt;</a>&nbsp;&nbsp;&nbsp;boUART_getc
</UL>

<P><STRONG><a name="[89]"></a>app_uart_init</STRONG> (Thumb, 176 bytes, Stack size 56 bytes, app_uart_fifo.o(i.app_uart_init))
<BR><BR>[Stack]<UL><LI>Max Depth = 144<LI>Call Chain = app_uart_init &rArr; nrf_drv_uart_rx &rArr; nrf_drv_uart_rx_for_uart &rArr; rx_byte &rArr; nrf_uart_event_clear
</UL>
<BR>[Calls]<UL><LI><a href="#[8d]">&gt;&gt;</a>&nbsp;&nbsp;&nbsp;nrf_drv_uart_rx_enable
<LI><a href="#[88]">&gt;&gt;</a>&nbsp;&nbsp;&nbsp;nrf_drv_uart_rx
<LI><a href="#[8c]">&gt;&gt;</a>&nbsp;&nbsp;&nbsp;nrf_drv_uart_init
<LI><a href="#[8a]">&gt;&gt;</a>&nbsp;&nbsp;&nbsp;app_fifo_init
<LI><a href="#[8b]">&gt;&gt;</a>&nbsp;&nbsp;&nbsp;__aeabi_memcpy4
</UL>
<BR>[Called By]<UL><LI><a href="#[94]">&gt;&gt;</a>&nbsp;&nbsp;&nbsp;boUART_Init
</UL>

<P><STRONG><a name="[8e]"></a>app_uart_put</STRONG> (Thumb, 52 bytes, Stack size 8 bytes, app_uart_fifo.o(i.app_uart_put))
<BR><BR>[Stack]<UL><LI>Max Depth = 96<LI>Call Chain = app_uart_put &rArr; nrf_drv_uart_tx &rArr; nrf_drv_uart_tx_for_uart &rArr; tx_byte &rArr; nrf_uart_event_clear
</UL>
<BR>[Calls]<UL><LI><a href="#[8f]">&gt;&gt;</a>&nbsp;&nbsp;&nbsp;nrf_drv_uart_tx_in_progress
<LI><a href="#[90]">&gt;&gt;</a>&nbsp;&nbsp;&nbsp;nrf_drv_uart_tx
<LI><a href="#[85]">&gt;&gt;</a>&nbsp;&nbsp;&nbsp;app_fifo_put
<LI><a href="#[83]">&gt;&gt;</a>&nbsp;&nbsp;&nbsp;app_fifo_get
</UL>
<BR>[Called By]<UL><LI><a href="#[33]">&gt;&gt;</a>&nbsp;&nbsp;&nbsp;fputc
</UL>

<P><STRONG><a name="[94]"></a>boUART_Init</STRONG> (Thumb, 46 bytes, Stack size 24 bytes, uart.o(i.boUART_Init))
<BR><BR>[Stack]<UL><LI>Max Depth = 168<LI>Call Chain = boUART_Init &rArr; app_uart_init &rArr; nrf_drv_uart_rx &rArr; nrf_drv_uart_rx_for_uart &rArr; rx_byte &rArr; nrf_uart_event_clear
</UL>
<BR>[Calls]<UL><LI><a href="#[89]">&gt;&gt;</a>&nbsp;&nbsp;&nbsp;app_uart_init
</UL>
<BR>[Called By]<UL><LI><a href="#[eb]">&gt;&gt;</a>&nbsp;&nbsp;&nbsp;resp_main
<LI><a href="#[ba]">&gt;&gt;</a>&nbsp;&nbsp;&nbsp;init_main
<LI><a href="#[43]">&gt;&gt;</a>&nbsp;&nbsp;&nbsp;main
</UL>

<P><STRONG><a name="[95]"></a>boUART_getc</STRONG> (Thumb, 16 bytes, Stack size 8 bytes, uart.o(i.boUART_getc))
<BR><BR>[Stack]<UL><LI>Max Depth = 112<LI>Call Chain = boUART_getc &rArr; app_uart_get &rArr; nrf_drv_uart_rx &rArr; nrf_drv_uart_rx_for_uart &rArr; rx_byte &rArr; nrf_uart_event_clear
</UL>
<BR>[Calls]<UL><LI><a href="#[87]">&gt;&gt;</a>&nbsp;&nbsp;&nbsp;app_uart_get
</UL>
<BR>[Called By]<UL><LI><a href="#[43]">&gt;&gt;</a>&nbsp;&nbsp;&nbsp;main
</UL>

<P><STRONG><a name="[107]"></a>dbg_init</STRONG> (Thumb, 34 bytes, Stack size 0 bytes, hal_cm.o(i.dbg_init))
<BR><BR>[Called By]<UL><LI><a href="#[106]">&gt;&gt;</a>&nbsp;&nbsp;&nbsp;rt_sys_init
</UL>

<P><STRONG><a name="[10e]"></a>dbg_task_notify</STRONG> (Thumb, 32 bytes, Stack size 0 bytes, hal_cm.o(i.dbg_task_notify))
<BR><BR>[Called By]<UL><LI><a href="#[10f]">&gt;&gt;</a>&nbsp;&nbsp;&nbsp;rt_tsk_delete
<LI><a href="#[10d]">&gt;&gt;</a>&nbsp;&nbsp;&nbsp;rt_tsk_create
</UL>

<P><STRONG><a name="[105]"></a>dbg_task_switch</STRONG> (Thumb, 16 bytes, Stack size 0 bytes, hal_cm.o(i.dbg_task_switch))
<BR><BR>[Called By]<UL><LI><a href="#[f2]">&gt;&gt;</a>&nbsp;&nbsp;&nbsp;rt_switch_req
</UL>

<P><STRONG><a name="[7d]"></a>deca_sleep</STRONG> (Thumb, 4 bytes, Stack size 0 bytes, port_platform.o(i.deca_sleep))
<BR><BR>[Calls]<UL><LI><a href="#[97]">&gt;&gt;</a>&nbsp;&nbsp;&nbsp;nrf_delay_ms
</UL>
<BR>[Called By]<UL><LI><a href="#[ed]">&gt;&gt;</a>&nbsp;&nbsp;&nbsp;resp_run_controller
<LI><a href="#[ba]">&gt;&gt;</a>&nbsp;&nbsp;&nbsp;init_main
<LI><a href="#[a0]">&gt;&gt;</a>&nbsp;&nbsp;&nbsp;dwt_softreset
<LI><a href="#[7c]">&gt;&gt;</a>&nbsp;&nbsp;&nbsp;_dwt_loaducodefromrom
</UL>

<P><STRONG><a name="[9d]"></a>decamutexoff</STRONG> (Thumb, 2 bytes, Stack size 0 bytes, port_platform.o(i.decamutexoff))
<BR><BR>[Called By]<UL><LI><a href="#[9a]">&gt;&gt;</a>&nbsp;&nbsp;&nbsp;dwt_forcetrxoff
</UL>

<P><STRONG><a name="[9b]"></a>decamutexon</STRONG> (Thumb, 4 bytes, Stack size 0 bytes, port_platform.o(i.decamutexon))
<BR><BR>[Called By]<UL><LI><a href="#[9a]">&gt;&gt;</a>&nbsp;&nbsp;&nbsp;dwt_forcetrxoff
</UL>

<P><STRONG><a name="[98]"></a>dwt_configure</STRONG> (Thumb, 496 bytes, Stack size 40 bytes, deca_device.o(i.dwt_configure))
<BR><BR>[Stack]<UL><LI>Max Depth = 208<LI>Call Chain = dwt_configure &rArr; _dwt_configlde &rArr; dwt_write8bitoffsetreg &rArr; dwt_writetodevice &rArr; writetospi &rArr; nrf_drv_spi_transfer &rArr; nrf_drv_spi_xfer &rArr; spi_xfer &rArr; transfer_byte
</UL>
<BR>[Calls]<UL><LI><a href="#[99]">&gt;&gt;</a>&nbsp;&nbsp;&nbsp;dwt_write32bitoffsetreg
<LI><a href="#[75]">&gt;&gt;</a>&nbsp;&nbsp;&nbsp;dwt_write8bitoffsetreg
<LI><a href="#[77]">&gt;&gt;</a>&nbsp;&nbsp;&nbsp;dwt_write16bitoffsetreg
<LI><a href="#[76]">&gt;&gt;</a>&nbsp;&nbsp;&nbsp;_dwt_configlde
</UL>
<BR>[Called By]<UL><LI><a href="#[eb]">&gt;&gt;</a>&nbsp;&nbsp;&nbsp;resp_main
<LI><a href="#[ba]">&gt;&gt;</a>&nbsp;&nbsp;&nbsp;init_main
</UL>

<P><STRONG><a name="[9a]"></a>dwt_forcetrxoff</STRONG> (Thumb, 78 bytes, Stack size 16 bytes, deca_device.o(i.dwt_forcetrxoff))
<BR><BR>[Stack]<UL><LI>Max Depth = 184<LI>Call Chain = dwt_forcetrxoff &rArr; dwt_syncrxbufptrs &rArr; dwt_write8bitoffsetreg &rArr; dwt_writetodevice &rArr; writetospi &rArr; nrf_drv_spi_transfer &rArr; nrf_drv_spi_xfer &rArr; spi_xfer &rArr; transfer_byte
</UL>
<BR>[Calls]<UL><LI><a href="#[99]">&gt;&gt;</a>&nbsp;&nbsp;&nbsp;dwt_write32bitoffsetreg
<LI><a href="#[7f]">&gt;&gt;</a>&nbsp;&nbsp;&nbsp;dwt_read32bitoffsetreg
<LI><a href="#[9b]">&gt;&gt;</a>&nbsp;&nbsp;&nbsp;decamutexon
<LI><a href="#[9d]">&gt;&gt;</a>&nbsp;&nbsp;&nbsp;decamutexoff
<LI><a href="#[75]">&gt;&gt;</a>&nbsp;&nbsp;&nbsp;dwt_write8bitoffsetreg
<LI><a href="#[9c]">&gt;&gt;</a>&nbsp;&nbsp;&nbsp;dwt_syncrxbufptrs
</UL>
<BR>[Called By]<UL><LI><a href="#[aa]">&gt;&gt;</a>&nbsp;&nbsp;&nbsp;dwt_rxenable
</UL>

<P><STRONG><a name="[9e]"></a>dwt_initialise</STRONG> (Thumb, 214 bytes, Stack size 16 bytes, deca_device.o(i.dwt_initialise))
<BR><BR>[Stack]<UL><LI>Max Depth = 192<LI>Call Chain = dwt_initialise &rArr; dwt_softreset &rArr; _dwt_disablesequencing &rArr; _dwt_enableclocks &rArr; dwt_writetodevice &rArr; writetospi &rArr; nrf_drv_spi_transfer &rArr; nrf_drv_spi_xfer &rArr; spi_xfer &rArr; transfer_byte
</UL>
<BR>[Calls]<UL><LI><a href="#[7f]">&gt;&gt;</a>&nbsp;&nbsp;&nbsp;dwt_read32bitoffsetreg
<LI><a href="#[75]">&gt;&gt;</a>&nbsp;&nbsp;&nbsp;dwt_write8bitoffsetreg
<LI><a href="#[77]">&gt;&gt;</a>&nbsp;&nbsp;&nbsp;dwt_write16bitoffsetreg
<LI><a href="#[a0]">&gt;&gt;</a>&nbsp;&nbsp;&nbsp;dwt_softreset
<LI><a href="#[a1]">&gt;&gt;</a>&nbsp;&nbsp;&nbsp;dwt_setxtaltrim
<LI><a href="#[9f]">&gt;&gt;</a>&nbsp;&nbsp;&nbsp;dwt_readdevid
<LI><a href="#[a2]">&gt;&gt;</a>&nbsp;&nbsp;&nbsp;dwt_read16bitoffsetreg
<LI><a href="#[7e]">&gt;&gt;</a>&nbsp;&nbsp;&nbsp;_dwt_otpread
<LI><a href="#[7c]">&gt;&gt;</a>&nbsp;&nbsp;&nbsp;_dwt_loaducodefromrom
<LI><a href="#[79]">&gt;&gt;</a>&nbsp;&nbsp;&nbsp;_dwt_enableclocks
</UL>
<BR>[Called By]<UL><LI><a href="#[eb]">&gt;&gt;</a>&nbsp;&nbsp;&nbsp;resp_main
<LI><a href="#[ba]">&gt;&gt;</a>&nbsp;&nbsp;&nbsp;init_main
</UL>

<P><STRONG><a name="[a2]"></a>dwt_read16bitoffsetreg</STRONG> (Thumb, 30 bytes, Stack size 8 bytes, deca_device.o(i.dwt_read16bitoffsetreg))
<BR><BR>[Stack]<UL><LI>Max Depth = 144<LI>Call Chain = dwt_read16bitoffsetreg &rArr; dwt_readfromdevice &rArr; readfromspi &rArr; nrf_drv_spi_transfer &rArr; nrf_drv_spi_xfer &rArr; spi_xfer &rArr; transfer_byte
</UL>
<BR>[Calls]<UL><LI><a href="#[7a]">&gt;&gt;</a>&nbsp;&nbsp;&nbsp;dwt_readfromdevice
</UL>
<BR>[Called By]<UL><LI><a href="#[9e]">&gt;&gt;</a>&nbsp;&nbsp;&nbsp;dwt_initialise
<LI><a href="#[b1]">&gt;&gt;</a>&nbsp;&nbsp;&nbsp;dwt_starttx
</UL>

<P><STRONG><a name="[7f]"></a>dwt_read32bitoffsetreg</STRONG> (Thumb, 36 bytes, Stack size 16 bytes, deca_device.o(i.dwt_read32bitoffsetreg))
<BR><BR>[Stack]<UL><LI>Max Depth = 152<LI>Call Chain = dwt_read32bitoffsetreg &rArr; dwt_readfromdevice &rArr; readfromspi &rArr; nrf_drv_spi_transfer &rArr; nrf_drv_spi_xfer &rArr; spi_xfer &rArr; transfer_byte
</UL>
<BR>[Calls]<UL><LI><a href="#[7a]">&gt;&gt;</a>&nbsp;&nbsp;&nbsp;dwt_readfromdevice
</UL>
<BR>[Called By]<UL><LI><a href="#[ed]">&gt;&gt;</a>&nbsp;&nbsp;&nbsp;resp_run_controller
<LI><a href="#[ad]">&gt;&gt;</a>&nbsp;&nbsp;&nbsp;dwt_setrxaftertxdelay
<LI><a href="#[9e]">&gt;&gt;</a>&nbsp;&nbsp;&nbsp;dwt_initialise
<LI><a href="#[a9]">&gt;&gt;</a>&nbsp;&nbsp;&nbsp;dwt_readtxtimestamplo32
<LI><a href="#[a8]">&gt;&gt;</a>&nbsp;&nbsp;&nbsp;dwt_readrxtimestamplo32
<LI><a href="#[bf]">&gt;&gt;</a>&nbsp;&nbsp;&nbsp;init_run_controller
<LI><a href="#[9f]">&gt;&gt;</a>&nbsp;&nbsp;&nbsp;dwt_readdevid
<LI><a href="#[9a]">&gt;&gt;</a>&nbsp;&nbsp;&nbsp;dwt_forcetrxoff
<LI><a href="#[7e]">&gt;&gt;</a>&nbsp;&nbsp;&nbsp;_dwt_otpread
</UL>

<P><STRONG><a name="[a3]"></a>dwt_read8bitoffsetreg</STRONG> (Thumb, 20 bytes, Stack size 8 bytes, deca_device.o(i.dwt_read8bitoffsetreg))
<BR><BR>[Stack]<UL><LI>Max Depth = 144<LI>Call Chain = dwt_read8bitoffsetreg &rArr; dwt_readfromdevice &rArr; readfromspi &rArr; nrf_drv_spi_transfer &rArr; nrf_drv_spi_xfer &rArr; spi_xfer &rArr; transfer_byte
</UL>
<BR>[Calls]<UL><LI><a href="#[7a]">&gt;&gt;</a>&nbsp;&nbsp;&nbsp;dwt_readfromdevice
</UL>
<BR>[Called By]<UL><LI><a href="#[aa]">&gt;&gt;</a>&nbsp;&nbsp;&nbsp;dwt_rxenable
<LI><a href="#[af]">&gt;&gt;</a>&nbsp;&nbsp;&nbsp;dwt_setrxtimeout
<LI><a href="#[9c]">&gt;&gt;</a>&nbsp;&nbsp;&nbsp;dwt_syncrxbufptrs
</UL>

<P><STRONG><a name="[a4]"></a>dwt_readcarrierintegrator</STRONG> (Thumb, 48 bytes, Stack size 16 bytes, deca_device.o(i.dwt_readcarrierintegrator))
<BR><BR>[Stack]<UL><LI>Max Depth = 152<LI>Call Chain = dwt_readcarrierintegrator &rArr; dwt_readfromdevice &rArr; readfromspi &rArr; nrf_drv_spi_transfer &rArr; nrf_drv_spi_xfer &rArr; spi_xfer &rArr; transfer_byte
</UL>
<BR>[Calls]<UL><LI><a href="#[7a]">&gt;&gt;</a>&nbsp;&nbsp;&nbsp;dwt_readfromdevice
</UL>
<BR>[Called By]<UL><LI><a href="#[bf]">&gt;&gt;</a>&nbsp;&nbsp;&nbsp;init_run_controller
</UL>

<P><STRONG><a name="[9f]"></a>dwt_readdevid</STRONG> (Thumb, 8 bytes, Stack size 0 bytes, deca_device.o(i.dwt_readdevid))
<BR><BR>[Stack]<UL><LI>Max Depth = 152<LI>Call Chain = dwt_readdevid &rArr; dwt_read32bitoffsetreg &rArr; dwt_readfromdevice &rArr; readfromspi &rArr; nrf_drv_spi_transfer &rArr; nrf_drv_spi_xfer &rArr; spi_xfer &rArr; transfer_byte
</UL>
<BR>[Calls]<UL><LI><a href="#[7f]">&gt;&gt;</a>&nbsp;&nbsp;&nbsp;dwt_read32bitoffsetreg
</UL>
<BR>[Called By]<UL><LI><a href="#[9e]">&gt;&gt;</a>&nbsp;&nbsp;&nbsp;dwt_initialise
</UL>

<P><STRONG><a name="[7a]"></a>dwt_readfromdevice</STRONG> (Thumb, 62 bytes, Stack size 8 bytes, deca_device.o(i.dwt_readfromdevice))
<BR><BR>[Stack]<UL><LI>Max Depth = 136<LI>Call Chain = dwt_readfromdevice &rArr; readfromspi &rArr; nrf_drv_spi_transfer &rArr; nrf_drv_spi_xfer &rArr; spi_xfer &rArr; transfer_byte
</UL>
<BR>[Calls]<UL><LI><a href="#[a5]">&gt;&gt;</a>&nbsp;&nbsp;&nbsp;readfromspi
</UL>
<BR>[Called By]<UL><LI><a href="#[a7]">&gt;&gt;</a>&nbsp;&nbsp;&nbsp;dwt_readrxtimestamp
<LI><a href="#[a6]">&gt;&gt;</a>&nbsp;&nbsp;&nbsp;dwt_readrxdata
<LI><a href="#[a4]">&gt;&gt;</a>&nbsp;&nbsp;&nbsp;dwt_readcarrierintegrator
<LI><a href="#[7f]">&gt;&gt;</a>&nbsp;&nbsp;&nbsp;dwt_read32bitoffsetreg
<LI><a href="#[a3]">&gt;&gt;</a>&nbsp;&nbsp;&nbsp;dwt_read8bitoffsetreg
<LI><a href="#[a2]">&gt;&gt;</a>&nbsp;&nbsp;&nbsp;dwt_read16bitoffsetreg
<LI><a href="#[79]">&gt;&gt;</a>&nbsp;&nbsp;&nbsp;_dwt_enableclocks
</UL>

<P><STRONG><a name="[a6]"></a>dwt_readrxdata</STRONG> (Thumb, 18 bytes, Stack size 8 bytes, deca_device.o(i.dwt_readrxdata))
<BR><BR>[Stack]<UL><LI>Max Depth = 144<LI>Call Chain = dwt_readrxdata &rArr; dwt_readfromdevice &rArr; readfromspi &rArr; nrf_drv_spi_transfer &rArr; nrf_drv_spi_xfer &rArr; spi_xfer &rArr; transfer_byte
</UL>
<BR>[Calls]<UL><LI><a href="#[7a]">&gt;&gt;</a>&nbsp;&nbsp;&nbsp;dwt_readfromdevice
</UL>
<BR>[Called By]<UL><LI><a href="#[ed]">&gt;&gt;</a>&nbsp;&nbsp;&nbsp;resp_run_controller
<LI><a href="#[bf]">&gt;&gt;</a>&nbsp;&nbsp;&nbsp;init_run_controller
</UL>

<P><STRONG><a name="[a7]"></a>dwt_readrxtimestamp</STRONG> (Thumb, 12 bytes, Stack size 0 bytes, deca_device.o(i.dwt_readrxtimestamp))
<BR><BR>[Stack]<UL><LI>Max Depth = 136<LI>Call Chain = dwt_readrxtimestamp &rArr; dwt_readfromdevice &rArr; readfromspi &rArr; nrf_drv_spi_transfer &rArr; nrf_drv_spi_xfer &rArr; spi_xfer &rArr; transfer_byte
</UL>
<BR>[Calls]<UL><LI><a href="#[7a]">&gt;&gt;</a>&nbsp;&nbsp;&nbsp;dwt_readfromdevice
</UL>
<BR>[Called By]<UL><LI><a href="#[b7]">&gt;&gt;</a>&nbsp;&nbsp;&nbsp;get_rx_timestamp_u64
</UL>

<P><STRONG><a name="[a8]"></a>dwt_readrxtimestamplo32</STRONG> (Thumb, 8 bytes, Stack size 0 bytes, deca_device.o(i.dwt_readrxtimestamplo32))
<BR><BR>[Stack]<UL><LI>Max Depth = 152<LI>Call Chain = dwt_readrxtimestamplo32 &rArr; dwt_read32bitoffsetreg &rArr; dwt_readfromdevice &rArr; readfromspi &rArr; nrf_drv_spi_transfer &rArr; nrf_drv_spi_xfer &rArr; spi_xfer &rArr; transfer_byte
</UL>
<BR>[Calls]<UL><LI><a href="#[7f]">&gt;&gt;</a>&nbsp;&nbsp;&nbsp;dwt_read32bitoffsetreg
</UL>
<BR>[Called By]<UL><LI><a href="#[bf]">&gt;&gt;</a>&nbsp;&nbsp;&nbsp;init_run_controller
</UL>

<P><STRONG><a name="[a9]"></a>dwt_readtxtimestamplo32</STRONG> (Thumb, 8 bytes, Stack size 0 bytes, deca_device.o(i.dwt_readtxtimestamplo32))
<BR><BR>[Stack]<UL><LI>Max Depth = 152<LI>Call Chain = dwt_readtxtimestamplo32 &rArr; dwt_read32bitoffsetreg &rArr; dwt_readfromdevice &rArr; readfromspi &rArr; nrf_drv_spi_transfer &rArr; nrf_drv_spi_xfer &rArr; spi_xfer &rArr; transfer_byte
</UL>
<BR>[Calls]<UL><LI><a href="#[7f]">&gt;&gt;</a>&nbsp;&nbsp;&nbsp;dwt_read32bitoffsetreg
</UL>
<BR>[Called By]<UL><LI><a href="#[bf]">&gt;&gt;</a>&nbsp;&nbsp;&nbsp;init_run_controller
</UL>

<P><STRONG><a name="[aa]"></a>dwt_rxenable</STRONG> (Thumb, 78 bytes, Stack size 16 bytes, deca_device.o(i.dwt_rxenable))
<BR><BR>[Stack]<UL><LI>Max Depth = 200<LI>Call Chain = dwt_rxenable &rArr; dwt_forcetrxoff &rArr; dwt_syncrxbufptrs &rArr; dwt_write8bitoffsetreg &rArr; dwt_writetodevice &rArr; writetospi &rArr; nrf_drv_spi_transfer &rArr; nrf_drv_spi_xfer &rArr; spi_xfer &rArr; transfer_byte
</UL>
<BR>[Calls]<UL><LI><a href="#[77]">&gt;&gt;</a>&nbsp;&nbsp;&nbsp;dwt_write16bitoffsetreg
<LI><a href="#[9c]">&gt;&gt;</a>&nbsp;&nbsp;&nbsp;dwt_syncrxbufptrs
<LI><a href="#[a3]">&gt;&gt;</a>&nbsp;&nbsp;&nbsp;dwt_read8bitoffsetreg
<LI><a href="#[9a]">&gt;&gt;</a>&nbsp;&nbsp;&nbsp;dwt_forcetrxoff
</UL>
<BR>[Called By]<UL><LI><a href="#[ed]">&gt;&gt;</a>&nbsp;&nbsp;&nbsp;resp_run_controller
</UL>

<P><STRONG><a name="[ab]"></a>dwt_rxreset</STRONG> (Thumb, 26 bytes, Stack size 8 bytes, deca_device.o(i.dwt_rxreset))
<BR><BR>[Stack]<UL><LI>Max Depth = 168<LI>Call Chain = dwt_rxreset &rArr; dwt_write8bitoffsetreg &rArr; dwt_writetodevice &rArr; writetospi &rArr; nrf_drv_spi_transfer &rArr; nrf_drv_spi_xfer &rArr; spi_xfer &rArr; transfer_byte
</UL>
<BR>[Calls]<UL><LI><a href="#[75]">&gt;&gt;</a>&nbsp;&nbsp;&nbsp;dwt_write8bitoffsetreg
</UL>
<BR>[Called By]<UL><LI><a href="#[ed]">&gt;&gt;</a>&nbsp;&nbsp;&nbsp;resp_run_controller
<LI><a href="#[bf]">&gt;&gt;</a>&nbsp;&nbsp;&nbsp;init_run_controller
</UL>

<P><STRONG><a name="[ac]"></a>dwt_setdelayedtrxtime</STRONG> (Thumb, 10 bytes, Stack size 0 bytes, deca_device.o(i.dwt_setdelayedtrxtime))
<BR><BR>[Stack]<UL><LI>Max Depth = 160<LI>Call Chain = dwt_setdelayedtrxtime &rArr; dwt_write32bitoffsetreg &rArr; dwt_writetodevice &rArr; writetospi &rArr; nrf_drv_spi_transfer &rArr; nrf_drv_spi_xfer &rArr; spi_xfer &rArr; transfer_byte
</UL>
<BR>[Calls]<UL><LI><a href="#[99]">&gt;&gt;</a>&nbsp;&nbsp;&nbsp;dwt_write32bitoffsetreg
</UL>
<BR>[Called By]<UL><LI><a href="#[ed]">&gt;&gt;</a>&nbsp;&nbsp;&nbsp;resp_run_controller
</UL>

<P><STRONG><a name="[ad]"></a>dwt_setrxaftertxdelay</STRONG> (Thumb, 34 bytes, Stack size 8 bytes, deca_device.o(i.dwt_setrxaftertxdelay))
<BR><BR>[Stack]<UL><LI>Max Depth = 168<LI>Call Chain = dwt_setrxaftertxdelay &rArr; dwt_write32bitoffsetreg &rArr; dwt_writetodevice &rArr; writetospi &rArr; nrf_drv_spi_transfer &rArr; nrf_drv_spi_xfer &rArr; spi_xfer &rArr; transfer_byte
</UL>
<BR>[Calls]<UL><LI><a href="#[99]">&gt;&gt;</a>&nbsp;&nbsp;&nbsp;dwt_write32bitoffsetreg
<LI><a href="#[7f]">&gt;&gt;</a>&nbsp;&nbsp;&nbsp;dwt_read32bitoffsetreg
</UL>
<BR>[Called By]<UL><LI><a href="#[eb]">&gt;&gt;</a>&nbsp;&nbsp;&nbsp;resp_main
<LI><a href="#[ba]">&gt;&gt;</a>&nbsp;&nbsp;&nbsp;init_main
</UL>

<P><STRONG><a name="[ae]"></a>dwt_setrxantennadelay</STRONG> (Thumb, 12 bytes, Stack size 0 bytes, deca_device.o(i.dwt_setrxantennadelay))
<BR><BR>[Stack]<UL><LI>Max Depth = 152<LI>Call Chain = dwt_setrxantennadelay &rArr; dwt_write16bitoffsetreg &rArr; dwt_writetodevice &rArr; writetospi &rArr; nrf_drv_spi_transfer &rArr; nrf_drv_spi_xfer &rArr; spi_xfer &rArr; transfer_byte
</UL>
<BR>[Calls]<UL><LI><a href="#[77]">&gt;&gt;</a>&nbsp;&nbsp;&nbsp;dwt_write16bitoffsetreg
</UL>
<BR>[Called By]<UL><LI><a href="#[eb]">&gt;&gt;</a>&nbsp;&nbsp;&nbsp;resp_main
<LI><a href="#[ba]">&gt;&gt;</a>&nbsp;&nbsp;&nbsp;init_main
</UL>

<P><STRONG><a name="[af]"></a>dwt_setrxtimeout</STRONG> (Thumb, 80 bytes, Stack size 16 bytes, deca_device.o(i.dwt_setrxtimeout))
<BR><BR>[Stack]<UL><LI>Max Depth = 176<LI>Call Chain = dwt_setrxtimeout &rArr; dwt_write8bitoffsetreg &rArr; dwt_writetodevice &rArr; writetospi &rArr; nrf_drv_spi_transfer &rArr; nrf_drv_spi_xfer &rArr; spi_xfer &rArr; transfer_byte
</UL>
<BR>[Calls]<UL><LI><a href="#[75]">&gt;&gt;</a>&nbsp;&nbsp;&nbsp;dwt_write8bitoffsetreg
<LI><a href="#[77]">&gt;&gt;</a>&nbsp;&nbsp;&nbsp;dwt_write16bitoffsetreg
<LI><a href="#[a3]">&gt;&gt;</a>&nbsp;&nbsp;&nbsp;dwt_read8bitoffsetreg
</UL>
<BR>[Called By]<UL><LI><a href="#[eb]">&gt;&gt;</a>&nbsp;&nbsp;&nbsp;resp_main
<LI><a href="#[ba]">&gt;&gt;</a>&nbsp;&nbsp;&nbsp;init_main
</UL>

<P><STRONG><a name="[b0]"></a>dwt_settxantennadelay</STRONG> (Thumb, 10 bytes, Stack size 0 bytes, deca_device.o(i.dwt_settxantennadelay))
<BR><BR>[Stack]<UL><LI>Max Depth = 152<LI>Call Chain = dwt_settxantennadelay &rArr; dwt_write16bitoffsetreg &rArr; dwt_writetodevice &rArr; writetospi &rArr; nrf_drv_spi_transfer &rArr; nrf_drv_spi_xfer &rArr; spi_xfer &rArr; transfer_byte
</UL>
<BR>[Calls]<UL><LI><a href="#[77]">&gt;&gt;</a>&nbsp;&nbsp;&nbsp;dwt_write16bitoffsetreg
</UL>
<BR>[Called By]<UL><LI><a href="#[eb]">&gt;&gt;</a>&nbsp;&nbsp;&nbsp;resp_main
<LI><a href="#[ba]">&gt;&gt;</a>&nbsp;&nbsp;&nbsp;init_main
</UL>

<P><STRONG><a name="[a1]"></a>dwt_setxtaltrim</STRONG> (Thumb, 16 bytes, Stack size 0 bytes, deca_device.o(i.dwt_setxtaltrim))
<BR><BR>[Stack]<UL><LI>Max Depth = 160<LI>Call Chain = dwt_setxtaltrim &rArr; dwt_write8bitoffsetreg &rArr; dwt_writetodevice &rArr; writetospi &rArr; nrf_drv_spi_transfer &rArr; nrf_drv_spi_xfer &rArr; spi_xfer &rArr; transfer_byte
</UL>
<BR>[Calls]<UL><LI><a href="#[75]">&gt;&gt;</a>&nbsp;&nbsp;&nbsp;dwt_write8bitoffsetreg
</UL>
<BR>[Called By]<UL><LI><a href="#[9e]">&gt;&gt;</a>&nbsp;&nbsp;&nbsp;dwt_initialise
</UL>

<P><STRONG><a name="[a0]"></a>dwt_softreset</STRONG> (Thumb, 66 bytes, Stack size 8 bytes, deca_device.o(i.dwt_softreset))
<BR><BR>[Stack]<UL><LI>Max Depth = 176<LI>Call Chain = dwt_softreset &rArr; _dwt_disablesequencing &rArr; _dwt_enableclocks &rArr; dwt_writetodevice &rArr; writetospi &rArr; nrf_drv_spi_transfer &rArr; nrf_drv_spi_xfer &rArr; spi_xfer &rArr; transfer_byte
</UL>
<BR>[Calls]<UL><LI><a href="#[7d]">&gt;&gt;</a>&nbsp;&nbsp;&nbsp;deca_sleep
<LI><a href="#[75]">&gt;&gt;</a>&nbsp;&nbsp;&nbsp;dwt_write8bitoffsetreg
<LI><a href="#[77]">&gt;&gt;</a>&nbsp;&nbsp;&nbsp;dwt_write16bitoffsetreg
<LI><a href="#[78]">&gt;&gt;</a>&nbsp;&nbsp;&nbsp;_dwt_disablesequencing
<LI><a href="#[74]">&gt;&gt;</a>&nbsp;&nbsp;&nbsp;_dwt_aonarrayupload
</UL>
<BR>[Called By]<UL><LI><a href="#[9e]">&gt;&gt;</a>&nbsp;&nbsp;&nbsp;dwt_initialise
</UL>

<P><STRONG><a name="[b1]"></a>dwt_starttx</STRONG> (Thumb, 102 bytes, Stack size 24 bytes, deca_device.o(i.dwt_starttx))
<BR><BR>[Stack]<UL><LI>Max Depth = 184<LI>Call Chain = dwt_starttx &rArr; dwt_write8bitoffsetreg &rArr; dwt_writetodevice &rArr; writetospi &rArr; nrf_drv_spi_transfer &rArr; nrf_drv_spi_xfer &rArr; spi_xfer &rArr; transfer_byte
</UL>
<BR>[Calls]<UL><LI><a href="#[75]">&gt;&gt;</a>&nbsp;&nbsp;&nbsp;dwt_write8bitoffsetreg
<LI><a href="#[a2]">&gt;&gt;</a>&nbsp;&nbsp;&nbsp;dwt_read16bitoffsetreg
</UL>
<BR>[Called By]<UL><LI><a href="#[ed]">&gt;&gt;</a>&nbsp;&nbsp;&nbsp;resp_run_controller
<LI><a href="#[bf]">&gt;&gt;</a>&nbsp;&nbsp;&nbsp;init_run_controller
</UL>

<P><STRONG><a name="[9c]"></a>dwt_syncrxbufptrs</STRONG> (Thumb, 40 bytes, Stack size 8 bytes, deca_device.o(i.dwt_syncrxbufptrs))
<BR><BR>[Stack]<UL><LI>Max Depth = 168<LI>Call Chain = dwt_syncrxbufptrs &rArr; dwt_write8bitoffsetreg &rArr; dwt_writetodevice &rArr; writetospi &rArr; nrf_drv_spi_transfer &rArr; nrf_drv_spi_xfer &rArr; spi_xfer &rArr; transfer_byte
</UL>
<BR>[Calls]<UL><LI><a href="#[75]">&gt;&gt;</a>&nbsp;&nbsp;&nbsp;dwt_write8bitoffsetreg
<LI><a href="#[a3]">&gt;&gt;</a>&nbsp;&nbsp;&nbsp;dwt_read8bitoffsetreg
</UL>
<BR>[Called By]<UL><LI><a href="#[aa]">&gt;&gt;</a>&nbsp;&nbsp;&nbsp;dwt_rxenable
<LI><a href="#[9a]">&gt;&gt;</a>&nbsp;&nbsp;&nbsp;dwt_forcetrxoff
</UL>

<P><STRONG><a name="[77]"></a>dwt_write16bitoffsetreg</STRONG> (Thumb, 26 bytes, Stack size 8 bytes, deca_device.o(i.dwt_write16bitoffsetreg))
<BR><BR>[Stack]<UL><LI>Max Depth = 152<LI>Call Chain = dwt_write16bitoffsetreg &rArr; dwt_writetodevice &rArr; writetospi &rArr; nrf_drv_spi_transfer &rArr; nrf_drv_spi_xfer &rArr; spi_xfer &rArr; transfer_byte
</UL>
<BR>[Calls]<UL><LI><a href="#[7b]">&gt;&gt;</a>&nbsp;&nbsp;&nbsp;dwt_writetodevice
</UL>
<BR>[Called By]<UL><LI><a href="#[aa]">&gt;&gt;</a>&nbsp;&nbsp;&nbsp;dwt_rxenable
<LI><a href="#[b0]">&gt;&gt;</a>&nbsp;&nbsp;&nbsp;dwt_settxantennadelay
<LI><a href="#[af]">&gt;&gt;</a>&nbsp;&nbsp;&nbsp;dwt_setrxtimeout
<LI><a href="#[ae]">&gt;&gt;</a>&nbsp;&nbsp;&nbsp;dwt_setrxantennadelay
<LI><a href="#[9e]">&gt;&gt;</a>&nbsp;&nbsp;&nbsp;dwt_initialise
<LI><a href="#[98]">&gt;&gt;</a>&nbsp;&nbsp;&nbsp;dwt_configure
<LI><a href="#[a0]">&gt;&gt;</a>&nbsp;&nbsp;&nbsp;dwt_softreset
<LI><a href="#[7e]">&gt;&gt;</a>&nbsp;&nbsp;&nbsp;_dwt_otpread
<LI><a href="#[7c]">&gt;&gt;</a>&nbsp;&nbsp;&nbsp;_dwt_loaducodefromrom
<LI><a href="#[78]">&gt;&gt;</a>&nbsp;&nbsp;&nbsp;_dwt_disablesequencing
<LI><a href="#[76]">&gt;&gt;</a>&nbsp;&nbsp;&nbsp;_dwt_configlde
</UL>

<P><STRONG><a name="[99]"></a>dwt_write32bitoffsetreg</STRONG> (Thumb, 30 bytes, Stack size 16 bytes, deca_device.o(i.dwt_write32bitoffsetreg))
<BR><BR>[Stack]<UL><LI>Max Depth = 160<LI>Call Chain = dwt_write32bitoffsetreg &rArr; dwt_writetodevice &rArr; writetospi &rArr; nrf_drv_spi_transfer &rArr; nrf_drv_spi_xfer &rArr; spi_xfer &rArr; transfer_byte
</UL>
<BR>[Calls]<UL><LI><a href="#[7b]">&gt;&gt;</a>&nbsp;&nbsp;&nbsp;dwt_writetodevice
</UL>
<BR>[Called By]<UL><LI><a href="#[ac]">&gt;&gt;</a>&nbsp;&nbsp;&nbsp;dwt_setdelayedtrxtime
<LI><a href="#[ed]">&gt;&gt;</a>&nbsp;&nbsp;&nbsp;resp_run_controller
<LI><a href="#[ad]">&gt;&gt;</a>&nbsp;&nbsp;&nbsp;dwt_setrxaftertxdelay
<LI><a href="#[98]">&gt;&gt;</a>&nbsp;&nbsp;&nbsp;dwt_configure
<LI><a href="#[b4]">&gt;&gt;</a>&nbsp;&nbsp;&nbsp;dwt_writetxfctrl
<LI><a href="#[bf]">&gt;&gt;</a>&nbsp;&nbsp;&nbsp;init_run_controller
<LI><a href="#[9a]">&gt;&gt;</a>&nbsp;&nbsp;&nbsp;dwt_forcetrxoff
</UL>

<P><STRONG><a name="[75]"></a>dwt_write8bitoffsetreg</STRONG> (Thumb, 16 bytes, Stack size 16 bytes, deca_device.o(i.dwt_write8bitoffsetreg))
<BR><BR>[Stack]<UL><LI>Max Depth = 160<LI>Call Chain = dwt_write8bitoffsetreg &rArr; dwt_writetodevice &rArr; writetospi &rArr; nrf_drv_spi_transfer &rArr; nrf_drv_spi_xfer &rArr; spi_xfer &rArr; transfer_byte
</UL>
<BR>[Calls]<UL><LI><a href="#[7b]">&gt;&gt;</a>&nbsp;&nbsp;&nbsp;dwt_writetodevice
</UL>
<BR>[Called By]<UL><LI><a href="#[af]">&gt;&gt;</a>&nbsp;&nbsp;&nbsp;dwt_setrxtimeout
<LI><a href="#[9e]">&gt;&gt;</a>&nbsp;&nbsp;&nbsp;dwt_initialise
<LI><a href="#[98]">&gt;&gt;</a>&nbsp;&nbsp;&nbsp;dwt_configure
<LI><a href="#[b1]">&gt;&gt;</a>&nbsp;&nbsp;&nbsp;dwt_starttx
<LI><a href="#[ab]">&gt;&gt;</a>&nbsp;&nbsp;&nbsp;dwt_rxreset
<LI><a href="#[9c]">&gt;&gt;</a>&nbsp;&nbsp;&nbsp;dwt_syncrxbufptrs
<LI><a href="#[a0]">&gt;&gt;</a>&nbsp;&nbsp;&nbsp;dwt_softreset
<LI><a href="#[a1]">&gt;&gt;</a>&nbsp;&nbsp;&nbsp;dwt_setxtaltrim
<LI><a href="#[9a]">&gt;&gt;</a>&nbsp;&nbsp;&nbsp;dwt_forcetrxoff
<LI><a href="#[7e]">&gt;&gt;</a>&nbsp;&nbsp;&nbsp;_dwt_otpread
<LI><a href="#[76]">&gt;&gt;</a>&nbsp;&nbsp;&nbsp;_dwt_configlde
<LI><a href="#[74]">&gt;&gt;</a>&nbsp;&nbsp;&nbsp;_dwt_aonarrayupload
</UL>

<P><STRONG><a name="[7b]"></a>dwt_writetodevice</STRONG> (Thumb, 66 bytes, Stack size 16 bytes, deca_device.o(i.dwt_writetodevice))
<BR><BR>[Stack]<UL><LI>Max Depth = 144<LI>Call Chain = dwt_writetodevice &rArr; writetospi &rArr; nrf_drv_spi_transfer &rArr; nrf_drv_spi_xfer &rArr; spi_xfer &rArr; transfer_byte
</UL>
<BR>[Calls]<UL><LI><a href="#[b2]">&gt;&gt;</a>&nbsp;&nbsp;&nbsp;writetospi
</UL>
<BR>[Called By]<UL><LI><a href="#[b3]">&gt;&gt;</a>&nbsp;&nbsp;&nbsp;dwt_writetxdata
<LI><a href="#[99]">&gt;&gt;</a>&nbsp;&nbsp;&nbsp;dwt_write32bitoffsetreg
<LI><a href="#[75]">&gt;&gt;</a>&nbsp;&nbsp;&nbsp;dwt_write8bitoffsetreg
<LI><a href="#[77]">&gt;&gt;</a>&nbsp;&nbsp;&nbsp;dwt_write16bitoffsetreg
<LI><a href="#[79]">&gt;&gt;</a>&nbsp;&nbsp;&nbsp;_dwt_enableclocks
</UL>

<P><STRONG><a name="[b3]"></a>dwt_writetxdata</STRONG> (Thumb, 32 bytes, Stack size 8 bytes, deca_device.o(i.dwt_writetxdata))
<BR><BR>[Stack]<UL><LI>Max Depth = 152<LI>Call Chain = dwt_writetxdata &rArr; dwt_writetodevice &rArr; writetospi &rArr; nrf_drv_spi_transfer &rArr; nrf_drv_spi_xfer &rArr; spi_xfer &rArr; transfer_byte
</UL>
<BR>[Calls]<UL><LI><a href="#[7b]">&gt;&gt;</a>&nbsp;&nbsp;&nbsp;dwt_writetodevice
</UL>
<BR>[Called By]<UL><LI><a href="#[ed]">&gt;&gt;</a>&nbsp;&nbsp;&nbsp;resp_run_controller
<LI><a href="#[bf]">&gt;&gt;</a>&nbsp;&nbsp;&nbsp;init_run_controller
</UL>

<P><STRONG><a name="[b4]"></a>dwt_writetxfctrl</STRONG> (Thumb, 24 bytes, Stack size 0 bytes, deca_device.o(i.dwt_writetxfctrl))
<BR><BR>[Stack]<UL><LI>Max Depth = 160<LI>Call Chain = dwt_writetxfctrl &rArr; dwt_write32bitoffsetreg &rArr; dwt_writetodevice &rArr; writetospi &rArr; nrf_drv_spi_transfer &rArr; nrf_drv_spi_xfer &rArr; spi_xfer &rArr; transfer_byte
</UL>
<BR>[Calls]<UL><LI><a href="#[99]">&gt;&gt;</a>&nbsp;&nbsp;&nbsp;dwt_write32bitoffsetreg
</UL>
<BR>[Called By]<UL><LI><a href="#[ed]">&gt;&gt;</a>&nbsp;&nbsp;&nbsp;resp_run_controller
<LI><a href="#[bf]">&gt;&gt;</a>&nbsp;&nbsp;&nbsp;init_run_controller
</UL>

<P><STRONG><a name="[33]"></a>fputc</STRONG> (Thumb, 14 bytes, Stack size 8 bytes, retarget.o(i.fputc))
<BR><BR>[Stack]<UL><LI>Max Depth = 104<LI>Call Chain = fputc &rArr; app_uart_put &rArr; nrf_drv_uart_tx &rArr; nrf_drv_uart_tx_for_uart &rArr; tx_byte &rArr; nrf_uart_event_clear
</UL>
<BR>[Calls]<UL><LI><a href="#[8e]">&gt;&gt;</a>&nbsp;&nbsp;&nbsp;app_uart_put
</UL>
<BR>[Address Reference Count : 1]<UL><LI> printf3.o(i.__0printf$3)
</UL>
<P><STRONG><a name="[e9]"></a>free</STRONG> (Thumb, 76 bytes, Stack size 8 bytes, malloc.o(i.free))
<BR><BR>[Stack]<UL><LI>Max Depth = 8<LI>Call Chain = free
</UL>
<BR>[Called By]<UL><LI><a href="#[b2]">&gt;&gt;</a>&nbsp;&nbsp;&nbsp;writetospi
<LI><a href="#[a5]">&gt;&gt;</a>&nbsp;&nbsp;&nbsp;readfromspi
</UL>

<P><STRONG><a name="[b8]"></a>handle_function</STRONG> (Thumb, 22 bytes, Stack size 8 bytes, main.o(i.handle_function))
<BR><BR>[Stack]<UL><LI>Max Depth = 80<LI>Call Chain = handle_function &rArr; osThreadCreate &rArr; svcThreadCreate &rArr; rt_tsk_create &rArr; rt_init_context &rArr; rt_init_stack
</UL>
<BR>[Calls]<UL><LI><a href="#[48]">&gt;&gt;</a>&nbsp;&nbsp;&nbsp;osThreadCreate
<LI><a href="#[b9]">&gt;&gt;</a>&nbsp;&nbsp;&nbsp;__2printf
</UL>
<BR>[Called By]<UL><LI><a href="#[43]">&gt;&gt;</a>&nbsp;&nbsp;&nbsp;main
</UL>

<P><STRONG><a name="[ba]"></a>init_main</STRONG> (Thumb, 152 bytes, Stack size 16 bytes, init_main.o(i.init_main))
<BR><BR>[Stack]<UL><LI>Max Depth = 232<LI>Call Chain = init_main &rArr; init_run_controller &rArr; dwt_starttx &rArr; dwt_write8bitoffsetreg &rArr; dwt_writetodevice &rArr; writetospi &rArr; nrf_drv_spi_transfer &rArr; nrf_drv_spi_xfer &rArr; spi_xfer &rArr; transfer_byte
</UL>
<BR>[Calls]<UL><LI><a href="#[bc]">&gt;&gt;</a>&nbsp;&nbsp;&nbsp;reset_DW1000
<LI><a href="#[bd]">&gt;&gt;</a>&nbsp;&nbsp;&nbsp;port_set_dw1000_slowrate
<LI><a href="#[be]">&gt;&gt;</a>&nbsp;&nbsp;&nbsp;port_set_dw1000_fastrate
<LI><a href="#[b0]">&gt;&gt;</a>&nbsp;&nbsp;&nbsp;dwt_settxantennadelay
<LI><a href="#[af]">&gt;&gt;</a>&nbsp;&nbsp;&nbsp;dwt_setrxtimeout
<LI><a href="#[ae]">&gt;&gt;</a>&nbsp;&nbsp;&nbsp;dwt_setrxantennadelay
<LI><a href="#[ad]">&gt;&gt;</a>&nbsp;&nbsp;&nbsp;dwt_setrxaftertxdelay
<LI><a href="#[9e]">&gt;&gt;</a>&nbsp;&nbsp;&nbsp;dwt_initialise
<LI><a href="#[98]">&gt;&gt;</a>&nbsp;&nbsp;&nbsp;dwt_configure
<LI><a href="#[7d]">&gt;&gt;</a>&nbsp;&nbsp;&nbsp;deca_sleep
<LI><a href="#[bb]">&gt;&gt;</a>&nbsp;&nbsp;&nbsp;nrf_gpio_cfg
<LI><a href="#[bf]">&gt;&gt;</a>&nbsp;&nbsp;&nbsp;init_run_controller
<LI><a href="#[94]">&gt;&gt;</a>&nbsp;&nbsp;&nbsp;boUART_Init
<LI><a href="#[b9]">&gt;&gt;</a>&nbsp;&nbsp;&nbsp;__2printf
</UL>
<BR>[Called By]<UL><LI><a href="#[41]">&gt;&gt;</a>&nbsp;&nbsp;&nbsp;thread_job
</UL>

<P><STRONG><a name="[bf]"></a>init_run_controller</STRONG> (Thumb, 350 bytes, Stack size 32 bytes, init_controller.o(i.init_run_controller))
<BR><BR>[Stack]<UL><LI>Max Depth = 216<LI>Call Chain = init_run_controller &rArr; dwt_starttx &rArr; dwt_write8bitoffsetreg &rArr; dwt_writetodevice &rArr; writetospi &rArr; nrf_drv_spi_transfer &rArr; nrf_drv_spi_xfer &rArr; spi_xfer &rArr; transfer_byte
</UL>
<BR>[Calls]<UL><LI><a href="#[b4]">&gt;&gt;</a>&nbsp;&nbsp;&nbsp;dwt_writetxfctrl
<LI><a href="#[b3]">&gt;&gt;</a>&nbsp;&nbsp;&nbsp;dwt_writetxdata
<LI><a href="#[99]">&gt;&gt;</a>&nbsp;&nbsp;&nbsp;dwt_write32bitoffsetreg
<LI><a href="#[b1]">&gt;&gt;</a>&nbsp;&nbsp;&nbsp;dwt_starttx
<LI><a href="#[ab]">&gt;&gt;</a>&nbsp;&nbsp;&nbsp;dwt_rxreset
<LI><a href="#[a9]">&gt;&gt;</a>&nbsp;&nbsp;&nbsp;dwt_readtxtimestamplo32
<LI><a href="#[a8]">&gt;&gt;</a>&nbsp;&nbsp;&nbsp;dwt_readrxtimestamplo32
<LI><a href="#[a6]">&gt;&gt;</a>&nbsp;&nbsp;&nbsp;dwt_readrxdata
<LI><a href="#[a4]">&gt;&gt;</a>&nbsp;&nbsp;&nbsp;dwt_readcarrierintegrator
<LI><a href="#[7f]">&gt;&gt;</a>&nbsp;&nbsp;&nbsp;dwt_read32bitoffsetreg
<LI><a href="#[54]">&gt;&gt;</a>&nbsp;&nbsp;&nbsp;__aeabi_i2d
<LI><a href="#[c2]">&gt;&gt;</a>&nbsp;&nbsp;&nbsp;__aeabi_f2d
<LI><a href="#[52]">&gt;&gt;</a>&nbsp;&nbsp;&nbsp;__aeabi_dmul
<LI><a href="#[55]">&gt;&gt;</a>&nbsp;&nbsp;&nbsp;__aeabi_d2f
<LI><a href="#[c1]">&gt;&gt;</a>&nbsp;&nbsp;&nbsp;resp_msg_get_ts
<LI><a href="#[c0]">&gt;&gt;</a>&nbsp;&nbsp;&nbsp;memcmp
<LI><a href="#[b9]">&gt;&gt;</a>&nbsp;&nbsp;&nbsp;__2printf
</UL>
<BR>[Called By]<UL><LI><a href="#[ba]">&gt;&gt;</a>&nbsp;&nbsp;&nbsp;init_main
</UL>

<P><STRONG><a name="[c9]"></a>isrMessageGet</STRONG> (Thumb, 42 bytes, Stack size 16 bytes, rt_cmsis.o(i.isrMessageGet))
<BR><BR>[Stack]<UL><LI>Max Depth = 40<LI>Call Chain = isrMessageGet &rArr; isr_mbx_receive &rArr; rt_psq_enq
</UL>
<BR>[Calls]<UL><LI><a href="#[ca]">&gt;&gt;</a>&nbsp;&nbsp;&nbsp;isr_mbx_receive
</UL>
<BR>[Called By]<UL><LI><a href="#[e4]">&gt;&gt;</a>&nbsp;&nbsp;&nbsp;osMessageGet
</UL>

<P><STRONG><a name="[cb]"></a>isrMessagePut</STRONG> (Thumb, 44 bytes, Stack size 16 bytes, rt_cmsis.o(i.isrMessagePut))
<BR><BR>[Stack]<UL><LI>Max Depth = 40<LI>Call Chain = isrMessagePut &rArr; isr_mbx_send &rArr; rt_psq_enq
</UL>
<BR>[Calls]<UL><LI><a href="#[cc]">&gt;&gt;</a>&nbsp;&nbsp;&nbsp;rt_mbx_check
<LI><a href="#[cd]">&gt;&gt;</a>&nbsp;&nbsp;&nbsp;isr_mbx_send
</UL>
<BR>[Called By]<UL><LI><a href="#[10c]">&gt;&gt;</a>&nbsp;&nbsp;&nbsp;sysTimerTick
</UL>

<P><STRONG><a name="[ca]"></a>isr_mbx_receive</STRONG> (Thumb, 82 bytes, Stack size 8 bytes, rt_mailbox.o(i.isr_mbx_receive))
<BR><BR>[Stack]<UL><LI>Max Depth = 24<LI>Call Chain = isr_mbx_receive &rArr; rt_psq_enq
</UL>
<BR>[Calls]<UL><LI><a href="#[ce]">&gt;&gt;</a>&nbsp;&nbsp;&nbsp;rt_psq_enq
<LI><a href="#[cf]">&gt;&gt;</a>&nbsp;&nbsp;&nbsp;rt_psh_req
</UL>
<BR>[Called By]<UL><LI><a href="#[c9]">&gt;&gt;</a>&nbsp;&nbsp;&nbsp;isrMessageGet
</UL>

<P><STRONG><a name="[cd]"></a>isr_mbx_send</STRONG> (Thumb, 14 bytes, Stack size 8 bytes, rt_mailbox.o(i.isr_mbx_send))
<BR><BR>[Stack]<UL><LI>Max Depth = 24<LI>Call Chain = isr_mbx_send &rArr; rt_psq_enq
</UL>
<BR>[Calls]<UL><LI><a href="#[ce]">&gt;&gt;</a>&nbsp;&nbsp;&nbsp;rt_psq_enq
<LI><a href="#[cf]">&gt;&gt;</a>&nbsp;&nbsp;&nbsp;rt_psh_req
</UL>
<BR>[Called By]<UL><LI><a href="#[cb]">&gt;&gt;</a>&nbsp;&nbsp;&nbsp;isrMessagePut
</UL>

<P><STRONG><a name="[43]"></a>main</STRONG> (Thumb, 208 bytes, Stack size 8 bytes, main.o(i.main))
<BR><BR>[Stack]<UL><LI>Max Depth = 176<LI>Call Chain = main &rArr; boUART_Init &rArr; app_uart_init &rArr; nrf_drv_uart_rx &rArr; nrf_drv_uart_rx_for_uart &rArr; rx_byte &rArr; nrf_uart_event_clear
</UL>
<BR>[Calls]<UL><LI><a href="#[d3]">&gt;&gt;</a>&nbsp;&nbsp;&nbsp;osThreadTerminate
<LI><a href="#[49]">&gt;&gt;</a>&nbsp;&nbsp;&nbsp;osKernelStart
<LI><a href="#[47]">&gt;&gt;</a>&nbsp;&nbsp;&nbsp;osKernelInitialize
<LI><a href="#[d1]">&gt;&gt;</a>&nbsp;&nbsp;&nbsp;osDelay
<LI><a href="#[95]">&gt;&gt;</a>&nbsp;&nbsp;&nbsp;boUART_getc
<LI><a href="#[94]">&gt;&gt;</a>&nbsp;&nbsp;&nbsp;boUART_Init
<LI><a href="#[b8]">&gt;&gt;</a>&nbsp;&nbsp;&nbsp;handle_function
<LI><a href="#[d2]">&gt;&gt;</a>&nbsp;&nbsp;&nbsp;strcmp
<LI><a href="#[4f]">&gt;&gt;</a>&nbsp;&nbsp;&nbsp;__aeabi_memclr
<LI><a href="#[d0]">&gt;&gt;</a>&nbsp;&nbsp;&nbsp;malloc
<LI><a href="#[b9]">&gt;&gt;</a>&nbsp;&nbsp;&nbsp;__2printf
</UL>
<BR>[Address Reference Count : 1]<UL><LI> rtx_conf_cm.o(.data)
</UL>
<P><STRONG><a name="[d0]"></a>malloc</STRONG> (Thumb, 92 bytes, Stack size 20 bytes, malloc.o(i.malloc))
<BR><BR>[Stack]<UL><LI>Max Depth = 20<LI>Call Chain = malloc
</UL>
<BR>[Called By]<UL><LI><a href="#[43]">&gt;&gt;</a>&nbsp;&nbsp;&nbsp;main
<LI><a href="#[b2]">&gt;&gt;</a>&nbsp;&nbsp;&nbsp;writetospi
<LI><a href="#[a5]">&gt;&gt;</a>&nbsp;&nbsp;&nbsp;readfromspi
</UL>

<P><STRONG><a name="[c6]"></a>nrf_drv_common_irq_enable</STRONG> (Thumb, 56 bytes, Stack size 0 bytes, nrf_drv_common.o(i.nrf_drv_common_irq_enable))
<BR><BR>[Called By]<UL><LI><a href="#[c3]">&gt;&gt;</a>&nbsp;&nbsp;&nbsp;interrupts_enable
<LI><a href="#[d4]">&gt;&gt;</a>&nbsp;&nbsp;&nbsp;nrf_drv_spi_init
</UL>

<P><STRONG><a name="[d4]"></a>nrf_drv_spi_init</STRONG> (Thumb, 302 bytes, Stack size 48 bytes, nrf_drv_spi.o(i.nrf_drv_spi_init))
<BR><BR>[Stack]<UL><LI>Max Depth = 80<LI>Call Chain = nrf_drv_spi_init &rArr; nrf_gpio_cfg_output &rArr; nrf_gpio_cfg
</UL>
<BR>[Calls]<UL><LI><a href="#[c6]">&gt;&gt;</a>&nbsp;&nbsp;&nbsp;nrf_drv_common_irq_enable
<LI><a href="#[b6]">&gt;&gt;</a>&nbsp;&nbsp;&nbsp;nrf_gpio_pin_set
<LI><a href="#[d6]">&gt;&gt;</a>&nbsp;&nbsp;&nbsp;nrf_gpio_cfg_output
<LI><a href="#[d5]">&gt;&gt;</a>&nbsp;&nbsp;&nbsp;nrf_gpio_cfg
</UL>
<BR>[Called By]<UL><LI><a href="#[bd]">&gt;&gt;</a>&nbsp;&nbsp;&nbsp;port_set_dw1000_slowrate
<LI><a href="#[be]">&gt;&gt;</a>&nbsp;&nbsp;&nbsp;port_set_dw1000_fastrate
</UL>

<P><STRONG><a name="[d7]"></a>nrf_drv_spi_transfer</STRONG> (Thumb, 28 bytes, Stack size 24 bytes, nrf_drv_spi.o(i.nrf_drv_spi_transfer))
<BR><BR>[Stack]<UL><LI>Max Depth = 88<LI>Call Chain = nrf_drv_spi_transfer &rArr; nrf_drv_spi_xfer &rArr; spi_xfer &rArr; transfer_byte
</UL>
<BR>[Calls]<UL><LI><a href="#[d8]">&gt;&gt;</a>&nbsp;&nbsp;&nbsp;nrf_drv_spi_xfer
</UL>
<BR>[Called By]<UL><LI><a href="#[b2]">&gt;&gt;</a>&nbsp;&nbsp;&nbsp;writetospi
<LI><a href="#[a5]">&gt;&gt;</a>&nbsp;&nbsp;&nbsp;readfromspi
</UL>

<P><STRONG><a name="[e7]"></a>nrf_drv_spi_uninit</STRONG> (Thumb, 68 bytes, Stack size 8 bytes, nrf_drv_spi.o(i.nrf_drv_spi_uninit))
<BR><BR>[Stack]<UL><LI>Max Depth = 8<LI>Call Chain = nrf_drv_spi_uninit
</UL>
<BR>[Called By]<UL><LI><a href="#[be]">&gt;&gt;</a>&nbsp;&nbsp;&nbsp;port_set_dw1000_fastrate
</UL>

<P><STRONG><a name="[d8]"></a>nrf_drv_spi_xfer</STRONG> (Thumb, 126 bytes, Stack size 24 bytes, nrf_drv_spi.o(i.nrf_drv_spi_xfer))
<BR><BR>[Stack]<UL><LI>Max Depth = 64<LI>Call Chain = nrf_drv_spi_xfer &rArr; spi_xfer &rArr; transfer_byte
</UL>
<BR>[Calls]<UL><LI><a href="#[d9]">&gt;&gt;</a>&nbsp;&nbsp;&nbsp;spi_xfer
</UL>
<BR>[Called By]<UL><LI><a href="#[d7]">&gt;&gt;</a>&nbsp;&nbsp;&nbsp;nrf_drv_spi_transfer
</UL>

<P><STRONG><a name="[8c]"></a>nrf_drv_uart_init</STRONG> (Thumb, 104 bytes, Stack size 24 bytes, nrf_drv_uart.o(i.nrf_drv_uart_init))
<BR><BR>[Stack]<UL><LI>Max Depth = 80<LI>Call Chain = nrf_drv_uart_init &rArr; apply_config &rArr; nrf_gpio_cfg_output &rArr; nrf_gpio_cfg
</UL>
<BR>[Calls]<UL><LI><a href="#[c3]">&gt;&gt;</a>&nbsp;&nbsp;&nbsp;interrupts_enable
<LI><a href="#[91]">&gt;&gt;</a>&nbsp;&nbsp;&nbsp;apply_config
</UL>
<BR>[Called By]<UL><LI><a href="#[89]">&gt;&gt;</a>&nbsp;&nbsp;&nbsp;app_uart_init
</UL>

<P><STRONG><a name="[88]"></a>nrf_drv_uart_rx</STRONG> (Thumb, 178 bytes, Stack size 24 bytes, nrf_drv_uart.o(i.nrf_drv_uart_rx))
<BR><BR>[Stack]<UL><LI>Max Depth = 88<LI>Call Chain = nrf_drv_uart_rx &rArr; nrf_drv_uart_rx_for_uart &rArr; rx_byte &rArr; nrf_uart_event_clear
</UL>
<BR>[Calls]<UL><LI><a href="#[db]">&gt;&gt;</a>&nbsp;&nbsp;&nbsp;nrf_drv_uart_rx_for_uarte
<LI><a href="#[dc]">&gt;&gt;</a>&nbsp;&nbsp;&nbsp;nrf_drv_uart_rx_for_uart
<LI><a href="#[da]">&gt;&gt;</a>&nbsp;&nbsp;&nbsp;nrf_drv_is_in_RAM
</UL>
<BR>[Called By]<UL><LI><a href="#[89]">&gt;&gt;</a>&nbsp;&nbsp;&nbsp;app_uart_init
<LI><a href="#[87]">&gt;&gt;</a>&nbsp;&nbsp;&nbsp;app_uart_get
<LI><a href="#[34]">&gt;&gt;</a>&nbsp;&nbsp;&nbsp;uart_event_handler
</UL>

[...]
<BR><BR>[Stack]<UL><LI>Max Depth = 16<LI>Call Chain = nrf_gpio_cfg
</UL>
<BR>[Called By]<UL><LI><a href="#[d4]">&gt;&gt;</a>&nbsp;&nbsp;&nbsp;nrf_drv_spi_init
<LI><a href="#[d6]">&gt;&gt;</a>&nbsp;&nbsp;&nbsp;nrf_gpio_cfg_output
</UL>

<P><STRONG><a name="[d6]"></a>nrf_gpio_cfg_output</STRONG> (Thumb, 20 bytes, Stack size 16 bytes, nrf_drv_spi.o(i.nrf_gpio_cfg_output))
<BR><BR>[Stack]<UL><LI>Max Depth = 32<LI>Call Chain = nrf_gpio_cfg_output &rArr; nrf_gpio_cfg
</UL>
<BR>[Calls]<UL><LI><a href="#[d5]">&gt;&gt;</a>&nbsp;&nbsp;&nbsp;nrf_gpio_cfg
</UL>
<BR>[Called By]<UL><LI><a href="#[d4]">&gt;&gt;</a>&nbsp;&nbsp;&nbsp;nrf_drv_spi_init
</UL>

<P><STRONG><a name="[b6]"></a>nrf_gpio_pin_set</STRONG> (Thumb, 16 bytes, Stack size 0 bytes, nrf_drv_spi.o(i.nrf_gpio_pin_set))
<BR><BR>[Called By]<UL><LI><a href="#[d4]">&gt;&gt;</a>&nbsp;&nbsp;&nbsp;nrf_drv_spi_init
<LI><a href="#[d9]">&gt;&gt;</a>&nbsp;&nbsp;&nbsp;spi_xfer
<LI><a href="#[b5]">&gt;&gt;</a>&nbsp;&nbsp;&nbsp;finish_transfer
</UL>

<P><STRONG><a name="[d9]"></a>spi_xfer</STRONG> (Thumb, 134 bytes, Stack size 24 bytes, nrf_drv_spi.o(i.spi_xfer))
<BR><BR>[Stack]<UL><LI>Max Depth = 40<LI>Call Chain = spi_xfer &rArr; transfer_byte
</UL>
<BR>[Calls]<UL><LI><a href="#[c8]">&gt;&gt;</a>&nbsp;&nbsp;&nbsp;transfer_byte
<LI><a href="#[b6]">&gt;&gt;</a>&nbsp;&nbsp;&nbsp;nrf_gpio_pin_set
</UL>
<BR>[Called By]<UL><LI><a href="#[d8]">&gt;&gt;</a>&nbsp;&nbsp;&nbsp;nrf_drv_spi_xfer
</UL>

<P><STRONG><a name="[c8]"></a>transfer_byte</STRONG> (Thumb, 114 bytes, Stack size 16 bytes, nrf_drv_spi.o(i.transfer_byte))
<BR><BR>[Stack]<UL><LI>Max Depth = 16<LI>Call Chain = transfer_byte
</UL>
<BR>[Called By]<UL><LI><a href="#[d9]">&gt;&gt;</a>&nbsp;&nbsp;&nbsp;spi_xfer
<LI><a href="#[64]">&gt;&gt;</a>&nbsp;&nbsp;&nbsp;irq_handler_spi
</UL>

<P><STRONG><a name="[91]"></a>apply_config</STRONG> (Thumb, 234 bytes, Stack size 24 bytes, nrf_drv_uart.o(i.apply_config))
<BR><BR>[Stack]<UL><LI>Max Depth = 56<LI>Call Chain = apply_config &rArr; nrf_gpio_cfg_output &rArr; nrf_gpio_cfg
</UL>
<BR>[Calls]<UL><LI><a href="#[92]">&gt;&gt;</a>&nbsp;&nbsp;&nbsp;nrf_gpio_cfg_output
<LI><a href="#[93]">&gt;&gt;</a>&nbsp;&nbsp;&nbsp;nrf_gpio_cfg_input
</UL>
<BR>[Called By]<UL><LI><a href="#[8c]">&gt;&gt;</a>&nbsp;&nbsp;&nbsp;nrf_drv_uart_init
</UL>

<P><STRONG><a name="[c3]"></a>interrupts_enable</STRONG> (Thumb, 126 bytes, Stack size 16 bytes, nrf_drv_uart.o(i.interrupts_enable))
<BR><BR>[Stack]<UL><LI>Max Depth = 24<LI>Call Chain = interrupts_enable &rArr; nrf_uarte_event_clear
</UL>
<BR>[Calls]<UL><LI><a href="#[c6]">&gt;&gt;</a>&nbsp;&nbsp;&nbsp;nrf_drv_common_irq_enable
<LI><a href="#[c4]">&gt;&gt;</a>&nbsp;&nbsp;&nbsp;nrf_uarte_event_clear
<LI><a href="#[c7]">&gt;&gt;</a>&nbsp;&nbsp;&nbsp;nrf_uart_event_clear
<LI><a href="#[c5]">&gt;&gt;</a>&nbsp;&nbsp;&nbsp;nrf_drv_get_IRQn
</UL>
<BR>[Called By]<UL><LI><a href="#[8c]">&gt;&gt;</a>&nbsp;&nbsp;&nbsp;nrf_drv_uart_init
</UL>

<P><STRONG><a name="[c5]"></a>nrf_drv_get_IRQn</STRONG> (Thumb, 6 bytes, Stack size 0 bytes, nrf_drv_uart.o(i.nrf_drv_get_IRQn))
<BR><BR>[Called By]<UL><LI><a href="#[c3]">&gt;&gt;</a>&nbsp;&nbsp;&nbsp;interrupts_enable
</UL>

<P><STRONG><a name="[da]"></a>nrf_drv_is_in_RAM</STRONG> (Thumb, 16 bytes, Stack size 0 bytes, nrf_drv_uart.o(i.nrf_drv_is_in_RAM))
<BR><BR>[Called By]<UL><LI><a href="#[90]">&gt;&gt;</a>&nbsp;&nbsp;&nbsp;nrf_drv_uart_tx
<LI><a href="#[88]">&gt;&gt;</a>&nbsp;&nbsp;&nbsp;nrf_drv_uart_rx
</UL>

<P><STRONG><a name="[dc]"></a>nrf_drv_uart_rx_for_uart</STRONG> (Thumb, 164 bytes, Stack size 40 bytes, nrf_drv_uart.o(i.nrf_drv_uart_rx_for_uart))
<BR><BR>[Stack]<UL><LI>Max Depth = 64<LI>Call Chain = nrf_drv_uart_rx_for_uart &rArr; rx_byte &rArr; nrf_uart_event_clear
</UL>
<BR>[Calls]<UL><LI><a href="#[dd]">&gt;&gt;</a>&nbsp;&nbsp;&nbsp;rx_enable
<LI><a href="#[df]">&gt;&gt;</a>&nbsp;&nbsp;&nbsp;rx_byte
<LI><a href="#[c7]">&gt;&gt;</a>&nbsp;&nbsp;&nbsp;nrf_uart_event_clear
<LI><a href="#[de]">&gt;&gt;</a>&nbsp;&nbsp;&nbsp;nrf_uart_event_check
</UL>
<BR>[Called By]<UL><LI><a href="#[88]">&gt;&gt;</a>&nbsp;&nbsp;&nbsp;nrf_drv_uart_rx
</UL>

<P><STRONG><a name="[db]"></a>nrf_drv_uart_rx_for_uarte</STRONG> (Thumb, 166 bytes, Stack size 40 bytes, nrf_drv_uart.o(i.nrf_drv_uart_rx_for_uarte))
<BR><BR>[Stack]<UL><LI>Max Depth = 48<LI>Call Chain = nrf_drv_uart_rx_for_uarte &rArr; nrf_uarte_event_clear
</UL>
<BR>[Calls]<UL><LI><a href="#[c4]">&gt;&gt;</a>&nbsp;&nbsp;&nbsp;nrf_uarte_event_clear
<LI><a href="#[e0]">&gt;&gt;</a>&nbsp;&nbsp;&nbsp;nrf_uarte_event_check
</UL>
<BR>[Called By]<UL><LI><a href="#[88]">&gt;&gt;</a>&nbsp;&nbsp;&nbsp;nrf_drv_uart_rx
</UL>

<P><STRONG><a name="[e1]"></a>nrf_drv_uart_tx_for_uart</STRONG> (Thumb, 136 bytes, Stack size 32 bytes, nrf_drv_uart.o(i.nrf_drv_uart_tx_for_uart))
<BR><BR>[Stack]<UL><LI>Max Depth = 56<LI>Call Chain = nrf_drv_uart_tx_for_uart &rArr; tx_byte &rArr; nrf_uart_event_clear
</UL>
<BR>[Calls]<UL><LI><a href="#[e2]">&gt;&gt;</a>&nbsp;&nbsp;&nbsp;tx_byte
<LI><a href="#[c7]">&gt;&gt;</a>&nbsp;&nbsp;&nbsp;nrf_uart_event_clear
<LI><a href="#[de]">&gt;&gt;</a>&nbsp;&nbsp;&nbsp;nrf_uart_event_check
</UL>
<BR>[Called By]<UL><LI><a href="#[90]">&gt;&gt;</a>&nbsp;&nbsp;&nbsp;nrf_drv_uart_tx
</UL>

<P><STRONG><a name="[e3]"></a>nrf_gpio_cfg</STRONG> (Thumb, 36 bytes, Stack size 16 bytes, nrf_drv_uart.o(i.nrf_gpio_cfg))
<BR><BR>[Stack]<UL><LI>Max Depth = 16<LI>Call Chain = nrf_gpio_cfg
</UL>
<BR>[Called By]<UL><LI><a href="#[92]">&gt;&gt;</a>&nbsp;&nbsp;&nbsp;nrf_gpio_cfg_output
<LI><a href="#[93]">&gt;&gt;</a>&nbsp;&nbsp;&nbsp;nrf_gpio_cfg_input
</UL>

<P><STRONG><a name="[93]"></a>nrf_gpio_cfg_input</STRONG> (Thumb, 18 bytes, Stack size 16 bytes, nrf_drv_uart.o(i.nrf_gpio_cfg_input))
<BR><BR>[Stack]<UL><LI>Max Depth = 32<LI>Call Chain = nrf_gpio_cfg_input &rArr; nrf_gpio_cfg
</UL>
<BR>[Calls]<UL><LI><a href="#[e3]">&gt;&gt;</a>&nbsp;&nbsp;&nbsp;nrf_gpio_cfg
</UL>
<BR>[Called By]<UL><LI><a href="#[91]">&gt;&gt;</a>&nbsp;&nbsp;&nbsp;apply_config
</UL>

<P><STRONG><a name="[92]"></a>nrf_gpio_cfg_output</STRONG> (Thumb, 20 bytes, Stack size 16 bytes, nrf_drv_uart.o(i.nrf_gpio_cfg_output))
<BR><BR>[Stack]<UL><LI>Max Depth = 32<LI>Call Chain = nrf_gpio_cfg_output &rArr; nrf_gpio_cfg
</UL>
<BR>[Calls]<UL><LI><a href="#[e3]">&gt;&gt;</a>&nbsp;&nbsp;&nbsp;nrf_gpio_cfg
</UL>
<BR>[Called By]<UL><LI><a href="#[91]">&gt;&gt;</a>&nbsp;&nbsp;&nbsp;apply_config
</UL>

<P><STRONG><a name="[de]"></a>nrf_uart_event_check</STRONG> (Thumb, 10 bytes, Stack size 0 bytes, nrf_drv_uart.o(i.nrf_uart_event_check))
<BR><BR>[Called By]<UL><LI><a href="#[71]">&gt;&gt;</a>&nbsp;&nbsp;&nbsp;uart_irq_handler
<LI><a href="#[e1]">&gt;&gt;</a>&nbsp;&nbsp;&nbsp;nrf_drv_uart_tx_for_uart
<LI><a href="#[dc]">&gt;&gt;</a>&nbsp;&nbsp;&nbsp;nrf_drv_uart_rx_for_uart
</UL>

<P><STRONG><a name="[c7]"></a>nrf_uart_event_clear</STRONG> (Thumb, 12 bytes, Stack size 8 bytes, nrf_drv_uart.o(i.nrf_uart_event_clear))
<BR><BR>[Stack]<UL><LI>Max Depth = 8<LI>Call Chain = nrf_uart_event_clear
</UL>
<BR>[Called By]<UL><LI><a href="#[71]">&gt;&gt;</a>&nbsp;&nbsp;&nbsp;uart_irq_handler
<LI><a href="#[e2]">&gt;&gt;</a>&nbsp;&nbsp;&nbsp;tx_byte
<LI><a href="#[dd]">&gt;&gt;</a>&nbsp;&nbsp;&nbsp;rx_enable
<LI><a href="#[df]">&gt;&gt;</a>&nbsp;&nbsp;&nbsp;rx_byte
<LI><a href="#[e1]">&gt;&gt;</a>&nbsp;&nbsp;&nbsp;nrf_drv_uart_tx_for_uart
<LI><a href="#[dc]">&gt;&gt;</a>&nbsp;&nbsp;&nbsp;nrf_drv_uart_rx_for_uart
<LI><a href="#[c3]">&gt;&gt;</a>&nbsp;&nbsp;&nbsp;interrupts_enable
</UL>

<P><STRONG><a name="[11c]"></a>nrf_uart_int_enable_check</STRONG> (Thumb, 12 bytes, Stack size 0 bytes, nrf_drv_uart.o(i.nrf_uart_int_enable_check))
<BR><BR>[Called By]<UL><LI><a href="#[71]">&gt;&gt;</a>&nbsp;&nbsp;&nbsp;uart_irq_handler
</UL>

<P><STRONG><a name="[e0]"></a>nrf_uarte_event_check</STRONG> (Thumb, 10 bytes, Stack size 0 bytes, nrf_drv_uart.o(i.nrf_uarte_event_check))
<BR><BR>[Called By]<UL><LI><a href="#[90]">&gt;&gt;</a>&nbsp;&nbsp;&nbsp;nrf_drv_uart_tx
<LI><a href="#[70]">&gt;&gt;</a>&nbsp;&nbsp;&nbsp;uarte_irq_handler
<LI><a href="#[db]">&gt;&gt;</a>&nbsp;&nbsp;&nbsp;nrf_drv_uart_rx_for_uarte
</UL>

<P><STRONG><a name="[c4]"></a>nrf_uarte_event_clear</STRONG> (Thumb, 12 bytes, Stack size 8 bytes, nrf_drv_uart.o(i.nrf_uarte_event_clear))
<BR><BR>[Stack]<UL><LI>Max Depth = 8<LI>Call Chain = nrf_uarte_event_clear
</UL>
<BR>[Called By]<UL><LI><a href="#[90]">&gt;&gt;</a>&nbsp;&nbsp;&nbsp;nrf_drv_uart_tx
<LI><a href="#[70]">&gt;&gt;</a>&nbsp;&nbsp;&nbsp;uarte_irq_handler
<LI><a href="#[db]">&gt;&gt;</a>&nbsp;&nbsp;&nbsp;nrf_drv_uart_rx_for_uarte
<LI><a href="#[c3]">&gt;&gt;</a>&nbsp;&nbsp;&nbsp;interrupts_enable
</UL>

<P><STRONG><a name="[df]"></a>rx_byte</STRONG> (Thumb, 52 bytes, Stack size 16 bytes, nrf_drv_uart.o(i.rx_byte))
<BR><BR>[Stack]<UL><LI>Max Depth = 24<LI>Call Chain = rx_byte &rArr; nrf_uart_event_clear
</UL>
<BR>[Calls]<UL><LI><a href="#[c7]">&gt;&gt;</a>&nbsp;&nbsp;&nbsp;nrf_uart_event_clear
</UL>
<BR>[Called By]<UL><LI><a href="#[71]">&gt;&gt;</a>&nbsp;&nbsp;&nbsp;uart_irq_handler
<LI><a href="#[dc]">&gt;&gt;</a>&nbsp;&nbsp;&nbsp;nrf_drv_uart_rx_for_uart
</UL>

<P><STRONG><a name="[11d]"></a>rx_done_event</STRONG> (Thumb, 22 bytes, Stack size 24 bytes, nrf_drv_uart.o(i.rx_done_event))
<BR><BR>[Stack]<UL><LI>Max Depth = 24<LI>Call Chain = rx_done_event
</UL>
<BR>[Called By]<UL><LI><a href="#[70]">&gt;&gt;</a>&nbsp;&nbsp;&nbsp;uarte_irq_handler
<LI><a href="#[71]">&gt;&gt;</a>&nbsp;&nbsp;&nbsp;uart_irq_handler
</UL>

<P><STRONG><a name="[dd]"></a>rx_enable</STRONG> (Thumb, 32 bytes, Stack size 8 bytes, nrf_drv_uart.o(i.rx_enable))
<BR><BR>[Stack]<UL><LI>Max Depth = 16<LI>Call Chain = rx_enable &rArr; nrf_uart_event_clear
</UL>
<BR>[Calls]<UL><LI><a href="#[c7]">&gt;&gt;</a>&nbsp;&nbsp;&nbsp;nrf_uart_event_clear
</UL>
<BR>[Called By]<UL><LI><a href="#[8d]">&gt;&gt;</a>&nbsp;&nbsp;&nbsp;nrf_drv_uart_rx_enable
<LI><a href="#[dc]">&gt;&gt;</a>&nbsp;&nbsp;&nbsp;nrf_drv_uart_rx_for_uart
</UL>

<P><STRONG><a name="[e2]"></a>tx_byte</STRONG> (Thumb, 34 bytes, Stack size 16 bytes, nrf_drv_uart.o(i.tx_byte))
<BR><BR>[Stack]<UL><LI>Max Depth = 24<LI>Call Chain = tx_byte &rArr; nrf_uart_event_clear
</UL>
<BR>[Calls]<UL><LI><a href="#[c7]">&gt;&gt;</a>&nbsp;&nbsp;&nbsp;nrf_uart_event_clear
</UL>
<BR>[Called By]<UL><LI><a href="#[71]">&gt;&gt;</a>&nbsp;&nbsp;&nbsp;uart_irq_handler
<LI><a href="#[e1]">&gt;&gt;</a>&nbsp;&nbsp;&nbsp;nrf_drv_uart_tx_for_uart
</UL>

<P><STRONG><a name="[11e]"></a>tx_done_event</STRONG> (Thumb, 26 bytes, Stack size 24 bytes, nrf_drv_uart.o(i.tx_done_event))
<BR><BR>[Stack]<UL><LI>Max Depth = 24<LI>Call Chain = tx_done_event
</UL>
<BR>[Called By]<UL><LI><a href="#[70]">&gt;&gt;</a>&nbsp;&nbsp;&nbsp;uarte_irq_handler
<LI><a href="#[71]">&gt;&gt;</a>&nbsp;&nbsp;&nbsp;uart_irq_handler
</UL>

<P><STRONG><a name="[71]"></a>uart_irq_handler</STRONG> (Thumb, 294 bytes, Stack size 48 bytes, nrf_drv_uart.o(i.uart_irq_handler))
<BR><BR>[Stack]<UL><LI>Max Depth = 72<LI>Call Chain = uart_irq_handler &rArr; tx_done_event
</UL>
<BR>[Calls]<UL><LI><a href="#[11e]">&gt;&gt;</a>&nbsp;&nbsp;&nbsp;tx_done_event
<LI><a href="#[e2]">&gt;&gt;</a>&nbsp;&nbsp;&nbsp;tx_byte
<LI><a href="#[11d]">&gt;&gt;</a>&nbsp;&nbsp;&nbsp;rx_done_event
<LI><a href="#[df]">&gt;&gt;</a>&nbsp;&nbsp;&nbsp;rx_byte
<LI><a href="#[11c]">&gt;&gt;</a>&nbsp;&nbsp;&nbsp;nrf_uart_int_enable_check
<LI><a href="#[c7]">&gt;&gt;</a>&nbsp;&nbsp;&nbsp;nrf_uart_event_clear
<LI><a href="#[de]">&gt;&gt;</a>&nbsp;&nbsp;&nbsp;nrf_uart_event_check
</UL>
<BR>[Called By]<UL><LI><a href="#[c]">&gt;&gt;</a>&nbsp;&nbsp;&nbsp;UARTE0_UART0_IRQHandler
</UL>

<P><STRONG><a name="[70]"></a>uarte_irq_handler</STRONG> (Thumb, 248 bytes, Stack size 40 bytes, nrf_drv_uart.o(i.uarte_irq_handler))
<BR><BR>[Stack]<UL><LI>Max Depth = 64<LI>Call Chain = uarte_irq_handler &rArr; tx_done_event
</UL>
<BR>[Calls]<UL><LI><a href="#[11e]">&gt;&gt;</a>&nbsp;&nbsp;&nbsp;tx_done_event
<LI><a href="#[11d]">&gt;&gt;</a>&nbsp;&nbsp;&nbsp;rx_done_event
<LI><a href="#[c4]">&gt;&gt;</a>&nbsp;&nbsp;&nbsp;nrf_uarte_event_clear
<LI><a href="#[e0]">&gt;&gt;</a>&nbsp;&nbsp;&nbsp;nrf_uarte_event_check
</UL>
<BR>[Called By]<UL><LI><a href="#[c]">&gt;&gt;</a>&nbsp;&nbsp;&nbsp;UARTE0_UART0_IRQHandler
</UL>

<P><STRONG><a name="[63]"></a>clock_clk_started_notify</STRONG> (Thumb, 36 bytes, Stack size 16 bytes, nrf_drv_clock.o(i.clock_clk_started_notify))
<BR><BR>[Stack]<UL><LI>Max Depth = 16<LI>Call Chain = clock_clk_started_notify
</UL>
<BR>[Calls]<UL><LI><a href="#[96]">&gt;&gt;</a>&nbsp;&nbsp;&nbsp;item_dequeue
</UL>
<BR>[Called By]<UL><LI><a href="#[a]">&gt;&gt;</a>&nbsp;&nbsp;&nbsp;POWER_CLOCK_IRQHandler
</UL>

<P><STRONG><a name="[96]"></a>item_dequeue</STRONG> (Thumb, 14 bytes, Stack size 0 bytes, nrf_drv_clock.o(i.item_dequeue))
<BR><BR>[Called By]<UL><LI><a href="#[63]">&gt;&gt;</a>&nbsp;&nbsp;&nbsp;clock_clk_started_notify
</UL>

<P><STRONG><a name="[61]"></a>nrf_clock_event_check</STRONG> (Thumb, 14 bytes, Stack size 0 bytes, nrf_drv_clock.o(i.nrf_clock_event_check))
<BR><BR>[Called By]<UL><LI><a href="#[a]">&gt;&gt;</a>&nbsp;&nbsp;&nbsp;POWER_CLOCK_IRQHandler
</UL>

<P><STRONG><a name="[62]"></a>nrf_clock_event_clear</STRONG> (Thumb, 16 bytes, Stack size 8 bytes, nrf_drv_clock.o(i.nrf_clock_event_clear))
<BR><BR>[Stack]<UL><LI>Max Depth = 8<LI>Call Chain = nrf_clock_event_clear
</UL>
<BR>[Called By]<UL><LI><a href="#[a]">&gt;&gt;</a>&nbsp;&nbsp;&nbsp;POWER_CLOCK_IRQHandler
</UL>

<P><STRONG><a name="[84]"></a>fifo_get</STRONG> (Thumb, 20 bytes, Stack size 0 bytes, app_fifo.o(i.fifo_get))
<BR><BR>[Called By]<UL><LI><a href="#[83]">&gt;&gt;</a>&nbsp;&nbsp;&nbsp;app_fifo_get
</UL>

<P><STRONG><a name="[86]"></a>fifo_put</STRONG> (Thumb, 18 bytes, Stack size 0 bytes, app_fifo.o(i.fifo_put))
<BR><BR>[Called By]<UL><LI><a href="#[85]">&gt;&gt;</a>&nbsp;&nbsp;&nbsp;app_fifo_put
</UL>

<P><STRONG><a name="[34]"></a>uart_event_handler</STRONG> (Thumb, 164 bytes, Stack size 24 bytes, app_uart_fifo.o(i.uart_event_handler))
<BR><BR>[Stack]<UL><LI>Max Depth = 112<LI>Call Chain = uart_event_handler &rArr; nrf_drv_uart_tx &rArr; nrf_drv_uart_tx_for_uart &rArr; tx_byte &rArr; nrf_uart_event_clear
</UL>
<BR>[Calls]<UL><LI><a href="#[90]">&gt;&gt;</a>&nbsp;&nbsp;&nbsp;nrf_drv_uart_tx
<LI><a href="#[88]">&gt;&gt;</a>&nbsp;&nbsp;&nbsp;nrf_drv_uart_rx
<LI><a href="#[85]">&gt;&gt;</a>&nbsp;&nbsp;&nbsp;app_fifo_put
<LI><a href="#[83]">&gt;&gt;</a>&nbsp;&nbsp;&nbsp;app_fifo_get
</UL>
<BR>[Address Reference Count : 1]<UL><LI> app_uart_fifo.o(i.app_uart_init)
</UL>
<P><STRONG><a name="[97]"></a>nrf_delay_ms</STRONG> (Thumb, 10 bytes, Stack size 0 bytes, port_platform.o(i.nrf_delay_ms))
<BR><BR>[Called By]<UL><LI><a href="#[bc]">&gt;&gt;</a>&nbsp;&nbsp;&nbsp;reset_DW1000
<LI><a href="#[bd]">&gt;&gt;</a>&nbsp;&nbsp;&nbsp;port_set_dw1000_slowrate
<LI><a href="#[be]">&gt;&gt;</a>&nbsp;&nbsp;&nbsp;port_set_dw1000_fastrate
<LI><a href="#[7d]">&gt;&gt;</a>&nbsp;&nbsp;&nbsp;deca_sleep
</UL>

<P><STRONG><a name="[ea]"></a>nrf_gpio_cfg</STRONG> (Thumb, 36 bytes, Stack size 16 bytes, port_platform.o(i.nrf_gpio_cfg))
<BR><BR>[Stack]<UL><LI>Max Depth = 16<LI>Call Chain = nrf_gpio_cfg
</UL>
<BR>[Called By]<UL><LI><a href="#[bc]">&gt;&gt;</a>&nbsp;&nbsp;&nbsp;reset_DW1000
</UL>

<P><STRONG><a name="[11f]"></a>vHandleUartInternalErrors</STRONG> (Thumb, 2 bytes, Stack size 0 bytes, uart.o(i.vHandleUartInternalErrors))
<BR><BR>[Called By]<UL><LI><a href="#[35]">&gt;&gt;</a>&nbsp;&nbsp;&nbsp;vUartErrorHandle
</UL>

<P><STRONG><a name="[35]"></a>vUartErrorHandle</STRONG> (Thumb, 20 bytes, Stack size 0 bytes, uart.o(i.vUartErrorHandle))
<BR><BR>[Calls]<UL><LI><a href="#[11f]">&gt;&gt;</a>&nbsp;&nbsp;&nbsp;vHandleUartInternalErrors
</UL>
<BR>[Address Reference Count : 1]<UL><LI> uart.o(i.boUART_Init)
</UL>
<P><STRONG><a name="[6d]"></a>errata_108</STRONG> (Thumb, 56 bytes, Stack size 0 bytes, system_nrf52.o(i.errata_108))
<BR><BR>[Called By]<UL><LI><a href="#[31]">&gt;&gt;</a>&nbsp;&nbsp;&nbsp;SystemInit
</UL>

<P><STRONG><a name="[65]"></a>errata_12</STRONG> (Thumb, 56 bytes, Stack size 0 bytes, system_nrf52.o(i.errata_12))
<BR><BR>[Called By]<UL><LI><a href="#[31]">&gt;&gt;</a>&nbsp;&nbsp;&nbsp;SystemInit
</UL>

<P><STRONG><a name="[6e]"></a>errata_136</STRONG> (Thumb, 56 bytes, Stack size 0 bytes, system_nrf52.o(i.errata_136))
<BR><BR>[Called By]<UL><LI><a href="#[31]">&gt;&gt;</a>&nbsp;&nbsp;&nbsp;SystemInit
</UL>

<P><STRONG><a name="[66]"></a>errata_16</STRONG> (Thumb, 40 bytes, Stack size 0 bytes, system_nrf52.o(i.errata_16))
<BR><BR>[Called By]<UL><LI><a href="#[31]">&gt;&gt;</a>&nbsp;&nbsp;&nbsp;SystemInit
</UL>

<P><STRONG><a name="[67]"></a>errata_31</STRONG> (Thumb, 56 bytes, Stack size 0 bytes, system_nrf52.o(i.errata_31))
<BR><BR>[Called By]<UL><LI><a href="#[31]">&gt;&gt;</a>&nbsp;&nbsp;&nbsp;SystemInit
</UL>

<P><STRONG><a name="[68]"></a>errata_32</STRONG> (Thumb, 40 bytes, Stack size 0 bytes, system_nrf52.o(i.errata_32))
<BR><BR>[Called By]<UL><LI><a href="#[31]">&gt;&gt;</a>&nbsp;&nbsp;&nbsp;SystemInit
</UL>

<P><STRONG><a name="[69]"></a>errata_36</STRONG> (Thumb, 56 bytes, Stack size 0 bytes, system_nrf52.o(i.errata_36))
<BR><BR>[Called By]<UL><LI><a href="#[31]">&gt;&gt;</a>&nbsp;&nbsp;&nbsp;SystemInit
</UL>

<P><STRONG><a name="[6a]"></a>errata_37</STRONG> (Thumb, 40 bytes, Stack size 0 bytes, system_nrf52.o(i.errata_37))
<BR><BR>[Called By]<UL><LI><a href="#[31]">&gt;&gt;</a>&nbsp;&nbsp;&nbsp;SystemInit
</UL>

<P><STRONG><a name="[6b]"></a>errata_57</STRONG> (Thumb, 40 bytes, Stack size 0 bytes, system_nrf52.o(i.errata_57))
<BR><BR>[Called By]<UL><LI><a href="#[31]">&gt;&gt;</a>&nbsp;&nbsp;&nbsp;SystemInit
</UL>

<P><STRONG><a name="[6c]"></a>errata_66</STRONG> (Thumb, 40 bytes, Stack size 0 bytes, system_nrf52.o(i.errata_66))
<BR><BR>[Called By]<UL><LI><a href="#[31]">&gt;&gt;</a>&nbsp;&nbsp;&nbsp;SystemInit
</UL>

<P><STRONG><a name="[11a]"></a>rt_id2obj</STRONG> (Thumb, 8 bytes, Stack size 0 bytes, rt_cmsis.o(i.rt_id2obj))
<BR><BR>[Called By]<UL><LI><a href="#[3d]">&gt;&gt;</a>&nbsp;&nbsp;&nbsp;svcTimerCall
</UL>

<P><STRONG><a name="[112]"></a>rt_ms2tick</STRONG> (Thumb, 58 bytes, Stack size 0 bytes, rt_cmsis.o(i.rt_ms2tick))
<BR><BR>[Called By]<UL><LI><a href="#[39]">&gt;&gt;</a>&nbsp;&nbsp;&nbsp;svcMessageGet
<LI><a href="#[36]">&gt;&gt;</a>&nbsp;&nbsp;&nbsp;svcDelay
</UL>

<P><STRONG><a name="[119]"></a>rt_tid2ptcb</STRONG> (Thumb, 18 bytes, Stack size 0 bytes, rt_cmsis.o(i.rt_tid2ptcb))
<BR><BR>[Called By]<UL><LI><a href="#[3c]">&gt;&gt;</a>&nbsp;&nbsp;&nbsp;svcThreadTerminate
</UL>

<P><STRONG><a name="[11b]"></a>rt_timer_insert</STRONG> (Thumb, 48 bytes, Stack size 12 bytes, rt_cmsis.o(i.rt_timer_insert))
<BR><BR>[Stack]<UL><LI>Max Depth = 12<LI>Call Chain = rt_timer_insert
</UL>
<BR>[Called By]<UL><LI><a href="#[10c]">&gt;&gt;</a>&nbsp;&nbsp;&nbsp;sysTimerTick
</UL>

<P><STRONG><a name="[fc]"></a>rt_init_context</STRONG> (Thumb, 66 bytes, Stack size 16 bytes, rt_task.o(i.rt_init_context))
<BR><BR>[Stack]<UL><LI>Max Depth = 32<LI>Call Chain = rt_init_context &rArr; rt_init_stack
</UL>
<BR>[Calls]<UL><LI><a href="#[fd]">&gt;&gt;</a>&nbsp;&nbsp;&nbsp;rt_init_stack
<LI><a href="#[2f]">&gt;&gt;</a>&nbsp;&nbsp;&nbsp;rt_alloc_box
</UL>
<BR>[Called By]<UL><LI><a href="#[10d]">&gt;&gt;</a>&nbsp;&nbsp;&nbsp;rt_tsk_create
<LI><a href="#[106]">&gt;&gt;</a>&nbsp;&nbsp;&nbsp;rt_sys_init
</UL>

<P><STRONG><a name="[104]"></a>rt_ret_regs</STRONG> (Thumb, 16 bytes, Stack size 0 bytes, hal_cm.o(i.rt_ret_regs))
<BR><BR>[Called By]<UL><LI><a href="#[fb]">&gt;&gt;</a>&nbsp;&nbsp;&nbsp;rt_ret_val2
<LI><a href="#[ff]">&gt;&gt;</a>&nbsp;&nbsp;&nbsp;rt_ret_val
</UL>

<P><STRONG><a name="[73]"></a>_printf_core</STRONG> (Thumb, 436 bytes, Stack size 96 bytes, printf3.o(i._printf_core), UNUSED)
<BR><BR>[Calls]<UL><LI><a href="#[80]">&gt;&gt;</a>&nbsp;&nbsp;&nbsp;__aeabi_uidivmod
</UL>
<BR>[Called By]<UL><LI><a href="#[72]">&gt;&gt;</a>&nbsp;&nbsp;&nbsp;__0printf$3
</UL>
<P>
<H3>
Undefined Global Symbols
</H3><HR></body></html>
