Component: ARM Compiler 5.06 update 7 (build 960) Tool: armlink [4d3601]

==============================================================================

Section Cross References

    main.o(i.handle_function) refers to printf3.o(i.__0printf$3) for __2printf
    main.o(i.handle_function) refers to rt_cmsis.o(i.osThreadCreate) for osThreadCreate
    main.o(i.handle_function) refers to main.o(.constdata) for .constdata
    main.o(i.main) refers to malloc.o(i.malloc) for malloc
    main.o(i.main) refers to rt_cmsis.o(i.osKernelInitialize) for osKernelInitialize
    main.o(i.main) refers to uart.o(i.boUART_Init) for boUART_Init
    main.o(i.main) refers to printf3.o(i.__0printf$3) for __2printf
    main.o(i.main) refers to rt_cmsis.o(i.osKernelStart) for osKernelStart
    main.o(i.main) refers to uart.o(i.boUART_getc) for boUART_getc
    main.o(i.main) refers to rt_cmsis.o(i.osDelay) for osDelay
    main.o(i.main) refers to strcmp.o(.text) for strcmp
    main.o(i.main) refers to rt_cmsis.o(i.osThreadTerminate) for osThreadTerminate
    main.o(i.main) refers to main.o(i.handle_function) for handle_function
    main.o(i.main) refers to memseta.o(.text) for __aeabi_memclr
    main.o(i.thread_job) refers to printf3.o(i.__0printf$3) for __2printf
    main.o(i.thread_job) refers to rt_cmsis.o(i.osDelay) for osDelay
    main.o(i.thread_job) refers to do_things.o(i.doing_stuff) for doing_stuff
    main.o(.constdata) refers to main.o(i.thread_job) for thread_job
    do_things.o(i.doing_stuff) refers to printf3.o(i.__0printf$3) for __2printf
    do_things.o(i.doing_stuff) refers to rt_cmsis.o(i.osDelay) for osDelay
    boards.o(i.bsp_board_button_idx_to_pin) refers to boards.o(.constdata) for .constdata
    boards.o(i.bsp_board_button_state_get) refers to boards.o(.constdata) for .constdata
    boards.o(i.bsp_board_buttons_init) refers to boards.o(i.nrf_gpio_cfg) for nrf_gpio_cfg
    boards.o(i.bsp_board_buttons_init) refers to boards.o(.constdata) for .constdata
    boards.o(i.bsp_board_led_idx_to_pin) refers to boards.o(.constdata) for .constdata
    boards.o(i.bsp_board_led_invert) refers to boards.o(.constdata) for .constdata
    boards.o(i.bsp_board_led_off) refers to boards.o(i.nrf_gpio_pin_write) for nrf_gpio_pin_write
    boards.o(i.bsp_board_led_off) refers to boards.o(.constdata) for .constdata
    boards.o(i.bsp_board_led_on) refers to boards.o(i.nrf_gpio_pin_write) for nrf_gpio_pin_write
    boards.o(i.bsp_board_led_on) refers to boards.o(.constdata) for .constdata
    boards.o(i.bsp_board_led_state_get) refers to boards.o(.constdata) for .constdata
    boards.o(i.bsp_board_leds_init) refers to boards.o(i.nrf_gpio_cfg) for nrf_gpio_cfg
    boards.o(i.bsp_board_leds_init) refers to boards.o(i.bsp_board_leds_off) for bsp_board_leds_off
    boards.o(i.bsp_board_leds_init) refers to boards.o(.constdata) for .constdata
    boards.o(i.bsp_board_leds_off) refers to boards.o(i.bsp_board_led_off) for bsp_board_led_off
    boards.o(i.bsp_board_leds_on) refers to boards.o(i.bsp_board_led_on) for bsp_board_led_on
    boards.o(i.bsp_board_pin_to_button_idx) refers to boards.o(.constdata) for .constdata
    boards.o(i.bsp_board_pin_to_led_idx) refers to boards.o(.constdata) for .constdata
    bsp.o(i.bsp_button_is_pressed) refers to boards.o(i.bsp_board_button_state_get) for bsp_board_button_state_get
    bsp.o(i.bsp_init) refers to boards.o(i.bsp_board_buttons_init) for bsp_board_buttons_init
    nrf_drv_gpiote.o(i.GPIOTE_IRQHandler) refers to nrf_drv_gpiote.o(i.nrf_gpiote_event_is_set) for nrf_gpiote_event_is_set
    nrf_drv_gpiote.o(i.GPIOTE_IRQHandler) refers to nrf_drv_gpiote.o(i.nrf_gpiote_event_clear) for nrf_gpiote_event_clear
    nrf_drv_gpiote.o(i.GPIOTE_IRQHandler) refers to nrf_drv_gpiote.o(i.nrf_gpio_ports_read) for nrf_gpio_ports_read
    nrf_drv_gpiote.o(i.GPIOTE_IRQHandler) refers to nrf_drv_gpiote.o(i.nrf_bitmask_bit_is_set) for nrf_bitmask_bit_is_set
    nrf_drv_gpiote.o(i.GPIOTE_IRQHandler) refers to nrf_drv_gpiote.o(i.channel_port_get) for channel_port_get
    nrf_drv_gpiote.o(i.GPIOTE_IRQHandler) refers to nrf_drv_gpiote.o(i.nrf_gpio_cfg_sense_set) for nrf_gpio_cfg_sense_set
    nrf_drv_gpiote.o(i.GPIOTE_IRQHandler) refers to nrf_drv_gpiote.o(.bss) for .bss
    nrf_drv_gpiote.o(i.channel_free) refers to nrf_drv_gpiote.o(.bss) for .bss
    nrf_drv_gpiote.o(i.channel_port_alloc) refers to nrf_drv_gpiote.o(.bss) for .bss
    nrf_drv_gpiote.o(i.channel_port_get) refers to nrf_drv_gpiote.o(.bss) for .bss
    nrf_drv_gpiote.o(i.nrf_drv_gpiote_clr_task_addr_get) refers to nrf_drv_gpiote.o(i.channel_port_get) for channel_port_get
    nrf_drv_gpiote.o(i.nrf_drv_gpiote_clr_task_trigger) refers to nrf_drv_gpiote.o(i.channel_port_get) for channel_port_get
    nrf_drv_gpiote.o(i.nrf_drv_gpiote_in_event_addr_get) refers to nrf_drv_gpiote.o(i.pin_in_use_by_te) for pin_in_use_by_te
    nrf_drv_gpiote.o(i.nrf_drv_gpiote_in_event_addr_get) refers to nrf_drv_gpiote.o(i.channel_port_get) for channel_port_get
[...]
    ..\rt_MemBox.c                           0x00000000   Number         0  rt_membox.o ABSOLUTE
    ..\rt_Memory.c                           0x00000000   Number         0  rt_memory.o ABSOLUTE
    ..\rt_Mutex.c                            0x00000000   Number         0  rt_mutex.o ABSOLUTE
    ..\rt_Robin.c                            0x00000000   Number         0  rt_robin.o ABSOLUTE
    ..\rt_Semaphore.c                        0x00000000   Number         0  rt_semaphore.o ABSOLUTE
    ..\rt_System.c                           0x00000000   Number         0  rt_system.o ABSOLUTE
    ..\rt_Task.c                             0x00000000   Number         0  rt_task.o ABSOLUTE
    ..\rt_Time.c                             0x00000000   Number         0  rt_time.o ABSOLUTE
    HAL_CM4.c                                0x00000000   Number         0  hal_cm4.o ABSOLUTE
    HAL_CM4.c                                0x00000000   Number         0  hal_cm4.o ABSOLUTE
    RTE/CMSIS/RTX_Conf_CM.c                  0x00000000   Number         0  rtx_conf_cm.o ABSOLUTE
    RTE/Device/nRF52832_xxAA/arm_startup_nrf52.s 0x00000000   Number         0  arm_startup_nrf52.o ABSOLUTE
    RTE/Device/nRF52832_xxAA/system_nrf52.c  0x00000000   Number         0  system_nrf52.o ABSOLUTE
    RTE\Device\nRF52832_xxAA\system_nrf52.c  0x00000000   Number         0  system_nrf52.o ABSOLUTE
    SVC_Table.s                              0x00000000   Number         0  svc_table.o ABSOLUTE
    cdrcmple.s                               0x00000000   Number         0  cdrcmple.o ABSOLUTE
    dc.s                                     0x00000000   Number         0  dc.o ABSOLUTE
    handlers.s                               0x00000000   Number         0  handlers.o ABSOLUTE
    init.s                                   0x00000000   Number         0  init.o ABSOLUTE
    .ARM.Collect$$$$00000000                 0x00000200   Section        0  entry.o(.ARM.Collect$$$$00000000)
    .ARM.Collect$$$$00000001                 0x00000200   Section        4  entry2.o(.ARM.Collect$$$$00000001)
    .ARM.Collect$$$$00000004                 0x00000204   Section        4  entry5.o(.ARM.Collect$$$$00000004)
    .ARM.Collect$$$$00000008                 0x00000208   Section        0  entry7b.o(.ARM.Collect$$$$00000008)
    .ARM.Collect$$$$0000000A                 0x00000208   Section        0  entry8b.o(.ARM.Collect$$$$0000000A)
    .ARM.Collect$$$$0000000E                 0x00000208   Section        4  entry12b.o(.ARM.Collect$$$$0000000E)
    .ARM.Collect$$$$0000000F                 0x0000020c   Section        0  entry10a.o(.ARM.Collect$$$$0000000F)
    .ARM.Collect$$$$00000011                 0x0000020c   Section        0  entry11a.o(.ARM.Collect$$$$00000011)
    .ARM.Collect$$$$000000FF                 0x0000020c   Section        0  rtx_conf_cm.o(.ARM.Collect$$$$000000FF)
    .ARM.Collect$$$$00002712                 0x00000224   Section        4  entry2.o(.ARM.Collect$$$$00002712)
    __lit__00000000                          0x00000224   Data           4  entry2.o(.ARM.Collect$$$$00002712)
    .emb_text                                0x00000228   Section      408  hal_cm4.o(.emb_text)
    $v0                                      0x00000228   Number         0  hal_cm4.o(.emb_text)
    .text                                    0x000003c0   Section       36  arm_startup_nrf52.o(.text)
    $v0                                      0x000003c0   Number         0  arm_startup_nrf52.o(.text)
    .text                                    0x000003e4   Section        0  memcpya.o(.text)
    .text                                    0x00000408   Section        0  memseta.o(.text)
    .text                                    0x0000042c   Section        0  strcmp.o(.text)
    .text                                    0x00000448   Section        0  uidiv.o(.text)
    .text                                    0x00000474   Section       36  init.o(.text)
    SVC_TABLE                                0x00000498   Section        4  svc_table.o(SVC_TABLE)
    i.GPIOTE_IRQHandler                      0x0000049c   Section        0  nrf_drv_gpiote.o(i.GPIOTE_IRQHandler)
    i.POWER_CLOCK_IRQHandler                 0x00000648   Section        0  nrf_drv_clock.o(i.POWER_CLOCK_IRQHandler)
    i.SPIM1_SPIS1_TWIM1_TWIS1_SPI1_TWI1_IRQHandler 0x000006a0   Section        0  nrf_drv_spi.o(i.SPIM1_SPIS1_TWIM1_TWIS1_SPI1_TWI1_IRQHandler)
    i.SystemCoreClockUpdate                  0x000006b0   Section        0  system_nrf52.o(i.SystemCoreClockUpdate)
    i.SystemInit                             0x000006c0   Section        0  system_nrf52.o(i.SystemInit)
    i.UARTE0_UART0_IRQHandler                0x000008d4   Section        0  nrf_drv_uart.o(i.UARTE0_UART0_IRQHandler)
    i.__0printf$3                            0x000008f4   Section        0  printf3.o(i.__0printf$3)
    i.__scatterload_copy                     0x00000914   Section       14  handlers.o(i.__scatterload_copy)
    i.__scatterload_null                     0x00000922   Section        2  handlers.o(i.__scatterload_null)
    i.__scatterload_zeroinit                 0x00000924   Section       14  handlers.o(i.__scatterload_zeroinit)
    i._init_box                              0x00000932   Section        0  rt_membox.o(i._init_box)
    i._printf_core                           0x00000978   Section        0  printf3.o(i._printf_core)
    _printf_core                             0x00000979   Thumb Code   436  printf3.o(i._printf_core)
    i.app_error_fault_handler                0x00000b30   Section        0  app_error_weak.o(i.app_error_fault_handler)
    i.app_error_handler_bare                 0x00000b60   Section        0  app_error.o(i.app_error_handler_bare)
    i.app_fifo_get                           0x00000b76   Section        0  app_fifo.o(i.app_fifo_get)
    i.app_fifo_init                          0x00000b8e   Section        0  app_fifo.o(i.app_fifo_init)
    i.app_fifo_put                           0x00000bb0   Section        0  app_fifo.o(i.app_fifo_put)
    i.app_uart_get                           0x00000bcc   Section        0  app_uart_fifo.o(i.app_uart_get)
    i.app_uart_init                          0x00000c00   Section        0  app_uart_fifo.o(i.app_uart_init)
    i.app_uart_put                           0x00000cc0   Section        0  app_uart_fifo.o(i.app_uart_put)
    i.apply_config                           0x00000cfc   Section        0  nrf_drv_uart.o(i.apply_config)
    apply_config                             0x00000cfd   Thumb Code   234  nrf_drv_uart.o(i.apply_config)
    i.boUART_Init                            0x00000dec   Section        0  uart.o(i.boUART_Init)
    i.boUART_getc                            0x00000e28   Section        0  uart.o(i.boUART_getc)
    i.channel_port_get                       0x00000e38   Section        0  nrf_drv_gpiote.o(i.channel_port_get)
    channel_port_get                         0x00000e39   Thumb Code    10  nrf_drv_gpiote.o(i.channel_port_get)
    i.clock_clk_started_notify               0x00000e48   Section        0  nrf_drv_clock.o(i.clock_clk_started_notify)
    clock_clk_started_notify                 0x00000e49   Thumb Code    36  nrf_drv_clock.o(i.clock_clk_started_notify)
    i.dbg_init                               0x00000e70   Section        0  hal_cm.o(i.dbg_init)
    i.dbg_task_notify                        0x00000ea0   Section        0  hal_cm.o(i.dbg_task_notify)
    i.dbg_task_switch                        0x00000ec0   Section        0  hal_cm.o(i.dbg_task_switch)
    i.doing_stuff                            0x00000ed0   Section        0  do_things.o(i.doing_stuff)
    i.errata_108                             0x00000eec   Section        0  system_nrf52.o(i.errata_108)
    errata_108                               0x00000eed   Thumb Code    56  system_nrf52.o(i.errata_108)
    i.errata_12                              0x00000f28   Section        0  system_nrf52.o(i.errata_12)
    errata_12                                0x00000f29   Thumb Code    56  system_nrf52.o(i.errata_12)
    i.errata_136                             0x00000f64   Section        0  system_nrf52.o(i.errata_136)
    errata_136                               0x00000f65   Thumb Code    56  system_nrf52.o(i.errata_136)
    i.errata_16                              0x00000fa0   Section        0  system_nrf52.o(i.errata_16)
    errata_16                                0x00000fa1   Thumb Code    40  system_nrf52.o(i.errata_16)
    i.errata_31                              0x00000fcc   Section        0  system_nrf52.o(i.errata_31)
    errata_31                                0x00000fcd   Thumb Code    56  system_nrf52.o(i.errata_31)
    i.errata_32                              0x00001008   Section        0  system_nrf52.o(i.errata_32)
    errata_32                                0x00001009   Thumb Code    40  system_nrf52.o(i.errata_32)
    i.errata_36                              0x00001034   Section        0  system_nrf52.o(i.errata_36)
    errata_36                                0x00001035   Thumb Code    56  system_nrf52.o(i.errata_36)
    i.errata_37                              0x00001070   Section        0  system_nrf52.o(i.errata_37)
    errata_37                                0x00001071   Thumb Code    40  system_nrf52.o(i.errata_37)
    i.errata_57                              0x0000109c   Section        0  system_nrf52.o(i.errata_57)
    errata_57                                0x0000109d   Thumb Code    40  system_nrf52.o(i.errata_57)
    i.errata_66                              0x000010c8   Section        0  system_nrf52.o(i.errata_66)
    errata_66                                0x000010c9   Thumb Code    40  system_nrf52.o(i.errata_66)
    i.fifo_get                               0x000010f4   Section        0  app_fifo.o(i.fifo_get)
    fifo_get                                 0x000010f5   Thumb Code    20  app_fifo.o(i.fifo_get)
    i.fifo_put                               0x00001108   Section        0  app_fifo.o(i.fifo_put)
    fifo_put                                 0x00001109   Thumb Code    18  app_fifo.o(i.fifo_put)
    i.finish_transfer                        0x0000111a   Section        0  nrf_drv_spi.o(i.finish_transfer)
    finish_transfer                          0x0000111b   Thumb Code    34  nrf_drv_spi.o(i.finish_transfer)
    i.fputc                                  0x0000113c   Section        0  retarget.o(i.fputc)
    i.handle_function                        0x0000114c   Section        0  main.o(i.handle_function)
    i.interrupts_enable                      0x00001174   Section        0  nrf_drv_uart.o(i.interrupts_enable)
    interrupts_enable                        0x00001175   Thumb Code   126  nrf_drv_uart.o(i.interrupts_enable)
    i.irq_handler_spi                        0x00001200   Section        0  nrf_drv_spi.o(i.irq_handler_spi)
    irq_handler_spi                          0x00001201   Thumb Code    38  nrf_drv_spi.o(i.irq_handler_spi)
    i.isrMessageGet                          0x00001226   Section        0  rt_cmsis.o(i.isrMessageGet)
    i.isrMessagePut                          0x00001250   Section        0  rt_cmsis.o(i.isrMessagePut)
    i.isr_mbx_receive                        0x0000127c   Section        0  rt_mailbox.o(i.isr_mbx_receive)
    i.isr_mbx_send                           0x000012ce   Section        0  rt_mailbox.o(i.isr_mbx_send)
    i.item_dequeue                           0x000012dc   Section        0  nrf_drv_clock.o(i.item_dequeue)
    item_dequeue                             0x000012dd   Thumb Code    14  nrf_drv_clock.o(i.item_dequeue)
    i.main                                   0x000012ec   Section        0  main.o(i.main)
    i.malloc                                 0x00001414   Section        0  malloc.o(i.malloc)
    i.nrf_bitmask_bit_is_set                 0x00001480   Section        0  nrf_drv_gpiote.o(i.nrf_bitmask_bit_is_set)
    nrf_bitmask_bit_is_set                   0x00001481   Thumb Code    16  nrf_drv_gpiote.o(i.nrf_bitmask_bit_is_set)
    i.nrf_clock_event_check                  0x00001490   Section        0  nrf_drv_clock.o(i.nrf_clock_event_check)
    nrf_clock_event_check                    0x00001491   Thumb Code    14  nrf_drv_clock.o(i.nrf_clock_event_check)
    i.nrf_clock_event_clear                  0x0000149e   Section        0  nrf_drv_clock.o(i.nrf_clock_event_clear)
    nrf_clock_event_clear                    0x0000149f   Thumb Code    16  nrf_drv_clock.o(i.nrf_clock_event_clear)
    i.nrf_drv_common_irq_enable              0x000014ae   Section        0  nrf_drv_common.o(i.nrf_drv_common_irq_enable)
    i.nrf_drv_get_IRQn                       0x000014e6   Section        0  nrf_drv_uart.o(i.nrf_drv_get_IRQn)
    nrf_drv_get_IRQn                         0x000014e7   Thumb Code     6  nrf_drv_uart.o(i.nrf_drv_get_IRQn)
    i.nrf_drv_is_in_RAM                      0x000014ec   Section        0  nrf_drv_uart.o(i.nrf_drv_is_in_RAM)
    nrf_drv_is_in_RAM                        0x000014ed   Thumb Code    16  nrf_drv_uart.o(i.nrf_drv_is_in_RAM)
    i.nrf_drv_uart_init                      0x000014fc   Section        0  nrf_drv_uart.o(i.nrf_drv_uart_init)
    i.nrf_drv_uart_rx                        0x00001568   Section        0  nrf_drv_uart.o(i.nrf_drv_uart_rx)
    i.nrf_drv_uart_rx_enable                 0x00001620   Section        0  nrf_drv_uart.o(i.nrf_drv_uart_rx_enable)
    i.nrf_drv_uart_rx_for_uart               0x00001650   Section        0  nrf_drv_uart.o(i.nrf_drv_uart_rx_for_uart)
    nrf_drv_uart_rx_for_uart                 0x00001651   Thumb Code   164  nrf_drv_uart.o(i.nrf_drv_uart_rx_for_uart)
    i.nrf_drv_uart_rx_for_uarte              0x000016f8   Section        0  nrf_drv_uart.o(i.nrf_drv_uart_rx_for_uarte)
    nrf_drv_uart_rx_for_uarte                0x000016f9   Thumb Code   166  nrf_drv_uart.o(i.nrf_drv_uart_rx_for_uarte)
    i.nrf_drv_uart_tx                        0x000017a4   Section        0  nrf_drv_uart.o(i.nrf_drv_uart_tx)
    i.nrf_drv_uart_tx_for_uart               0x00001850   Section        0  nrf_drv_uart.o(i.nrf_drv_uart_tx_for_uart)
    nrf_drv_uart_tx_for_uart                 0x00001851   Thumb Code   136  nrf_drv_uart.o(i.nrf_drv_uart_tx_for_uart)
    i.nrf_drv_uart_tx_in_progress            0x000018dc   Section        0  nrf_drv_uart.o(i.nrf_drv_uart_tx_in_progress)
    i.nrf_gpio_cfg                           0x000018f4   Section        0  nrf_drv_uart.o(i.nrf_gpio_cfg)
    nrf_gpio_cfg                             0x000018f5   Thumb Code    36  nrf_drv_uart.o(i.nrf_gpio_cfg)
    i.nrf_gpio_cfg_input                     0x00001918   Section        0  nrf_drv_uart.o(i.nrf_gpio_cfg_input)
    nrf_gpio_cfg_input                       0x00001919   Thumb Code    18  nrf_drv_uart.o(i.nrf_gpio_cfg_input)
    i.nrf_gpio_cfg_output                    0x0000192a   Section        0  nrf_drv_uart.o(i.nrf_gpio_cfg_output)
    nrf_gpio_cfg_output                      0x0000192b   Thumb Code    20  nrf_drv_uart.o(i.nrf_gpio_cfg_output)
    i.nrf_gpio_cfg_sense_set                 0x0000193e   Section        0  nrf_drv_gpiote.o(i.nrf_gpio_cfg_sense_set)
    nrf_gpio_cfg_sense_set                   0x0000193f   Thumb Code    30  nrf_drv_gpiote.o(i.nrf_gpio_cfg_sense_set)
    i.nrf_gpio_pin_set                       0x0000195c   Section        0  nrf_drv_spi.o(i.nrf_gpio_pin_set)
    nrf_gpio_pin_set                         0x0000195d   Thumb Code    16  nrf_drv_spi.o(i.nrf_gpio_pin_set)
    i.nrf_gpio_ports_read                    0x0000196c   Section        0  nrf_drv_gpiote.o(i.nrf_gpio_ports_read)
    nrf_gpio_ports_read                      0x0000196d   Thumb Code    32  nrf_drv_gpiote.o(i.nrf_gpio_ports_read)
    i.nrf_gpiote_event_clear                 0x00001990   Section        0  nrf_drv_gpiote.o(i.nrf_gpiote_event_clear)
    nrf_gpiote_event_clear                   0x00001991   Thumb Code    16  nrf_drv_gpiote.o(i.nrf_gpiote_event_clear)
    i.nrf_gpiote_event_is_set                0x000019a4   Section        0  nrf_drv_gpiote.o(i.nrf_gpiote_event_is_set)
    nrf_gpiote_event_is_set                  0x000019a5   Thumb Code    14  nrf_drv_gpiote.o(i.nrf_gpiote_event_is_set)
    i.nrf_uart_event_check                   0x000019b8   Section        0  nrf_drv_uart.o(i.nrf_uart_event_check)
    nrf_uart_event_check                     0x000019b9   Thumb Code    10  nrf_drv_uart.o(i.nrf_uart_event_check)
    i.nrf_uart_event_clear                   0x000019c2   Section        0  nrf_drv_uart.o(i.nrf_uart_event_clear)
    nrf_uart_event_clear                     0x000019c3   Thumb Code    12  nrf_drv_uart.o(i.nrf_uart_event_clear)
    i.nrf_uart_int_enable_check              0x000019ce   Section        0  nrf_drv_uart.o(i.nrf_uart_int_enable_check)
    nrf_uart_int_enable_check                0x000019cf   Thumb Code    12  nrf_drv_uart.o(i.nrf_uart_int_enable_check)
    i.nrf_uarte_event_check                  0x000019da   Section        0  nrf_drv_uart.o(i.nrf_uarte_event_check)
    nrf_uarte_event_check                    0x000019db   Thumb Code    10  nrf_drv_uart.o(i.nrf_uarte_event_check)
    i.nrf_uarte_event_clear                  0x000019e4   Section        0  nrf_drv_uart.o(i.nrf_uarte_event_clear)
    nrf_uarte_event_clear                    0x000019e5   Thumb Code    12  nrf_drv_uart.o(i.nrf_uarte_event_clear)
    i.osDelay                                0x000019f0   Section        0  rt_cmsis.o(i.osDelay)
    i.osKernelInitialize                     0x00001a08   Section        0  rt_cmsis.o(i.osKernelInitialize)
    i.osKernelStart                          0x00001a2c   Section        0  rt_cmsis.o(i.osKernelStart)
    i.osMessageGet                           0x00001a98   Section        0  rt_cmsis.o(i.osMessageGet)
    i.osThreadCreate                         0x00001ab0   Section        0  rt_cmsis.o(i.osThreadCreate)
    i.osThreadExit                           0x00001ae0   Section        0  rt_cmsis.o(i.osThreadExit)
    i.osThreadTerminate                      0x00001af8   Section        0  rt_cmsis.o(i.osThreadTerminate)
    i.osTimerCall                            0x00001b10   Section        0  rt_cmsis.o(i.osTimerCall)
    i.osTimerThread                          0x00001b1c   Section        0  rt_cmsis.o(i.osTimerThread)
    i.os_error                               0x00001b48   Section        0  rtx_conf_cm.o(i.os_error)
    i.os_idle_demon                          0x00001b4a   Section        0  rtx_conf_cm.o(i.os_idle_demon)
    i.os_tick_init                           0x00001b4c   Section        0  rt_system.o(i.os_tick_init)
    i.os_tick_irqack                         0x00001b74   Section        0  rt_system.o(i.os_tick_irqack)
    i.rt_alloc_box                           0x00001b76   Section        0  rt_membox.o(i.rt_alloc_box)
    i.rt_alloc_mem                           0x00001b90   Section        0  rt_memory.o(i.rt_alloc_mem)
    i.rt_block                               0x00001bd0   Section        0  rt_task.o(i.rt_block)
    i.rt_chk_robin                           0x00001c08   Section        0  rt_robin.o(i.rt_chk_robin)
    i.rt_dec_dly                             0x00001c50   Section        0  rt_list.o(i.rt_dec_dly)
    i.rt_dispatch                            0x00001cc0   Section        0  rt_task.o(i.rt_dispatch)
    i.rt_dly_wait                            0x00001d04   Section        0  rt_time.o(i.rt_dly_wait)
    i.rt_evt_psh                             0x00001d0c   Section        0  rt_event.o(i.rt_evt_psh)
    i.rt_free_box                            0x00001d5c   Section        0  rt_membox.o(i.rt_free_box)
    i.rt_free_mem                            0x00001d88   Section        0  rt_memory.o(i.rt_free_mem)
    i.rt_get_first                           0x00001db0   Section        0  rt_list.o(i.rt_get_first)
    i.rt_id2obj                              0x00001dd8   Section        0  rt_cmsis.o(i.rt_id2obj)
    rt_id2obj                                0x00001dd9   Thumb Code     8  rt_cmsis.o(i.rt_id2obj)
    i.rt_init_context                        0x00001de0   Section        0  rt_task.o(i.rt_init_context)
    rt_init_context                          0x00001de1   Thumb Code    66  rt_task.o(i.rt_init_context)
    i.rt_init_mem                            0x00001e28   Section        0  rt_memory.o(i.rt_init_mem)
    i.rt_init_robin                          0x00001e44   Section        0  rt_robin.o(i.rt_init_robin)
    i.rt_init_stack                          0x00001e5c   Section        0  hal_cm.o(i.rt_init_stack)
    i.rt_mbx_check                           0x00001edc   Section        0  rt_mailbox.o(i.rt_mbx_check)
    i.rt_mbx_init                            0x00001ee4   Section        0  rt_mailbox.o(i.rt_mbx_init)
    i.rt_mbx_psh                             0x00001f00   Section        0  rt_mailbox.o(i.rt_mbx_psh)
    i.rt_mbx_wait                            0x00001ff0   Section        0  rt_mailbox.o(i.rt_mbx_wait)
    i.rt_ms2tick                             0x000020a4   Section        0  rt_cmsis.o(i.rt_ms2tick)
    rt_ms2tick                               0x000020a5   Thumb Code    58  rt_cmsis.o(i.rt_ms2tick)
    i.rt_pop_req                             0x000020e8   Section        0  rt_system.o(i.rt_pop_req)
    i.rt_psh_req                             0x00002164   Section        0  rt_system.o(i.rt_psh_req)
    i.rt_psq_enq                             0x00002184   Section        0  rt_list.o(i.rt_psq_enq)
    i.rt_put_dly                             0x000021e0   Section        0  rt_list.o(i.rt_put_dly)
    i.rt_put_prio                            0x00002228   Section        0  rt_list.o(i.rt_put_prio)
    i.rt_put_rdy_first                       0x00002260   Section        0  rt_list.o(i.rt_put_rdy_first)
    i.rt_resort_prio                         0x00002274   Section        0  rt_list.o(i.rt_resort_prio)
    i.rt_ret_regs                            0x000022a8   Section        0  hal_cm.o(i.rt_ret_regs)
    rt_ret_regs                              0x000022a9   Thumb Code    16  hal_cm.o(i.rt_ret_regs)
    i.rt_ret_val                             0x000022b8   Section        0  hal_cm.o(i.rt_ret_val)
    i.rt_ret_val2                            0x000022c4   Section        0  hal_cm.o(i.rt_ret_val2)
    i.rt_rmv_dly                             0x000022d4   Section        0  rt_list.o(i.rt_rmv_dly)
    i.rt_rmv_list                            0x000022fc   Section        0  rt_list.o(i.rt_rmv_list)
    i.rt_sem_psh                             0x0000232c   Section        0  rt_semaphore.o(i.rt_sem_psh)
    i.rt_stk_check                           0x00002360   Section        0  rt_system.o(i.rt_stk_check)
    i.rt_switch_req                          0x00002384   Section        0  rt_task.o(i.rt_switch_req)
    i.rt_sys_init                            0x000023ac   Section        0  rt_task.o(i.rt_sys_init)
    i.rt_sys_start                           0x00002478   Section        0  rt_task.o(i.rt_sys_start)
    i.rt_systick                             0x000024f0   Section        0  rt_system.o(i.rt_systick)
    i.rt_tid2ptcb                            0x00002530   Section        0  rt_cmsis.o(i.rt_tid2ptcb)
    rt_tid2ptcb                              0x00002531   Thumb Code    18  rt_cmsis.o(i.rt_tid2ptcb)
    i.rt_timer_insert                        0x00002544   Section        0  rt_cmsis.o(i.rt_timer_insert)
    rt_timer_insert                          0x00002545   Thumb Code    48  rt_cmsis.o(i.rt_timer_insert)
    i.rt_tsk_create                          0x00002578   Section        0  rt_task.o(i.rt_tsk_create)
    i.rt_tsk_delete                          0x00002600   Section        0  rt_task.o(i.rt_tsk_delete)
    i.rt_tsk_prio                            0x0000277c   Section        0  rt_task.o(i.rt_tsk_prio)
    i.rt_tsk_self                            0x000027f8   Section        0  rt_task.o(i.rt_tsk_self)
    i.rx_byte                                0x00002808   Section        0  nrf_drv_uart.o(i.rx_byte)
    rx_byte                                  0x00002809   Thumb Code    52  nrf_drv_uart.o(i.rx_byte)
    i.rx_done_event                          0x0000283c   Section        0  nrf_drv_uart.o(i.rx_done_event)
    rx_done_event                            0x0000283d   Thumb Code    22  nrf_drv_uart.o(i.rx_done_event)
    i.rx_enable                              0x00002852   Section        0  nrf_drv_uart.o(i.rx_enable)
    rx_enable                                0x00002853   Thumb Code    32  nrf_drv_uart.o(i.rx_enable)
    i.svcDelay                               0x00002872   Section        0  rt_cmsis.o(i.svcDelay)
    i.svcKernelInitialize                    0x00002884   Section        0  rt_cmsis.o(i.svcKernelInitialize)
    i.svcKernelStart                         0x000028f4   Section        0  rt_cmsis.o(i.svcKernelStart)
    i.svcMessageCreate                       0x0000293c   Section        0  rt_cmsis.o(i.svcMessageCreate)
    i.svcMessageGet                          0x00002960   Section        0  rt_cmsis.o(i.svcMessageGet)
    i.svcThreadCreate                        0x0000299c   Section        0  rt_cmsis.o(i.svcThreadCreate)
    i.svcThreadGetId                         0x00002a0c   Section        0  rt_cmsis.o(i.svcThreadGetId)
    i.svcThreadTerminate                     0x00002a28   Section        0  rt_cmsis.o(i.svcThreadTerminate)
    i.svcTimerCall                           0x00002a60   Section        0  rt_cmsis.o(i.svcTimerCall)
    i.sysTimerTick                           0x00002a78   Section        0  rt_cmsis.o(i.sysTimerTick)
    i.thread_job                             0x00002ad4   Section        0  main.o(i.thread_job)
    i.transfer_byte                          0x00002b70   Section        0  nrf_drv_spi.o(i.transfer_byte)
    transfer_byte                            0x00002b71   Thumb Code   114  nrf_drv_spi.o(i.transfer_byte)
    i.tx_byte                                0x00002be2   Section        0  nrf_drv_uart.o(i.tx_byte)
    tx_byte                                  0x00002be3   Thumb Code    34  nrf_drv_uart.o(i.tx_byte)
    i.tx_done_event                          0x00002c04   Section        0  nrf_drv_uart.o(i.tx_done_event)
    tx_done_event                            0x00002c05   Thumb Code    26  nrf_drv_uart.o(i.tx_done_event)
    i.uart_event_handler                     0x00002c20   Section        0  app_uart_fifo.o(i.uart_event_handler)
    uart_event_handler                       0x00002c21   Thumb Code   164  app_uart_fifo.o(i.uart_event_handler)
    i.uart_irq_handler                       0x00002ccc   Section        0  nrf_drv_uart.o(i.uart_irq_handler)
    uart_irq_handler                         0x00002ccd   Thumb Code   294  nrf_drv_uart.o(i.uart_irq_handler)
    i.uarte_irq_handler                      0x00002df2   Section        0  nrf_drv_uart.o(i.uarte_irq_handler)
    uarte_irq_handler                        0x00002df3   Thumb Code   248  nrf_drv_uart.o(i.uarte_irq_handler)
    i.vHandleUartInternalErrors              0x00002eea   Section        0  uart.o(i.vHandleUartInternalErrors)
    vHandleUartInternalErrors                0x00002eeb   Thumb Code     2  uart.o(i.vHandleUartInternalErrors)
    i.vUartErrorHandle                       0x00002eec   Section        0  uart.o(i.vUartErrorHandle)
    vUartErrorHandle                         0x00002eed   Thumb Code    20  uart.o(i.vUartErrorHandle)
    .constdata                               0x00002f00   Section       16  main.o(.constdata)
    .constdata                               0x00002f10   Section        4  nrf_drv_gpiote.o(.constdata)
    .constdata                               0x00002f14   Section       32  app_uart_fifo.o(.constdata)
    .constdata                               0x00002f34   Section       24  uart.o(.constdata)
    .constdata                               0x00002f4c   Section        2  rtx_conf_cm.o(.constdata)
    .constdata                               0x00002f50   Section        4  rtx_conf_cm.o(.constdata)
    .constdata                               0x00002f54   Section        4  rtx_conf_cm.o(.constdata)
    .constdata                               0x00002f58   Section        4  rtx_conf_cm.o(.constdata)
    .constdata                               0x00002f5c   Section        1  rtx_conf_cm.o(.constdata)
    .constdata                               0x00002f60   Section       16  rtx_conf_cm.o(.constdata)
    __tagsym$$used                           0x00002f60   Number         0  rtx_conf_cm.o(.constdata)
    __tagsym$$used                           0x00002f64   Number         0  rtx_conf_cm.o(.constdata)
    __tagsym$$used                           0x00002f68   Number         0  rtx_conf_cm.o(.constdata)
    __tagsym$$used                           0x00002f6c   Number         0  rtx_conf_cm.o(.constdata)
    .constdata                               0x00002f70   Section        2  rtx_conf_cm.o(.constdata)
    .constdata                               0x00002f74   Section        4  rtx_conf_cm.o(.constdata)
    .constdata                               0x00002f78   Section        4  rtx_conf_cm.o(.constdata)
    .constdata                               0x00002f7c   Section        1  rtx_conf_cm.o(.constdata)
    .constdata                               0x00002f80   Section       16  rtx_conf_cm.o(.constdata)
    .constdata                               0x00002f90   Section        8  rtx_conf_cm.o(.constdata)
    .constdata                               0x00002f98   Section        2  rtx_conf_cm.o(.constdata)
    .data                                    0x20000000   Section       16  app_uart_fifo.o(.data)
    tx_buffer                                0x20000000   Data           1  app_uart_fifo.o(.data)
    rx_buffer                                0x20000001   Data           1  app_uart_fifo.o(.data)
    m_rx_ovf                                 0x20000002   Data           1  app_uart_fifo.o(.data)
    m_event_handler                          0x20000004   Data           4  app_uart_fifo.o(.data)
    app_uart_inst                            0x20000008   Data           8  app_uart_fifo.o(.data)
    .data                                    0x20000010   Section        4  retarget.o(.data)
    .data                                    0x20000014   Section        4  rtx_conf_cm.o(.data)
    .data                                    0x20000018   Section       16  rtx_conf_cm.o(.data)
    .data                                    0x20000028   Section        4  rtx_conf_cm.o(.data)
    .data                                    0x2000002c   Section        4  rtx_conf_cm.o(.data)
    .data                                    0x20000030   Section        4  system_nrf52.o(.data)
    __tagsym$$used                           0x20000030   Number         0  system_nrf52.o(.data)
    .data                                    0x20000034   Section        8  rt_cmsis.o(.data)
    .data                                    0x2000003c   Section        8  rt_task.o(.data)
    .data                                    0x20000044   Section        8  rt_system.o(.data)
    os_lock                                  0x20000044   Data           1  rt_system.o(.data)
    os_psh_flag                              0x20000045   Data           1  rt_system.o(.data)
    pend_flags                               0x20000046   Data           1  rt_system.o(.data)
    .data                                    0x2000004c   Section        4  rt_time.o(.data)
    .data                                    0x20000050   Section        1  hal_cm.o(.data)
    .data                                    0x20000054   Section        8  rt_robin.o(.data)
    .data                                    0x2000005c   Section        4  mvars.o(.data)
    .data                                    0x20000060   Section        4  mvars.o(.data)
    .bss                                     0x20000064   Section       88  nrf_drv_gpiote.o(.bss)
    m_cb                                     0x20000064   Data          88  nrf_drv_gpiote.o(.bss)
    .bss                                     0x200000bc   Section       36  nrf_drv_spi.o(.bss)
    m_cb                                     0x200000bc   Data          36  nrf_drv_spi.o(.bss)
    .bss                                     0x200000e0   Section       32  nrf_drv_uart.o(.bss)
    m_cb                                     0x200000e0   Data          32  nrf_drv_uart.o(.bss)
    .bss                                     0x20000100   Section       20  nrf_drv_clock.o(.bss)
    m_clock_cb                               0x20000100   Data          20  nrf_drv_clock.o(.bss)
    .bss                                     0x20000114   Section       32  app_uart_fifo.o(.bss)
    m_rx_fifo                                0x20000114   Data          16  app_uart_fifo.o(.bss)
    m_tx_fifo                                0x20000124   Data          16  app_uart_fifo.o(.bss)
    .bss                                     0x20000134   Section      544  uart.o(.bss)
    rx_buf                                   0x20000134   Data          32  uart.o(.bss)
    tx_buf                                   0x20000154   Data         512  uart.o(.bss)
    .bss                                     0x20000354   Section       32  rtx_conf_cm.o(.bss)
    .bss                                     0x20000374   Section      376  rtx_conf_cm.o(.bss)
    .bss                                     0x200004f0   Section     1216  rtx_conf_cm.o(.bss)
    .bss                                     0x200009b0   Section      432  rtx_conf_cm.o(.bss)
    .bss                                     0x20000b60   Section      132  rtx_conf_cm.o(.bss)
    .bss                                     0x20000be4   Section       28  rtx_conf_cm.o(.bss)
    .bss                                     0x20000c00   Section       52  rt_task.o(.bss)
    .bss                                     0x20000c34   Section       48  rt_list.o(.bss)
    HEAP                                     0x20000c68   Section     8192  arm_startup_nrf52.o(HEAP)
    STACK                                    0x20002c68   Section     8192  arm_startup_nrf52.o(STACK)

    Global Symbols

    Symbol Name                              Value     Ov Type        Size  Object(Section)

    BuildAttributes$$THM_ISAv4$E$P$D$K$B$S$7EM$VFPi3$EXTD16$VFPS$VFMA$PE$A:L22UL41UL21$X:L11$S22US41US21$IEEE1$IW$USESV6$~STKCKD$USESV7$~SHL$OSPACE$ROPI$EBA8$MICROLIB$REQ8$PRES8$EABIv2 0x00000000   Number         0  anon$$obj.o ABSOLUTE
    __ARM_use_no_argv                        0x00000000   Number         0  main.o ABSOLUTE
    __Vectors                                0x00000000   Data           4  arm_startup_nrf52.o(RESET)
    _printf_a                                0x00000000   Number         0  stubs.o ABSOLUTE
    _printf_c                                0x00000000   Number         0  stubs.o ABSOLUTE
    _printf_charcount                        0x00000000   Number         0  stubs.o ABSOLUTE
    _printf_d                                0x00000000   Number         0  stubs.o ABSOLUTE
    _printf_e                                0x00000000   Number         0  stubs.o ABSOLUTE
    _printf_f                                0x00000000   Number         0  stubs.o ABSOLUTE
    _printf_flags                            0x00000000   Number         0  stubs.o ABSOLUTE
    _printf_fp_dec                           0x00000000   Number         0  stubs.o ABSOLUTE
    _printf_fp_hex                           0x00000000   Number         0  stubs.o ABSOLUTE
    _printf_g                                0x00000000   Number         0  stubs.o ABSOLUTE
    _printf_i                                0x00000000   Number         0  stubs.o ABSOLUTE
    _printf_int_dec                          0x00000000   Number         0  stubs.o ABSOLUTE
    _printf_l                                0x00000000   Number         0  stubs.o ABSOLUTE
    _printf_lc                               0x00000000   Number         0  stubs.o ABSOLUTE
    _printf_ll                               0x00000000   Number         0  stubs.o ABSOLUTE
    _printf_lld                              0x00000000   Number         0  stubs.o ABSOLUTE
    _printf_lli                              0x00000000   Number         0  stubs.o ABSOLUTE
    _printf_llo                              0x00000000   Number         0  stubs.o ABSOLUTE
    _printf_llu                              0x00000000   Number         0  stubs.o ABSOLUTE
    _printf_llx                              0x00000000   Number         0  stubs.o ABSOLUTE
    _printf_longlong_dec                     0x00000000   Number         0  stubs.o ABSOLUTE
    _printf_longlong_hex                     0x00000000   Number         0  stubs.o ABSOLUTE
    _printf_longlong_oct                     0x00000000   Number         0  stubs.o ABSOLUTE
    _printf_ls                               0x00000000   Number         0  stubs.o ABSOLUTE
    _printf_mbtowc                           0x00000000   Number         0  stubs.o ABSOLUTE
    _printf_n                                0x00000000   Number         0  stubs.o ABSOLUTE
    _printf_o                                0x00000000   Number         0  stubs.o ABSOLUTE
    _printf_p                                0x00000000   Number         0  stubs.o ABSOLUTE
    _printf_percent                          0x00000000   Number         0  stubs.o ABSOLUTE
    _printf_pre_padding                      0x00000000   Number         0  stubs.o ABSOLUTE
    _printf_return_value                     0x00000000   Number         0  stubs.o ABSOLUTE
    _printf_s                                0x00000000   Number         0  stubs.o ABSOLUTE
    _printf_sizespec                         0x00000000   Number         0  stubs.o ABSOLUTE
    _printf_str                              0x00000000   Number         0  stubs.o ABSOLUTE
    _printf_truncate_signed                  0x00000000   Number         0  stubs.o ABSOLUTE
    _printf_truncate_unsigned                0x00000000   Number         0  stubs.o ABSOLUTE
    _printf_u                                0x00000000   Number         0  stubs.o ABSOLUTE
    _printf_wc                               0x00000000   Number         0  stubs.o ABSOLUTE
    _printf_wctomb                           0x00000000   Number         0  stubs.o ABSOLUTE
    _printf_widthprec                        0x00000000   Number         0  stubs.o ABSOLUTE
    _printf_x                                0x00000000   Number         0  stubs.o ABSOLUTE
    __arm_fini_                               - Undefined Weak Reference
    __cpp_initialize__aeabi_                  - Undefined Weak Reference
    __cxa_finalize                            - Undefined Weak Reference
    __decompress                              - Undefined Weak Reference
    _clock_init                               - Undefined Weak Reference
    _microlib_exit                            - Undefined Weak Reference
    __Vectors_End                            0x00000200   Data           0  arm_startup_nrf52.o(RESET)
    __Vectors_Size                           0x00000200   Number         0  arm_startup_nrf52.o ABSOLUTE
    __main                                   0x00000201   Thumb Code     0  entry.o(.ARM.Collect$$$$00000000)
    _main_stk                                0x00000201   Thumb Code     0  entry2.o(.ARM.Collect$$$$00000001)
    _main_scatterload                        0x00000205   Thumb Code     0  entry5.o(.ARM.Collect$$$$00000004)
    __main_after_scatterload                 0x00000209   Thumb Code     0  entry5.o(.ARM.Collect$$$$00000004)
    __rt_lib_shutdown_fini                   0x00000209   Thumb Code     0  entry12b.o(.ARM.Collect$$$$0000000E)
    _main_clock                              0x00000209   Thumb Code     0  entry7b.o(.ARM.Collect$$$$00000008)
    _main_cpp_init                           0x00000209   Thumb Code     0  entry8b.o(.ARM.Collect$$$$0000000A)
    __rt_final_cpp                           0x0000020d   Thumb Code     0  entry10a.o(.ARM.Collect$$$$0000000F)
    __rt_final_exit                          0x0000020d   Thumb Code     0  entry11a.o(.ARM.Collect$$$$00000011)
    _main_init                               0x0000020d   Thumb Code    18  rtx_conf_cm.o(.ARM.Collect$$$$000000FF)
    rt_set_PSP                               0x00000229   Thumb Code     6  hal_cm4.o(.emb_text)
    rt_get_PSP                               0x0000022f   Thumb Code     6  hal_cm4.o(.emb_text)
    os_set_env                               0x00000235   Thumb Code    24  hal_cm4.o(.emb_text)
    _alloc_box                               0x00000251   Thumb Code    28  hal_cm4.o(.emb_text)
    _free_box                                0x00000271   Thumb Code    28  hal_cm4.o(.emb_text)
    SVC_Handler                              0x00000291   Thumb Code   168  hal_cm4.o(.emb_text)
    PendSV_Handler                           0x00000349   Thumb Code    96  hal_cm4.o(.emb_text)
    SysTick_Handler                          0x000003ad   Thumb Code     8  hal_cm4.o(.emb_text)
    OS_Tick_Handler                          0x000003b5   Thumb Code    12  hal_cm4.o(.emb_text)
    Reset_Handler                            0x000003c1   Thumb Code     8  arm_startup_nrf52.o(.text)
    NMI_Handler                              0x000003c9   Thumb Code     2  arm_startup_nrf52.o(.text)
    HardFault_Handler                        0x000003cb   Thumb Code     2  arm_startup_nrf52.o(.text)
    MemoryManagement_Handler                 0x000003cd   Thumb Code     2  arm_startup_nrf52.o(.text)
    BusFault_Handler                         0x000003cf   Thumb Code     2  arm_startup_nrf52.o(.text)
    UsageFault_Handler                       0x000003d1   Thumb Code     2  arm_startup_nrf52.o(.text)
    DebugMon_Handler                         0x000003d5   Thumb Code     2  arm_startup_nrf52.o(.text)
    CCM_AAR_IRQHandler                       0x000003db   Thumb Code     0  arm_startup_nrf52.o(.text)
    COMP_LPCOMP_IRQHandler                   0x000003db   Thumb Code     0  arm_startup_nrf52.o(.text)
    ECB_IRQHandler                           0x000003db   Thumb Code     0  arm_startup_nrf52.o(.text)
    FPU_IRQHandler                           0x000003db   Thumb Code     0  arm_startup_nrf52.o(.text)
    I2S_IRQHandler                           0x000003db   Thumb Code     0  arm_startup_nrf52.o(.text)
    MWU_IRQHandler                           0x000003db   Thumb Code     0  arm_startup_nrf52.o(.text)
    NFCT_IRQHandler                          0x000003db   Thumb Code     0  arm_startup_nrf52.o(.text)
    PDM_IRQHandler                           0x000003db   Thumb Code     0  arm_startup_nrf52.o(.text)
    PWM0_IRQHandler                          0x000003db   Thumb Code     0  arm_startup_nrf52.o(.text)
    PWM1_IRQHandler                          0x000003db   Thumb Code     0  arm_startup_nrf52.o(.text)
    PWM2_IRQHandler                          0x000003db   Thumb Code     0  arm_startup_nrf52.o(.text)
    QDEC_IRQHandler                          0x000003db   Thumb Code     0  arm_startup_nrf52.o(.text)
    RADIO_IRQHandler                         0x000003db   Thumb Code     0  arm_startup_nrf52.o(.text)
    RNG_IRQHandler                           0x000003db   Thumb Code     0  arm_startup_nrf52.o(.text)
    RTC0_IRQHandler                          0x000003db   Thumb Code     0  arm_startup_nrf52.o(.text)
    RTC1_IRQHandler                          0x000003db   Thumb Code     0  arm_startup_nrf52.o(.text)
    RTC2_IRQHandler                          0x000003db   Thumb Code     0  arm_startup_nrf52.o(.text)
    SAADC_IRQHandler                         0x000003db   Thumb Code     0  arm_startup_nrf52.o(.text)
    SPIM0_SPIS0_TWIM0_TWIS0_SPI0_TWI0_IRQHandler 0x000003db   Thumb Code     0  arm_startup_nrf52.o(.text)
    SPIM2_SPIS2_SPI2_IRQHandler              0x000003db   Thumb Code     0  arm_startup_nrf52.o(.text)
    SWI0_EGU0_IRQHandler                     0x000003db   Thumb Code     0  arm_startup_nrf52.o(.text)
    SWI1_EGU1_IRQHandler                     0x000003db   Thumb Code     0  arm_startup_nrf52.o(.text)
    SWI2_EGU2_IRQHandler                     0x000003db   Thumb Code     0  arm_startup_nrf52.o(.text)
    SWI3_EGU3_IRQHandler                     0x000003db   Thumb Code     0  arm_startup_nrf52.o(.text)
    SWI4_EGU4_IRQHandler                     0x000003db   Thumb Code     0  arm_startup_nrf52.o(.text)
    SWI5_EGU5_IRQHandler                     0x000003db   Thumb Code     0  arm_startup_nrf52.o(.text)
    TEMP_IRQHandler                          0x000003db   Thumb Code     0  arm_startup_nrf52.o(.text)
    TIMER0_IRQHandler                        0x000003db   Thumb Code     0  arm_startup_nrf52.o(.text)
    TIMER1_IRQHandler                        0x000003db   Thumb Code     0  arm_startup_nrf52.o(.text)
    TIMER2_IRQHandler                        0x000003db   Thumb Code     0  arm_startup_nrf52.o(.text)
    TIMER3_IRQHandler                        0x000003db   Thumb Code     0  arm_startup_nrf52.o(.text)
    TIMER4_IRQHandler                        0x000003db   Thumb Code     0  arm_startup_nrf52.o(.text)
    WDT_IRQHandler                           0x000003db   Thumb Code     0  arm_startup_nrf52.o(.text)
    __aeabi_memcpy                           0x000003e5   Thumb Code    36  memcpya.o(.text)
    __aeabi_memcpy4                          0x000003e5   Thumb Code     0  memcpya.o(.text)
    __aeabi_memcpy8                          0x000003e5   Thumb Code     0  memcpya.o(.text)
    __aeabi_memset                           0x00000409   Thumb Code    14  memseta.o(.text)
    __aeabi_memset4                          0x00000409   Thumb Code     0  memseta.o(.text)
    __aeabi_memset8                          0x00000409   Thumb Code     0  memseta.o(.text)
    __aeabi_memclr                           0x00000417   Thumb Code     4  memseta.o(.text)
    __aeabi_memclr4                          0x00000417   Thumb Code     0  memseta.o(.text)
    __aeabi_memclr8                          0x00000417   Thumb Code     0  memseta.o(.text)
    _memset$wrapper                          0x0000041b   Thumb Code    18  memseta.o(.text)
    strcmp                                   0x0000042d   Thumb Code    28  strcmp.o(.text)
    __aeabi_uidiv                            0x00000449   Thumb Code     0  uidiv.o(.text)
    __aeabi_uidivmod                         0x00000449   Thumb Code    44  uidiv.o(.text)
    __scatterload                            0x00000475   Thumb Code    28  init.o(.text)
    __scatterload_rt2                        0x00000475   Thumb Code     0  init.o(.text)
    __RL_RTX_VER                             0x00000480   Number         0  rt_system.o ABSOLUTE
    SVC_Count                                0x00000498   Data           4  svc_table.o(SVC_TABLE)
    GPIOTE_IRQHandler                        0x0000049d   Thumb Code   420  nrf_drv_gpiote.o(i.GPIOTE_IRQHandler)
    SVC_Table                                0x0000049c   Data           0  svc_table.o(SVC_TABLE)
    POWER_CLOCK_IRQHandler                   0x00000649   Thumb Code    84  nrf_drv_clock.o(i.POWER_CLOCK_IRQHandler)
    SPIM1_SPIS1_TWIM1_TWIS1_SPI1_TWI1_IRQHandler 0x000006a1   Thumb Code    10  nrf_drv_spi.o(i.SPIM1_SPIS1_TWIM1_TWIS1_SPI1_TWI1_IRQHandler)
    SystemCoreClockUpdate                    0x000006b1   Thumb Code     8  system_nrf52.o(i.SystemCoreClockUpdate)
    SystemInit                               0x000006c1   Thumb Code   474  system_nrf52.o(i.SystemInit)
    UARTE0_UART0_IRQHandler                  0x000008d5   Thumb Code    22  nrf_drv_uart.o(i.UARTE0_UART0_IRQHandler)
    __0printf$3                              0x000008f5   Thumb Code    22  printf3.o(i.__0printf$3)
    __1printf$3                              0x000008f5   Thumb Code     0  printf3.o(i.__0printf$3)
    __2printf                                0x000008f5   Thumb Code     0  printf3.o(i.__0printf$3)
    __scatterload_copy                       0x00000915   Thumb Code    14  handlers.o(i.__scatterload_copy)
    __scatterload_null                       0x00000923   Thumb Code     2  handlers.o(i.__scatterload_null)
    __scatterload_zeroinit                   0x00000925   Thumb Code    14  handlers.o(i.__scatterload_zeroinit)
    _init_box                                0x00000933   Thumb Code    70  rt_membox.o(i._init_box)
    app_error_fault_handler                  0x00000b31   Thumb Code    38  app_error_weak.o(i.app_error_fault_handler)
    app_error_handler_bare                   0x00000b61   Thumb Code    22  app_error.o(i.app_error_handler_bare)
    app_fifo_get                             0x00000b77   Thumb Code    24  app_fifo.o(i.app_fifo_get)
    app_fifo_init                            0x00000b8f   Thumb Code    34  app_fifo.o(i.app_fifo_init)
    app_fifo_put                             0x00000bb1   Thumb Code    26  app_fifo.o(i.app_fifo_put)
    app_uart_get                             0x00000bcd   Thumb Code    42  app_uart_fifo.o(i.app_uart_get)
    app_uart_init                            0x00000c01   Thumb Code   176  app_uart_fifo.o(i.app_uart_init)
    app_uart_put                             0x00000cc1   Thumb Code    52  app_uart_fifo.o(i.app_uart_put)
    boUART_Init                              0x00000ded   Thumb Code    46  uart.o(i.boUART_Init)
    boUART_getc                              0x00000e29   Thumb Code    16  uart.o(i.boUART_getc)
    dbg_init                                 0x00000e71   Thumb Code    34  hal_cm.o(i.dbg_init)
    dbg_task_notify                          0x00000ea1   Thumb Code    32  hal_cm.o(i.dbg_task_notify)
    dbg_task_switch                          0x00000ec1   Thumb Code    16  hal_cm.o(i.dbg_task_switch)
    doing_stuff                              0x00000ed1   Thumb Code    14  do_things.o(i.doing_stuff)
    fputc                                    0x0000113d   Thumb Code    14  retarget.o(i.fputc)
    handle_function                          0x0000114d   Thumb Code    22  main.o(i.handle_function)
    isrMessageGet                            0x00001227   Thumb Code    42  rt_cmsis.o(i.isrMessageGet)
    isrMessagePut                            0x00001251   Thumb Code    44  rt_cmsis.o(i.isrMessagePut)
    isr_mbx_receive                          0x0000127d   Thumb Code    82  rt_mailbox.o(i.isr_mbx_receive)
    isr_mbx_send                             0x000012cf   Thumb Code    14  rt_mailbox.o(i.isr_mbx_send)
    main                                     0x000012ed   Thumb Code   208  main.o(i.main)
    malloc                                   0x00001415   Thumb Code    92  malloc.o(i.malloc)
    nrf_drv_common_irq_enable                0x000014af   Thumb Code    56  nrf_drv_common.o(i.nrf_drv_common_irq_enable)
    nrf_drv_uart_init                        0x000014fd   Thumb Code   104  nrf_drv_uart.o(i.nrf_drv_uart_init)
    nrf_drv_uart_rx                          0x00001569   Thumb Code   178  nrf_drv_uart.o(i.nrf_drv_uart_rx)
    nrf_drv_uart_rx_enable                   0x00001621   Thumb Code    42  nrf_drv_uart.o(i.nrf_drv_uart_rx_enable)
    nrf_drv_uart_tx                          0x000017a5   Thumb Code   168  nrf_drv_uart.o(i.nrf_drv_uart_tx)
    nrf_drv_uart_tx_in_progress              0x000018dd   Thumb Code    18  nrf_drv_uart.o(i.nrf_drv_uart_tx_in_progress)
    osDelay                                  0x000019f1   Thumb Code    18  rt_cmsis.o(i.osDelay)
    osKernelInitialize                       0x00001a09   Thumb Code    30  rt_cmsis.o(i.osKernelInitialize)
    osKernelStart                            0x00001a2d   Thumb Code    98  rt_cmsis.o(i.osKernelStart)
    osMessageGet                             0x00001a99   Thumb Code    18  rt_cmsis.o(i.osMessageGet)
    osThreadCreate                           0x00001ab1   Thumb Code    38  rt_cmsis.o(i.osThreadCreate)
    osThreadExit                             0x00001ae1   Thumb Code    14  rt_cmsis.o(i.osThreadExit)
    osThreadTerminate                        0x00001af9   Thumb Code    18  rt_cmsis.o(i.osThreadTerminate)
    osTimerCall                              0x00001b11   Thumb Code     8  rt_cmsis.o(i.osTimerCall)
    osTimerThread                            0x00001b1d   Thumb Code    38  rt_cmsis.o(i.osTimerThread)
    os_error                                 0x00001b49   Thumb Code     2  rtx_conf_cm.o(i.os_error)
    os_idle_demon                            0x00001b4b   Thumb Code     2  rtx_conf_cm.o(i.os_idle_demon)
    os_tick_init                             0x00001b4d   Thumb Code    32  rt_system.o(i.os_tick_init)
    os_tick_irqack                           0x00001b75   Thumb Code     2  rt_system.o(i.os_tick_irqack)
    rt_alloc_box                             0x00001b77   Thumb Code    26  rt_membox.o(i.rt_alloc_box)
    rt_alloc_mem                             0x00001b91   Thumb Code    62  rt_memory.o(i.rt_alloc_mem)
    rt_block                                 0x00001bd1   Thumb Code    48  rt_task.o(i.rt_block)
    rt_chk_robin                             0x00001c09   Thumb Code    60  rt_robin.o(i.rt_chk_robin)
    rt_dec_dly                               0x00001c51   Thumb Code   102  rt_list.o(i.rt_dec_dly)
    rt_dispatch                              0x00001cc1   Thumb Code    60  rt_task.o(i.rt_dispatch)
    rt_dly_wait                              0x00001d05   Thumb Code     6  rt_time.o(i.rt_dly_wait)
    rt_evt_psh                               0x00001d0d   Thumb Code    76  rt_event.o(i.rt_evt_psh)
    rt_free_box                              0x00001d5d   Thumb Code    44  rt_membox.o(i.rt_free_box)
    rt_free_mem                              0x00001d89   Thumb Code    40  rt_memory.o(i.rt_free_mem)
    rt_get_first                             0x00001db1   Thumb Code    40  rt_list.o(i.rt_get_first)
    rt_init_mem                              0x00001e29   Thumb Code    26  rt_memory.o(i.rt_init_mem)
    rt_init_robin                            0x00001e45   Thumb Code    14  rt_robin.o(i.rt_init_robin)
    rt_init_stack                            0x00001e5d   Thumb Code   118  hal_cm.o(i.rt_init_stack)
    rt_mbx_check                             0x00001edd   Thumb Code     8  rt_mailbox.o(i.rt_mbx_check)
    rt_mbx_init                              0x00001ee5   Thumb Code    26  rt_mailbox.o(i.rt_mbx_init)
    rt_mbx_psh                               0x00001f01   Thumb Code   236  rt_mailbox.o(i.rt_mbx_psh)
    rt_mbx_wait                              0x00001ff1   Thumb Code   174  rt_mailbox.o(i.rt_mbx_wait)
    rt_pop_req                               0x000020e9   Thumb Code   112  rt_system.o(i.rt_pop_req)
    rt_psh_req                               0x00002165   Thumb Code    22  rt_system.o(i.rt_psh_req)
    rt_psq_enq                               0x00002185   Thumb Code    88  rt_list.o(i.rt_psq_enq)
    rt_put_dly                               0x000021e1   Thumb Code    68  rt_list.o(i.rt_put_dly)
    rt_put_prio                              0x00002229   Thumb Code    54  rt_list.o(i.rt_put_prio)
    rt_put_rdy_first                         0x00002261   Thumb Code    14  rt_list.o(i.rt_put_rdy_first)
    rt_resort_prio                           0x00002275   Thumb Code    46  rt_list.o(i.rt_resort_prio)
    rt_ret_val                               0x000022b9   Thumb Code    12  hal_cm.o(i.rt_ret_val)
    rt_ret_val2                              0x000022c5   Thumb Code    16  hal_cm.o(i.rt_ret_val2)
    rt_rmv_dly                               0x000022d5   Thumb Code    40  rt_list.o(i.rt_rmv_dly)
    rt_rmv_list                              0x000022fd   Thumb Code    44  rt_list.o(i.rt_rmv_list)
    rt_sem_psh                               0x0000232d   Thumb Code    48  rt_semaphore.o(i.rt_sem_psh)
    rt_stk_check                             0x00002361   Thumb Code    28  rt_system.o(i.rt_stk_check)
    rt_switch_req                            0x00002385   Thumb Code    30  rt_task.o(i.rt_switch_req)
    rt_sys_init                              0x000023ad   Thumb Code   138  rt_task.o(i.rt_sys_init)
    rt_sys_start                             0x00002479   Thumb Code   110  rt_task.o(i.rt_sys_start)
    rt_systick                               0x000024f1   Thumb Code    50  rt_system.o(i.rt_systick)
    rt_tsk_create                            0x00002579   Thumb Code   118  rt_task.o(i.rt_tsk_create)
    rt_tsk_delete                            0x00002601   Thumb Code   352  rt_task.o(i.rt_tsk_delete)
    rt_tsk_prio                              0x0000277d   Thumb Code   108  rt_task.o(i.rt_tsk_prio)
    rt_tsk_self                              0x000027f9   Thumb Code    12  rt_task.o(i.rt_tsk_self)
    svcDelay                                 0x00002873   Thumb Code    18  rt_cmsis.o(i.svcDelay)
    svcKernelInitialize                      0x00002885   Thumb Code    80  rt_cmsis.o(i.svcKernelInitialize)
    svcKernelStart                           0x000028f5   Thumb Code    62  rt_cmsis.o(i.svcKernelStart)
    svcMessageCreate                         0x0000293d   Thumb Code    36  rt_cmsis.o(i.svcMessageCreate)
    svcMessageGet                            0x00002961   Thumb Code    58  rt_cmsis.o(i.svcMessageGet)
    svcThreadCreate                          0x0000299d   Thumb Code   100  rt_cmsis.o(i.svcThreadCreate)
    svcThreadGetId                           0x00002a0d   Thumb Code    22  rt_cmsis.o(i.svcThreadGetId)
    svcThreadTerminate                       0x00002a29   Thumb Code    50  rt_cmsis.o(i.svcThreadTerminate)
    svcTimerCall                             0x00002a61   Thumb Code    24  rt_cmsis.o(i.svcTimerCall)
    sysTimerTick                             0x00002a79   Thumb Code    84  rt_cmsis.o(i.sysTimerTick)
    thread_job                               0x00002ad5   Thumb Code    66  main.o(i.thread_job)
    os_thread_def_thread_job                 0x00002f00   Data          16  main.o(.constdata)
    comm_params                              0x00002f34   Data          24  uart.o(.constdata)
    os_maxtaskrun                            0x00002f4c   Data           2  rtx_conf_cm.o(.constdata)
    os_stackinfo                             0x00002f50   Data           4  rtx_conf_cm.o(.constdata)
    os_rrobin                                0x00002f54   Data           4  rtx_conf_cm.o(.constdata)
    os_trv                                   0x00002f58   Data           4  rtx_conf_cm.o(.constdata)
    os_flags                                 0x00002f5c   Data           1  rtx_conf_cm.o(.constdata)
    CMSIS_RTOS_API_Version                   0x00002f60   Data           4  rtx_conf_cm.o(.constdata)
    CMSIS_RTOS_RTX_Version                   0x00002f64   Data           4  rtx_conf_cm.o(.constdata)
    os_clockrate                             0x00002f68   Data           4  rtx_conf_cm.o(.constdata)
    os_timernum                              0x00002f6c   Data           4  rtx_conf_cm.o(.constdata)
    mp_tcb_size                              0x00002f70   Data           2  rtx_conf_cm.o(.constdata)
    mp_stk_size                              0x00002f74   Data           4  rtx_conf_cm.o(.constdata)
    os_stack_sz                              0x00002f78   Data           4  rtx_conf_cm.o(.constdata)
    os_fifo_size                             0x00002f7c   Data           1  rtx_conf_cm.o(.constdata)
    os_thread_def_osTimerThread              0x00002f80   Data          16  rtx_conf_cm.o(.constdata)
    os_messageQ_def_osTimerMessageQ          0x00002f90   Data           8  rtx_conf_cm.o(.constdata)
    mp_tmr_size                              0x00002f98   Data           2  rtx_conf_cm.o(.constdata)
    Region$$Table$$Base                      0x00002f9c   Number         0  anon$$obj.o(Region$$Table)
    Region$$Table$$Limit                     0x00002fbc   Number         0  anon$$obj.o(Region$$Table)
    __stdout                                 0x20000010   Data           4  retarget.o(.data)
    m_tmr                                    0x20000014   Data           4  rtx_conf_cm.o(.data)
    os_thread_def_main                       0x20000018   Data          16  rtx_conf_cm.o(.data)
    osThreadId_osTimerThread                 0x20000028   Data           4  rtx_conf_cm.o(.data)
    osMessageQId_osTimerMessageQ             0x2000002c   Data           4  rtx_conf_cm.o(.data)
    SystemCoreClock                          0x20000030   Data           4  system_nrf52.o(.data)
    os_initialized                           0x20000034   Data           1  rt_cmsis.o(.data)
    os_running                               0x20000035   Data           1  rt_cmsis.o(.data)
    os_timer_head                            0x20000038   Data           4  rt_cmsis.o(.data)
    os_tsk                                   0x2000003c   Data           8  rt_task.o(.data)
    os_tick_irqn                             0x20000048   Data           4  rt_system.o(.data)
    os_time                                  0x2000004c   Data           4  rt_time.o(.data)
    dbg_msg                                  0x20000050   Data           1  hal_cm.o(.data)
    os_robin                                 0x20000054   Data           8  rt_robin.o(.data)
    __microlib_freelist                      0x2000005c   Data           4  mvars.o(.data)
    __microlib_freelist_initialised          0x20000060   Data           4  mvars.o(.data)
    os_messageQ_q_osTimerMessageQ            0x20000354   Data          32  rtx_conf_cm.o(.bss)
    mp_tcb                                   0x20000374   Data         376  rtx_conf_cm.o(.bss)
    mp_stk                                   0x200004f0   Data        1216  rtx_conf_cm.o(.bss)
    os_stack_mem                             0x200009b0   Data         432  rtx_conf_cm.o(.bss)
    os_fifo                                  0x20000b60   Data         132  rtx_conf_cm.o(.bss)
    os_active_TCB                            0x20000be4   Data          28  rtx_conf_cm.o(.bss)
    os_idle_TCB                              0x20000c00   Data          52  rt_task.o(.bss)
    os_rdy                                   0x20000c34   Data          24  rt_list.o(.bss)
    os_dly                                   0x20000c4c   Data          24  rt_list.o(.bss)
    __heap_base                              0x20000c68   Data           0  arm_startup_nrf52.o(HEAP)
    __heap_limit                             0x20002c68   Data           0  arm_startup_nrf52.o(HEAP)
    __initial_sp                             0x20004c68   Data           0  arm_startup_nrf52.o(STACK)



==============================================================================

Memory Map of the image

  Image Entry point : 0x00000201

  Load Region LR_IROM1 (Base: 0x00000000, Size: 0x00003020, Max: 0x00080000, ABSOLUTE)

    Execution Region ER_IROM1 (Exec base: 0x00000000, Load base: 0x00000000, Size: 0x00002fbc, Max: 0x00080000, ABSOLUTE)

    Exec Addr    Load Addr    Size         Type   Attr      Idx    E Section Name        Object

    0x00000000   0x00000000   0x00000200   Data   RO         3077    RESET               arm_startup_nrf52.o
    0x00000200   0x00000200   0x00000000   Code   RO         4387  * .ARM.Collect$$$$00000000  mc_w.l(entry.o)
    0x00000200   0x00000200   0x00000004   Code   RO         4699    .ARM.Collect$$$$00000001  mc_w.l(entry2.o)
    0x00000204   0x00000204   0x00000004   Code   RO         4702    .ARM.Collect$$$$00000004  mc_w.l(entry5.o)
    0x00000208   0x00000208   0x00000000   Code   RO         4704    .ARM.Collect$$$$00000008  mc_w.l(entry7b.o)
    0x00000208   0x00000208   0x00000000   Code   RO         4706    .ARM.Collect$$$$0000000A  mc_w.l(entry8b.o)
    0x00000208   0x00000208   0x00000004   Code   RO         4712    .ARM.Collect$$$$0000000E  mc_w.l(entry12b.o)
    0x0000020c   0x0000020c   0x00000000   Code   RO         4707    .ARM.Collect$$$$0000000F  mc_w.l(entry10a.o)
    0x0000020c   0x0000020c   0x00000000   Code   RO         4709    .ARM.Collect$$$$00000011  mc_w.l(entry11a.o)
    0x0000020c   0x0000020c   0x00000018   Code   RO         3016    .ARM.Collect$$$$000000FF  rtx_conf_cm.o
    0x00000224   0x00000224   0x00000004   Code   RO         4700    .ARM.Collect$$$$00002712  mc_w.l(entry2.o)
    0x00000228   0x00000228   0x00000198   Code   RO         4374    .emb_text           RTX_CM4.lib(hal_cm4.o)
    0x000003c0   0x000003c0   0x00000024   Code   RO         3078    .text               arm_startup_nrf52.o
    0x000003e4   0x000003e4   0x00000024   Code   RO         4392    .text               mc_w.l(memcpya.o)
    0x00000408   0x00000408   0x00000024   Code   RO         4394    .text               mc_w.l(memseta.o)
    0x0000042c   0x0000042c   0x0000001c   Code   RO         4398    .text               mc_w.l(strcmp.o)
    0x00000448   0x00000448   0x0000002c   Code   RO         4713    .text               mc_w.l(uidiv.o)
    0x00000474   0x00000474   0x00000024   Code   RO         4732    .text               mc_w.l(init.o)
    0x00000498   0x00000498   0x00000004   Code   RO         4384    SVC_TABLE           RTX_CM4.lib(svc_table.o)
    0x0000049c   0x0000049c   0x000001ac   Code   RO          417    i.GPIOTE_IRQHandler  nrf_drv_gpiote.o
    0x00000648   0x00000648   0x00000058   Code   RO         1028    i.POWER_CLOCK_IRQHandler  nrf_drv_clock.o
    0x000006a0   0x000006a0   0x00000010   Code   RO          679    i.SPIM1_SPIS1_TWIM1_TWIS1_SPI1_TWI1_IRQHandler  nrf_drv_spi.o
    0x000006b0   0x000006b0   0x00000010   Code   RO         3085    i.SystemCoreClockUpdate  system_nrf52.o
    0x000006c0   0x000006c0   0x00000214   Code   RO         3086    i.SystemInit        system_nrf52.o
    0x000008d4   0x000008d4   0x00000020   Code   RO          792    i.UARTE0_UART0_IRQHandler  nrf_drv_uart.o
    0x000008f4   0x000008f4   0x00000020   Code   RO         4493    i.__0printf$3       mc_w.l(printf3.o)
    0x00000914   0x00000914   0x0000000e   Code   RO         4736    i.__scatterload_copy  mc_w.l(handlers.o)
    0x00000922   0x00000922   0x00000002   Code   RO         4737    i.__scatterload_null  mc_w.l(handlers.o)
    0x00000924   0x00000924   0x0000000e   Code   RO         4738    i.__scatterload_zeroinit  mc_w.l(handlers.o)
    0x00000932   0x00000932   0x00000046   Code   RO         4247    i._init_box         RTX_CM4.lib(rt_membox.o)
    0x00000978   0x00000978   0x000001b8   Code   RO         4500    i._printf_core      mc_w.l(printf3.o)
    0x00000b30   0x00000b30   0x00000030   Code   RO         1251    i.app_error_fault_handler  app_error_weak.o
    0x00000b60   0x00000b60   0x00000016   Code   RO         1212    i.app_error_handler_bare  app_error.o
    0x00000b76   0x00000b76   0x00000018   Code   RO         1681    i.app_fifo_get      app_fifo.o
    0x00000b8e   0x00000b8e   0x00000022   Code   RO         1682    i.app_fifo_init     app_fifo.o
    0x00000bb0   0x00000bb0   0x0000001a   Code   RO         1684    i.app_fifo_put      app_fifo.o
    0x00000bca   0x00000bca   0x00000002   PAD
    0x00000bcc   0x00000bcc   0x00000034   Code   RO         1755    i.app_uart_get      app_uart_fifo.o
    0x00000c00   0x00000c00   0x000000c0   Code   RO         1756    i.app_uart_init     app_uart_fifo.o
    0x00000cc0   0x00000cc0   0x0000003c   Code   RO         1757    i.app_uart_put      app_uart_fifo.o
    0x00000cfc   0x00000cfc   0x000000f0   Code   RO          793    i.apply_config      nrf_drv_uart.o
    0x00000dec   0x00000dec   0x0000003c   Code   RO         2972    i.boUART_Init       uart.o
    0x00000e28   0x00000e28   0x00000010   Code   RO         2973    i.boUART_getc       uart.o
    0x00000e38   0x00000e38   0x00000010   Code   RO          420    i.channel_port_get  nrf_drv_gpiote.o
    0x00000e48   0x00000e48   0x00000028   Code   RO         1029    i.clock_clk_started_notify  nrf_drv_clock.o
    0x00000e70   0x00000e70   0x00000030   Code   RO         4300    i.dbg_init          RTX_CM4.lib(hal_cm.o)
    0x00000ea0   0x00000ea0   0x00000020   Code   RO         4301    i.dbg_task_notify   RTX_CM4.lib(hal_cm.o)
    0x00000ec0   0x00000ec0   0x00000010   Code   RO         4302    i.dbg_task_switch   RTX_CM4.lib(hal_cm.o)
    0x00000ed0   0x00000ed0   0x0000001c   Code   RO           56    i.doing_stuff       do_things.o
    0x00000eec   0x00000eec   0x0000003c   Code   RO         3087    i.errata_108        system_nrf52.o
    0x00000f28   0x00000f28   0x0000003c   Code   RO         3088    i.errata_12         system_nrf52.o
    0x00000f64   0x00000f64   0x0000003c   Code   RO         3089    i.errata_136        system_nrf52.o
    0x00000fa0   0x00000fa0   0x0000002c   Code   RO         3090    i.errata_16         system_nrf52.o
    0x00000fcc   0x00000fcc   0x0000003c   Code   RO         3091    i.errata_31         system_nrf52.o
    0x00001008   0x00001008   0x0000002c   Code   RO         3092    i.errata_32         system_nrf52.o
    0x00001034   0x00001034   0x0000003c   Code   RO         3093    i.errata_36         system_nrf52.o
    0x00001070   0x00001070   0x0000002c   Code   RO         3094    i.errata_37         system_nrf52.o
    0x0000109c   0x0000109c   0x0000002c   Code   RO         3095    i.errata_57         system_nrf52.o
    0x000010c8   0x000010c8   0x0000002c   Code   RO         3096    i.errata_66         system_nrf52.o
    0x000010f4   0x000010f4   0x00000014   Code   RO         1687    i.fifo_get          app_fifo.o
    0x00001108   0x00001108   0x00000012   Code   RO         1688    i.fifo_put          app_fifo.o
    0x0000111a   0x0000111a   0x00000022   Code   RO          680    i.finish_transfer   nrf_drv_spi.o
    0x0000113c   0x0000113c   0x0000000e   Code   RO         1823    i.fputc             retarget.o
    0x0000114a   0x0000114a   0x00000002   PAD
    0x0000114c   0x0000114c   0x00000028   Code   RO            1    i.handle_function   main.o
    0x00001174   0x00001174   0x0000008c   Code   RO          794    i.interrupts_enable  nrf_drv_uart.o
    0x00001200   0x00001200   0x00000026   Code   RO          681    i.irq_handler_spi   nrf_drv_spi.o
    0x00001226   0x00001226   0x0000002a   Code   RO         3171    i.isrMessageGet     RTX_CM4.lib(rt_cmsis.o)
    0x00001250   0x00001250   0x0000002c   Code   RO         3172    i.isrMessagePut     RTX_CM4.lib(rt_cmsis.o)
    0x0000127c   0x0000127c   0x00000052   Code   RO         4093    i.isr_mbx_receive   RTX_CM4.lib(rt_mailbox.o)
    0x000012ce   0x000012ce   0x0000000e   Code   RO         4094    i.isr_mbx_send      RTX_CM4.lib(rt_mailbox.o)
    0x000012dc   0x000012dc   0x0000000e   Code   RO         1032    i.item_dequeue      nrf_drv_clock.o
    0x000012ea   0x000012ea   0x00000002   PAD
    0x000012ec   0x000012ec   0x00000128   Code   RO            2    i.main              main.o
    0x00001414   0x00001414   0x0000006c   Code   RO         4666    i.malloc            mc_w.l(malloc.o)
    0x00001480   0x00001480   0x00000010   Code   RO          421    i.nrf_bitmask_bit_is_set  nrf_drv_gpiote.o
    0x00001490   0x00001490   0x0000000e   Code   RO         1036    i.nrf_clock_event_check  nrf_drv_clock.o
    0x0000149e   0x0000149e   0x00000010   Code   RO         1037    i.nrf_clock_event_clear  nrf_drv_clock.o
    0x000014ae   0x000014ae   0x00000038   Code   RO          358    i.nrf_drv_common_irq_enable  nrf_drv_common.o
    0x000014e6   0x000014e6   0x00000006   Code   RO          796    i.nrf_drv_get_IRQn  nrf_drv_uart.o
    0x000014ec   0x000014ec   0x00000010   Code   RO          797    i.nrf_drv_is_in_RAM  nrf_drv_uart.o
    0x000014fc   0x000014fc   0x0000006c   Code   RO          799    i.nrf_drv_uart_init  nrf_drv_uart.o
    0x00001568   0x00001568   0x000000b8   Code   RO          800    i.nrf_drv_uart_rx   nrf_drv_uart.o
    0x00001620   0x00001620   0x00000030   Code   RO          803    i.nrf_drv_uart_rx_enable  nrf_drv_uart.o
    0x00001650   0x00001650   0x000000a8   Code   RO          804    i.nrf_drv_uart_rx_for_uart  nrf_drv_uart.o
    0x000016f8   0x000016f8   0x000000ac   Code   RO          805    i.nrf_drv_uart_rx_for_uarte  nrf_drv_uart.o
    0x000017a4   0x000017a4   0x000000ac   Code   RO          807    i.nrf_drv_uart_tx   nrf_drv_uart.o
    0x00001850   0x00001850   0x0000008c   Code   RO          809    i.nrf_drv_uart_tx_for_uart  nrf_drv_uart.o
    0x000018dc   0x000018dc   0x00000018   Code   RO          810    i.nrf_drv_uart_tx_in_progress  nrf_drv_uart.o
    0x000018f4   0x000018f4   0x00000024   Code   RO          812    i.nrf_gpio_cfg      nrf_drv_uart.o
    0x00001918   0x00001918   0x00000012   Code   RO          814    i.nrf_gpio_cfg_input  nrf_drv_uart.o
    0x0000192a   0x0000192a   0x00000014   Code   RO          815    i.nrf_gpio_cfg_output  nrf_drv_uart.o
    0x0000193e   0x0000193e   0x0000001e   Code   RO          447    i.nrf_gpio_cfg_sense_set  nrf_drv_gpiote.o
    0x0000195c   0x0000195c   0x00000010   Code   RO          689    i.nrf_gpio_pin_set  nrf_drv_spi.o
    0x0000196c   0x0000196c   0x00000024   Code   RO          448    i.nrf_gpio_ports_read  nrf_drv_gpiote.o
    0x00001990   0x00001990   0x00000014   Code   RO          449    i.nrf_gpiote_event_clear  nrf_drv_gpiote.o
    0x000019a4   0x000019a4   0x00000014   Code   RO          450    i.nrf_gpiote_event_is_set  nrf_drv_gpiote.o
    0x000019b8   0x000019b8   0x0000000a   Code   RO          816    i.nrf_uart_event_check  nrf_drv_uart.o
    0x000019c2   0x000019c2   0x0000000c   Code   RO          817    i.nrf_uart_event_clear  nrf_drv_uart.o
    0x000019ce   0x000019ce   0x0000000c   Code   RO          818    i.nrf_uart_int_enable_check  nrf_drv_uart.o
    0x000019da   0x000019da   0x0000000a   Code   RO          819    i.nrf_uarte_event_check  nrf_drv_uart.o
    0x000019e4   0x000019e4   0x0000000c   Code   RO          820    i.nrf_uarte_event_clear  nrf_drv_uart.o
    0x000019f0   0x000019f0   0x00000018   Code   RO         3175    i.osDelay           RTX_CM4.lib(rt_cmsis.o)
    0x00001a08   0x00001a08   0x00000024   Code   RO         3176    i.osKernelInitialize  RTX_CM4.lib(rt_cmsis.o)
    0x00001a2c   0x00001a2c   0x0000006c   Code   RO         3178    i.osKernelStart     RTX_CM4.lib(rt_cmsis.o)
    0x00001a98   0x00001a98   0x00000018   Code   RO         3187    i.osMessageGet      RTX_CM4.lib(rt_cmsis.o)
    0x00001ab0   0x00001ab0   0x00000030   Code   RO         3204    i.osThreadCreate    RTX_CM4.lib(rt_cmsis.o)
    0x00001ae0   0x00001ae0   0x00000018   Code   RO         3205    i.osThreadExit      RTX_CM4.lib(rt_cmsis.o)
    0x00001af8   0x00001af8   0x00000018   Code   RO         3209    i.osThreadTerminate  RTX_CM4.lib(rt_cmsis.o)
    0x00001b10   0x00001b10   0x0000000c   Code   RO         3211    i.osTimerCall       RTX_CM4.lib(rt_cmsis.o)
    0x00001b1c   0x00001b1c   0x0000002c   Code   RO         3216    i.osTimerThread     RTX_CM4.lib(rt_cmsis.o)
    0x00001b48   0x00001b48   0x00000002   Code   RO         3017    i.os_error          rtx_conf_cm.o
    0x00001b4a   0x00001b4a   0x00000002   Code   RO         3018    i.os_idle_demon     rtx_conf_cm.o
    0x00001b4c   0x00001b4c   0x00000028   Code   RO         3881    i.os_tick_init      RTX_CM4.lib(rt_system.o)
    0x00001b74   0x00001b74   0x00000002   Code   RO         3882    i.os_tick_irqack    RTX_CM4.lib(rt_system.o)
    0x00001b76   0x00001b76   0x0000001a   Code   RO         4248    i.rt_alloc_box      RTX_CM4.lib(rt_membox.o)
    0x00001b90   0x00001b90   0x0000003e   Code   RO         4276    i.rt_alloc_mem      RTX_CM4.lib(rt_memory.o)
    0x00001bce   0x00001bce   0x00000002   PAD
    0x00001bd0   0x00001bd0   0x00000038   Code   RO         3796    i.rt_block          RTX_CM4.lib(rt_task.o)
    0x00001c08   0x00001c08   0x00000048   Code   RO         4353    i.rt_chk_robin      RTX_CM4.lib(rt_robin.o)
    0x00001c50   0x00001c50   0x00000070   Code   RO         4017    i.rt_dec_dly        RTX_CM4.lib(rt_list.o)
    0x00001cc0   0x00001cc0   0x00000044   Code   RO         3797    i.rt_dispatch       RTX_CM4.lib(rt_task.o)
    0x00001d04   0x00001d04   0x00000006   Code   RO         4183    i.rt_dly_wait       RTX_CM4.lib(rt_time.o)
    0x00001d0a   0x00001d0a   0x00000002   PAD
    0x00001d0c   0x00001d0c   0x00000050   Code   RO         3974    i.rt_evt_psh        RTX_CM4.lib(rt_event.o)
    0x00001d5c   0x00001d5c   0x0000002c   Code   RO         4249    i.rt_free_box       RTX_CM4.lib(rt_membox.o)
    0x00001d88   0x00001d88   0x00000028   Code   RO         4277    i.rt_free_mem       RTX_CM4.lib(rt_memory.o)
    0x00001db0   0x00001db0   0x00000028   Code   RO         4018    i.rt_get_first      RTX_CM4.lib(rt_list.o)
    0x00001dd8   0x00001dd8   0x00000008   Code   RO         3221    i.rt_id2obj         RTX_CM4.lib(rt_cmsis.o)
    0x00001de0   0x00001de0   0x00000048   Code   RO         3798    i.rt_init_context   RTX_CM4.lib(rt_task.o)
    0x00001e28   0x00001e28   0x0000001a   Code   RO         4278    i.rt_init_mem       RTX_CM4.lib(rt_memory.o)
    0x00001e42   0x00001e42   0x00000002   PAD
    0x00001e44   0x00001e44   0x00000018   Code   RO         4354    i.rt_init_robin     RTX_CM4.lib(rt_robin.o)
    0x00001e5c   0x00001e5c   0x00000080   Code   RO         4303    i.rt_init_stack     RTX_CM4.lib(hal_cm.o)
    0x00001edc   0x00001edc   0x00000008   Code   RO         4095    i.rt_mbx_check      RTX_CM4.lib(rt_mailbox.o)
    0x00001ee4   0x00001ee4   0x0000001a   Code   RO         4096    i.rt_mbx_init       RTX_CM4.lib(rt_mailbox.o)
    0x00001efe   0x00001efe   0x00000002   PAD
    0x00001f00   0x00001f00   0x000000f0   Code   RO         4097    i.rt_mbx_psh        RTX_CM4.lib(rt_mailbox.o)
    0x00001ff0   0x00001ff0   0x000000b4   Code   RO         4099    i.rt_mbx_wait       RTX_CM4.lib(rt_mailbox.o)
    0x000020a4   0x000020a4   0x00000044   Code   RO         3222    i.rt_ms2tick        RTX_CM4.lib(rt_cmsis.o)
    0x000020e8   0x000020e8   0x0000007c   Code   RO         3885    i.rt_pop_req        RTX_CM4.lib(rt_system.o)
    0x00002164   0x00002164   0x00000020   Code   RO         3886    i.rt_psh_req        RTX_CM4.lib(rt_system.o)
    0x00002184   0x00002184   0x0000005c   Code   RO         4020    i.rt_psq_enq        RTX_CM4.lib(rt_list.o)
    0x000021e0   0x000021e0   0x00000048   Code   RO         4021    i.rt_put_dly        RTX_CM4.lib(rt_list.o)
    0x00002228   0x00002228   0x00000036   Code   RO         4022    i.rt_put_prio       RTX_CM4.lib(rt_list.o)
    0x0000225e   0x0000225e   0x00000002   PAD
    0x00002260   0x00002260   0x00000014   Code   RO         4023    i.rt_put_rdy_first  RTX_CM4.lib(rt_list.o)
    0x00002274   0x00002274   0x00000034   Code   RO         4024    i.rt_resort_prio    RTX_CM4.lib(rt_list.o)
    0x000022a8   0x000022a8   0x00000010   Code   RO         4304    i.rt_ret_regs       RTX_CM4.lib(hal_cm.o)
    0x000022b8   0x000022b8   0x0000000c   Code   RO         4305    i.rt_ret_val        RTX_CM4.lib(hal_cm.o)
    0x000022c4   0x000022c4   0x00000010   Code   RO         4306    i.rt_ret_val2       RTX_CM4.lib(hal_cm.o)
    0x000022d4   0x000022d4   0x00000028   Code   RO         4025    i.rt_rmv_dly        RTX_CM4.lib(rt_list.o)
    0x000022fc   0x000022fc   0x00000030   Code   RO         4026    i.rt_rmv_list       RTX_CM4.lib(rt_list.o)
    0x0000232c   0x0000232c   0x00000034   Code   RO         4144    i.rt_sem_psh        RTX_CM4.lib(rt_semaphore.o)
    0x00002360   0x00002360   0x00000024   Code   RO         3888    i.rt_stk_check      RTX_CM4.lib(rt_system.o)
    0x00002384   0x00002384   0x00000028   Code   RO         3799    i.rt_switch_req     RTX_CM4.lib(rt_task.o)
    0x000023ac   0x000023ac   0x000000cc   Code   RO         3800    i.rt_sys_init       RTX_CM4.lib(rt_task.o)
    0x00002478   0x00002478   0x00000078   Code   RO         3801    i.rt_sys_start      RTX_CM4.lib(rt_task.o)
    0x000024f0   0x000024f0   0x00000040   Code   RO         3890    i.rt_systick        RTX_CM4.lib(rt_system.o)
    0x00002530   0x00002530   0x00000012   Code   RO         3223    i.rt_tid2ptcb       RTX_CM4.lib(rt_cmsis.o)
    0x00002542   0x00002542   0x00000002   PAD
    0x00002544   0x00002544   0x00000034   Code   RO         3224    i.rt_timer_insert   RTX_CM4.lib(rt_cmsis.o)
    0x00002578   0x00002578   0x00000088   Code   RO         3802    i.rt_tsk_create     RTX_CM4.lib(rt_task.o)
    0x00002600   0x00002600   0x0000017c   Code   RO         3803    i.rt_tsk_delete     RTX_CM4.lib(rt_task.o)
    0x0000277c   0x0000277c   0x0000007c   Code   RO         3805    i.rt_tsk_prio       RTX_CM4.lib(rt_task.o)
    0x000027f8   0x000027f8   0x00000010   Code   RO         3806    i.rt_tsk_self       RTX_CM4.lib(rt_task.o)
    0x00002808   0x00002808   0x00000034   Code   RO          822    i.rx_byte           nrf_drv_uart.o
    0x0000283c   0x0000283c   0x00000016   Code   RO          823    i.rx_done_event     nrf_drv_uart.o
    0x00002852   0x00002852   0x00000020   Code   RO          824    i.rx_enable         nrf_drv_uart.o
    0x00002872   0x00002872   0x00000012   Code   RO         3226    i.svcDelay          RTX_CM4.lib(rt_cmsis.o)
    0x00002884   0x00002884   0x00000070   Code   RO         3227    i.svcKernelInitialize  RTX_CM4.lib(rt_cmsis.o)
    0x000028f4   0x000028f4   0x00000048   Code   RO         3229    i.svcKernelStart    RTX_CM4.lib(rt_cmsis.o)
    0x0000293c   0x0000293c   0x00000024   Code   RO         3232    i.svcMessageCreate  RTX_CM4.lib(rt_cmsis.o)
    0x00002960   0x00002960   0x0000003a   Code   RO         3233    i.svcMessageGet     RTX_CM4.lib(rt_cmsis.o)
    0x0000299a   0x0000299a   0x00000002   PAD
    0x0000299c   0x0000299c   0x00000070   Code   RO         3247    i.svcThreadCreate   RTX_CM4.lib(rt_cmsis.o)
    0x00002a0c   0x00002a0c   0x0000001c   Code   RO         3248    i.svcThreadGetId    RTX_CM4.lib(rt_cmsis.o)
    0x00002a28   0x00002a28   0x00000038   Code   RO         3251    i.svcThreadTerminate  RTX_CM4.lib(rt_cmsis.o)
    0x00002a60   0x00002a60   0x00000018   Code   RO         3253    i.svcTimerCall      RTX_CM4.lib(rt_cmsis.o)
    0x00002a78   0x00002a78   0x0000005c   Code   RO         3262    i.sysTimerTick      RTX_CM4.lib(rt_cmsis.o)
    0x00002ad4   0x00002ad4   0x0000009c   Code   RO            3    i.thread_job        main.o
    0x00002b70   0x00002b70   0x00000072   Code   RO          691    i.transfer_byte     nrf_drv_spi.o
    0x00002be2   0x00002be2   0x00000022   Code   RO          825    i.tx_byte           nrf_drv_uart.o
    0x00002c04   0x00002c04   0x0000001a   Code   RO          826    i.tx_done_event     nrf_drv_uart.o
    0x00002c1e   0x00002c1e   0x00000002   PAD
    0x00002c20   0x00002c20   0x000000ac   Code   RO         1758    i.uart_event_handler  app_uart_fifo.o
    0x00002ccc   0x00002ccc   0x00000126   Code   RO          827    i.uart_irq_handler  nrf_drv_uart.o
    0x00002df2   0x00002df2   0x000000f8   Code   RO          828    i.uarte_irq_handler  nrf_drv_uart.o
    0x00002eea   0x00002eea   0x00000002   Code   RO         2974    i.vHandleUartInternalErrors  uart.o
    0x00002eec   0x00002eec   0x00000014   Code   RO         2975    i.vUartErrorHandle  uart.o
    0x00002f00   0x00002f00   0x00000010   Data   RO            4    .constdata          main.o
    0x00002f10   0x00002f10   0x00000004   Data   RO          454    .constdata          nrf_drv_gpiote.o
    0x00002f14   0x00002f14   0x00000020   Data   RO         1760    .constdata          app_uart_fifo.o
    0x00002f34   0x00002f34   0x00000018   Data   RO         2977    .constdata          uart.o
    0x00002f4c   0x00002f4c   0x00000002   Data   RO         3025    .constdata          rtx_conf_cm.o
    0x00002f4e   0x00002f4e   0x00000002   PAD
    0x00002f50   0x00002f50   0x00000004   Data   RO         3026    .constdata          rtx_conf_cm.o
    0x00002f54   0x00002f54   0x00000004   Data   RO         3027    .constdata          rtx_conf_cm.o
    0x00002f58   0x00002f58   0x00000004   Data   RO         3031    .constdata          rtx_conf_cm.o
    0x00002f5c   0x00002f5c   0x00000001   Data   RO         3032    .constdata          rtx_conf_cm.o
    0x00002f5d   0x00002f5d   0x00000003   PAD
    0x00002f60   0x00002f60   0x00000010   Data   RO         3033    .constdata          rtx_conf_cm.o
    0x00002f70   0x00002f70   0x00000002   Data   RO         3034    .constdata          rtx_conf_cm.o
    0x00002f72   0x00002f72   0x00000002   PAD
    0x00002f74   0x00002f74   0x00000004   Data   RO         3035    .constdata          rtx_conf_cm.o
    0x00002f78   0x00002f78   0x00000004   Data   RO         3036    .constdata          rtx_conf_cm.o
    0x00002f7c   0x00002f7c   0x00000001   Data   RO         3037    .constdata          rtx_conf_cm.o
    0x00002f7d   0x00002f7d   0x00000003   PAD
    0x00002f80   0x00002f80   0x00000010   Data   RO         3038    .constdata          rtx_conf_cm.o
    0x00002f90   0x00002f90   0x00000008   Data   RO         3039    .constdata          rtx_conf_cm.o
    0x00002f98   0x00002f98   0x00000002   Data   RO         3040    .constdata          rtx_conf_cm.o
    0x00002f9a   0x00002f9a   0x00000002   PAD
    0x00002f9c   0x00002f9c   0x00000020   Data   RO         4734    Region$$Table       anon$$obj.o


    Execution Region RW_IRAM1 (Exec base: 0x20000000, Load base: 0x00002fbc, Size: 0x00004c68, Max: 0x00010000, ABSOLUTE)

    Exec Addr    Load Addr    Size         Type   Attr      Idx    E Section Name        Object

    0x20000000   0x00002fbc   0x00000010   Data   RW         1761    .data               app_uart_fifo.o
    0x20000010   0x00002fcc   0x00000004   Data   RW         1824    .data               retarget.o
    0x20000014   0x00002fd0   0x00000004   Data   RW         3042    .data               rtx_conf_cm.o
    0x20000018   0x00002fd4   0x00000010   Data   RW         3043    .data               rtx_conf_cm.o
    0x20000028   0x00002fe4   0x00000004   Data   RW         3044    .data               rtx_conf_cm.o
    0x2000002c   0x00002fe8   0x00000004   Data   RW         3045    .data               rtx_conf_cm.o
    0x20000030   0x00002fec   0x00000004   Data   RW         3097    .data               system_nrf52.o
    0x20000034   0x00002ff0   0x00000008   Data   RW         3265    .data               RTX_CM4.lib(rt_cmsis.o)
    0x2000003c   0x00002ff8   0x00000008   Data   RW         3808    .data               RTX_CM4.lib(rt_task.o)
    0x20000044   0x00003000   0x00000008   Data   RW         3893    .data               RTX_CM4.lib(rt_system.o)
    0x2000004c   0x00003008   0x00000004   Data   RW         4187    .data               RTX_CM4.lib(rt_time.o)
    0x20000050   0x0000300c   0x00000001   Data   RW         4307    .data               RTX_CM4.lib(hal_cm.o)
    0x20000051   0x0000300d   0x00000003   PAD
    0x20000054   0x00003010   0x00000008   Data   RW         4355    .data               RTX_CM4.lib(rt_robin.o)
    0x2000005c   0x00003018   0x00000004   Data   RW         4721    .data               mc_w.l(mvars.o)
    0x20000060   0x0000301c   0x00000004   Data   RW         4722    .data               mc_w.l(mvars.o)
    0x20000064        -       0x00000058   Zero   RW          453    .bss                nrf_drv_gpiote.o
    0x200000bc        -       0x00000024   Zero   RW          692    .bss                nrf_drv_spi.o
    0x200000e0        -       0x00000020   Zero   RW          829    .bss                nrf_drv_uart.o
    0x20000100        -       0x00000014   Zero   RW         1051    .bss                nrf_drv_clock.o
    0x20000114        -       0x00000020   Zero   RW         1759    .bss                app_uart_fifo.o
    0x20000134        -       0x00000220   Zero   RW         2976    .bss                uart.o
    0x20000354        -       0x00000020   Zero   RW         3019    .bss                rtx_conf_cm.o
    0x20000374        -       0x00000178   Zero   RW         3020    .bss                rtx_conf_cm.o
    0x200004ec   0x00003020   0x00000004   PAD
    0x200004f0        -       0x000004c0   Zero   RW         3021    .bss                rtx_conf_cm.o
    0x200009b0        -       0x000001b0   Zero   RW         3022    .bss                rtx_conf_cm.o
    0x20000b60        -       0x00000084   Zero   RW         3023    .bss                rtx_conf_cm.o
    0x20000be4        -       0x0000001c   Zero   RW         3024    .bss                rtx_conf_cm.o
    0x20000c00        -       0x00000034   Zero   RW         3807    .bss                RTX_CM4.lib(rt_task.o)
    0x20000c34        -       0x00000030   Zero   RW         4027    .bss                RTX_CM4.lib(rt_list.o)
    0x20000c64   0x00003020   0x00000004   PAD
    0x20000c68        -       0x00002000   Zero   RW         3076    HEAP                arm_startup_nrf52.o
    0x20002c68        -       0x00002000   Zero   RW         3075    STACK               arm_startup_nrf52.o


==============================================================================

Image component sizes


      Code (inc. data)   RO Data    RW Data    ZI Data      Debug   Object Name

        22          0          0          0          0       2181   app_error.o
        48         10          0          0          0      27525   app_error_weak.o
       122          0          0          0          0       5154   app_fifo.o
       476         42         32         16         32      13082   app_uart_fifo.o
        36          8        512          0      16384        908   arm_startup_nrf52.o
         0          0          0          0          0      31404   boards.o
         0          0          0          0          0       1572   bsp_nfc.o
        28         14          0          0          0        522   do_things.o
       492        196         16          0          0      11547   main.o
       172          8          0          0         20       9657   nrf_drv_clock.o
        56          0          0          0          0      29391   nrf_drv_common.o
       566         28          4          0         88      21832   nrf_drv_gpiote.o
       218          6          0          0         36      16127   nrf_drv_spi.o
      2288         70          0          0         32      45557   nrf_drv_uart.o
        14          0          0          4          0       3014   retarget.o
        28          6         68         28       2216       7912   rtx_conf_cm.o
      1068        106          0          4          0       8071   system_nrf52.o
        98         14         24          0        544       3906   uart.o

    ----------------------------------------------------------------------
      5740        508        700         52      19356     239362   Object Totals
         0          0         32          0          0          0   (incl. Generated)
         8          0         12          0          4          0   (incl. Padding)

    ----------------------------------------------------------------------

      Code (inc. data)   RO Data    RW Data    ZI Data      Debug   Library Member Name

       268         24          0          1          0       4452   hal_cm.o
       408         34          0          0          0        816   hal_cm4.o
      1184        152          0          8          0      35730   rt_cmsis.o
        80          4          0          0          0        701   rt_event.o
       530         34          0          0         48       8597   rt_list.o
       550         10          0          0          0       4185   rt_mailbox.o
       140          0          0          0          0       2045   rt_membox.o
       128          0          0          0          0       2419   rt_memory.o
        96         22          0          8          0       1230   rt_robin.o
        52          4          0          0          0        613   rt_semaphore.o
       298         52          0          8          0       6439   rt_system.o
      1216        174          0          8         52      10025   rt_task.o
         6          0          0          4          0        684   rt_time.o
         4          4          0          0          0        200   svc_table.o
         0          0          0          0          0          0   entry.o
         0          0          0          0          0          0   entry10a.o
         0          0          0          0          0          0   entry11a.o
         4          0          0          0          0          0   entry12b.o
         8          4          0          0          0          0   entry2.o
         4          0          0          0          0          0   entry5.o
         0          0          0          0          0          0   entry7b.o
         0          0          0          0          0          0   entry8b.o
        30          0          0          0          0          0   handlers.o
        36          8          0          0          0         68   init.o
       108         16          0          0          0         84   malloc.o
        36          0          0          0          0         68   memcpya.o
        36          0          0          0          0        108   memseta.o
         0          0          0          8          0          0   mvars.o
       472         14          0          0          0        184   printf3.o
        28          0          0          0          0         76   strcmp.o
        44          0          0          0          0         80   uidiv.o

    ----------------------------------------------------------------------
      5780        556          0         48        104      78804   Library Totals
        14          0          0          3          4          0   (incl. Padding)

    ----------------------------------------------------------------------

      Code (inc. data)   RO Data    RW Data    ZI Data      Debug   Library Name

      4960        514          0         37        100      78136   RTX_CM4.lib
       806         42          0          8          0        668   mc_w.l

    ----------------------------------------------------------------------
      5780        556          0         48        104      78804   Library Totals

    ----------------------------------------------------------------------

==============================================================================


      Code (inc. data)   RO Data    RW Data    ZI Data      Debug   

     11520       1064        700        100      19460     303510   Grand Totals
     11520       1064        700        100      19460     303510   ELF Image Totals
     11520       1064        700        100          0          0   ROM Totals

==============================================================================

    Total RO  Size (Code + RO Data)                12220 (  11.93kB)
    Total RW  Size (RW Data + ZI Data)             19560 (  19.10kB)
    Total ROM Size (Code + RO Data + RW Data)      12320 (  12.03kB)

==============================================================================

