<html>
<body>
<pre>
<h1>µVision Build Log</h1>
<h2>Tool Versions:</h2>
IDE-Version: µVision V5.37.0.0
Copyright (C) 2022 ARM Ltd and ARM Germany GmbH. All rights reserved.
License Information: Quentin Roels, ULB, LIC=----
 
Tool Versions:
Toolchain:       MDK-Lite  Version: 5.37.0.0
Toolchain Path:  Q:\Keil_v5\ARM\ARMCCv506u7\Bin
C Compiler:      Armcc.exe V5.06 update 7 (build 960)
Assembler:       Armasm.exe V5.06 update 7 (build 960)
Linker/Locator:  ArmLink.exe V5.06 update 7 (build 960)
Library Manager: ArmAr.exe V5.06 update 7 (build 960)
Hex Converter:   FromElf.exe V5.06 update 7 (build 960)
CPU DLL:         SARMCM3.DLL V5.37.0.0
Dialog DLL:      DCM.DLL V1.17.5.0
Target DLL:      Segger\JL2CM3.dll V2.99.42.0
Dialog DLL:      TCM.DLL V1.56.1.0
 
<h2>Project:</h2>
C:\Users\quent\OneDrive\Bureau\git\iridia-dwm\src\embedded\Kiel µVision\role_switch\Keil µVision\role_switch.uvprojx
Project File Date:  11/25/2022

<h2>Output:</h2>
*** Using Compiler 'V5.06 update 7 (build 960)', folder: 'Q:\Keil_v5\ARM\ARMCCv506u7\Bin'
Rebuild target 'nrf52832_xxaa'
compiling init_controller.c...
compiling resp_main.c...
..\..\..\..\..\lib\UART\UART.h(12): warning:  #1-D: last line of file ends without a newline
  bool boUART_getc	(uint8_t *u8ch);
..\resp_main.c(58): warning:  #47-D: incompatible redefinition of macro "TX_ANT_DLY"  (declared at line 45 of "..\..\..\..\..\lib\deca_driver\port\port_platform.h")
  #define TX_ANT_DLY 16300
..\resp_main.c: 2 warnings, 0 errors
compiling main.c...
..\..\..\..\..\lib\UART\UART.h(12): warning:  #1-D: last line of file ends without a newline
  bool boUART_getc	(uint8_t *u8ch);
..\main.c(113): warning:  #1-D: last line of file ends without a newline
  }
..\main.c: 2 warnings, 0 errors
compiling resp_controller.c...
..\resp_controller.c(295): warning:  #1-D: last line of file ends without a newline
   
..\resp_controller.c: 1 warning, 0 errors
compiling init_main.c...
..\..\..\..\..\lib\UART\UART.h(12): warning:  #1-D: last line of file ends without a newline
  bool boUART_getc	(uint8_t *u8ch);
..\init_main.c(59): warning:  #47-D: incompatible redefinition of macro "TX_ANT_DLY"  (declared at line 45 of "..\..\..\..\..\lib\deca_driver\port\port_platform.h")
  #define TX_ANT_DLY 16300
..\init_main.c: 2 warnings, 0 errors
compiling bsp_nfc.c...
compiling nrf_drv_common.c...
compiling boards.c...
compiling bsp.c...
compiling nrf_drv_gpiote.c...
compiling app_button.c...
compiling app_error.c...
compiling nrf_drv_clock.c...
compiling nrf_drv_spi.c...
compiling nrf_drv_uart.c...
compiling app_scheduler.c...
compiling nrf_assert.c...
compiling nrf_balloc.c...
compiling app_util_platform.c...
compiling app_error_weak.c...
compiling nrf_fprintf.c...
compiling nrf_strerror.c...
compiling nrf_fprintf_format.c...
compiling app_fifo.c...
compiling nrf_memobj.c...
compiling nrf_log_backend_serial.c...
compiling nrf_log_backend_uart.c...
compiling nrf_log_backend_rtt.c...
compiling retarget.c...
compiling app_uart_fifo.c...
compiling nrf_log_str_formatter.c...
compiling nrf_log_frontend.c...
compiling nrf_log_default_backends.c...
compiling SEGGER_RTT_Syscalls_KEIL.c...
compiling deca_device.c...
..\..\..\..\..\lib\deca_driver\deca_device.c(1426): warning:  #68-D: integer conversion resulted in a change of sign
          return DWT_ERROR;
..\..\..\..\..\lib\deca_driver\deca_device.c(1559): warning:  #68-D: integer conversion resulted in a change of sign
          return DWT_ERROR;
..\..\..\..\..\lib\deca_driver\deca_device.c: 2 warnings, 0 errors
compiling deca_params_init.c...
compiling SEGGER_RTT.c...
compiling SEGGER_RTT_printf.c...
compiling RTX_Conf_CM.c...
assembling arm_startup_nrf52.s...
compiling UART.c...
..\..\..\..\..\lib\UART\UART.h(12): warning:  #1-D: last line of file ends without a newline
  bool boUART_getc	(uint8_t *u8ch);
..\..\..\..\..\lib\UART\UART.c: 1 warning, 0 errors
compiling system_nrf52.c...
compiling port_platform.c...
linking...
Program Size: Code=14364 RO-data=700 RW-data=100 ZI-data=19460  
FromELF: creating hex file...
".\_build\nrf52832_xxaa.axf" - 0 Error(s), 10 Warning(s).

<h2>Software Packages used:</h2>

Package Vendor: ARM
                http://www.keil.com/pack/ARM.CMSIS.4.5.0.pack
                ARM.CMSIS.4.5.0
                CMSIS (Cortex Microcontroller Software Interface Standard)
   * Component: RTOS Version: 1.0
   * Component: CORE Version: 4.3.0
   * Component: DSP Version: 1.4.6
   * Component: Keil RTX Version: 4.80.0

Package Vendor: NordicSemiconductor
                http://developer.nordicsemi.com/nRF5_SDK/pieces/nRF_DeviceFamilyPack/NordicSemiconductor.nRF_DeviceFamilyPack.8.15.4.pack
                NordicSemiconductor.nRF_DeviceFamilyPack.8.15.4
                Nordic Semiconductor nRF ARM devices Device Family Pack.
   * Component: Startup Version: 8.15.4
   * Component: StartupConfig Version: 8.15.4

<h2>Collection of Component include folders:</h2>
  ./RTE/Device/nRF52832_xxAA
  ./RTE/_nrf52832_xxaa
  Q:/Users/quent/AppData/Local/Arm/Packs/ARM/CMSIS/4.5.0/CMSIS/Include
  Q:/Users/quent/AppData/Local/Arm/Packs/ARM/CMSIS/4.5.0/CMSIS/RTOS/RTX/INC
  Q:/Users/quent/AppData/Local/Arm/Packs/NordicSemiconductor/nRF_DeviceFamilyPack/8.15.4/Device/Include

<h2>Collection of Component Files used:</h2>

   * Component: ::CMSIS:RTOS:1.0 (API)

   * Component: ARM::CMSIS:CORE:4.3.0

   * Component: ARM::CMSIS:DSP:1.4.6
      Include file:  CMSIS/Include/arm_math.h
      Library file:  CMSIS/Lib/ARM/arm_cortexM4lf_math.lib

   * Component: ARM::CMSIS:RTOS:Keil RTX:4.80.0
      Source file:   CMSIS/RTOS/RTX/UserCodeTemplates/MsgQueue.c
      Source file:   CMSIS/RTOS/RTX/UserCodeTemplates/Thread.c
      Include file:  CMSIS/RTOS/RTX/INC/cmsis_os.h
      Source file:   CMSIS/RTOS/RTX/UserCodeTemplates/Timer.c
      Source file:   CMSIS/RTOS/RTX/UserCodeTemplates/main.c
      Source file:   CMSIS/RTOS/RTX/UserCodeTemplates/Mutex.c
      Source file:   CMSIS/RTOS/RTX/SRC/ARM/SVC_Table.s
      Library file:  CMSIS/RTOS/RTX/LIB/ARM/RTX_CM4.lib
      Source file:   CMSIS/RTOS/RTX/UserCodeTemplates/MailQueue.c
      Source file:   CMSIS/RTOS/RTX/UserCodeTemplates/MemPool.c
      Source file:   CMSIS/RTOS/RTX/Templates/RTX_Conf_CM.c
      Source file:   CMSIS/RTOS/RTX/UserCodeTemplates/Semaphore.c
      Include file:  CMSIS/RTOS/RTX/UserCodeTemplates/osObjects.h

   * Component: NordicSemiconductor::Device:Startup:8.15.4
      Source file:   Device/Source/system_nrf52.c
      Include file:  Device/Include/system_nrf52.h
      Source file:   Device/Source/arm/arm_startup_nrf52.s

   * Component: NordicSemiconductor::Device:StartupConfig:8.15.4
      Include file:  Device/Source/startup_config.h
Build Time Elapsed:  00:00:23
</pre>
</body>
</html>
