<html>
<body>
<pre>
<h1>µVision Build Log</h1>
<h2>Tool Versions:</h2>
IDE-Version: µVision V5.37.0.0
Copyright (C) 2022 ARM Ltd and ARM Germany GmbH. All rights reserved.
License Information: Quentin Roels, ULB, LIC=----
 
Tool Versions:
Toolchain:       MDK-Lite  Version: 5.37.0.0
Toolchain Path:  Q:\Keil_v5\ARM\ARMCCv506u7\Bin
C Compiler:      Armcc.exe V5.06 update 7 (build 960)
Assembler:       Armasm.exe V5.06 update 7 (build 960)
Linker/Locator:  ArmLink.exe V5.06 update 7 (build 960)
Library Manager: ArmAr.exe V5.06 update 7 (build 960)
Hex Converter:   FromElf.exe V5.06 update 7 (build 960)
CPU DLL:         SARMCM3.DLL V5.37.0.0
Dialog DLL:      DCM.DLL V1.17.5.0
Target DLL:      Segger\JL2CM3.dll V2.99.42.0
Dialog DLL:      TCM.DLL V1.56.1.0
 
<h2>Project:</h2>
C:\Users\quent\OneDrive\Bureau\git\iridia-dwm\src\embedded\Kiel µVision\role_switch_main_thread\Keil µVision\thread.uvprojx
Project File Date:  01/26/2023

<h2>Output:</h2>
*** Using Compiler 'V5.06 update 7 (build 960)', folder: 'Q:\Keil_v5\ARM\ARMCCv506u7\Bin'
Build target 'nrf52832_xxaa'
compiling main.c...
..\..\..\..\..\lib\UART\UART.h(12): warning:  #1-D: last line of file ends without a newline
  bool boUART_getc	(uint8_t *u8ch);
..\main.c(44): warning:  #1295-D: Deprecated declaration handle_function - give arg types
  osThreadId handle_function();
..\main.c(178): warning:  #177-D: variable "thread_id"  was declared but never referenced
  	osThreadId thread_id = 0;
..\main.c: 3 warnings, 0 errors
linking...
Program Size: Code=15204 RO-data=916 RW-data=144 ZI-data=19536  
FromELF: creating hex file...
".\_build\nrf52832_xxaa.axf" - 0 Error(s), 3 Warning(s).

<h2>Software Packages used:</h2>

Package Vendor: ARM
                http://www.keil.com/pack/ARM.CMSIS.4.5.0.pack
                ARM.CMSIS.4.5.0
                CMSIS (Cortex Microcontroller Software Interface Standard)
   * Component: RTOS Version: 1.0
   * Component: CORE Version: 4.3.0
   * Component: DSP Version: 1.4.6
   * Component: Keil RTX Version: 4.80.0

Package Vendor: NordicSemiconductor
                http://developer.nordicsemi.com/nRF5_SDK/pieces/nRF_DeviceFamilyPack/NordicSemiconductor.nRF_DeviceFamilyPack.8.15.4.pack
                NordicSemiconductor.nRF_DeviceFamilyPack.8.15.4
                Nordic Semiconductor nRF ARM devices Device Family Pack.
   * Component: Startup Version: 8.15.4
   * Component: StartupConfig Version: 8.15.4

<h2>Collection of Component include folders:</h2>
  ./RTE/Device/nRF52832_xxAA
  ./RTE/_nrf52832_xxaa
  Q:/Users/quent/AppData/Local/Arm/Packs/ARM/CMSIS/4.5.0/CMSIS/Include
  Q:/Users/quent/AppData/Local/Arm/Packs/ARM/CMSIS/4.5.0/CMSIS/RTOS/RTX/INC
  Q:/Users/quent/AppData/Local/Arm/Packs/NordicSemiconductor/nRF_DeviceFamilyPack/8.15.4/Device/Include

<h2>Collection of Component Files used:</h2>

   * Component: ::CMSIS:RTOS:1.0 (API)

   * Component: ARM::CMSIS:CORE:4.3.0

   * Component: ARM::CMSIS:DSP:1.4.6
      Include file:  CMSIS/Include/arm_math.h
      Library file:  CMSIS/Lib/ARM/arm_cortexM4lf_math.lib

   * Component: ARM::CMSIS:RTOS:Keil RTX:4.80.0
      Source file:   CMSIS/RTOS/RTX/UserCodeTemplates/Mutex.c
      Source file:   CMSIS/RTOS/RTX/UserCodeTemplates/MemPool.c
      Source file:   CMSIS/RTOS/RTX/UserCodeTemplates/Timer.c
      Include file:  CMSIS/RTOS/RTX/INC/cmsis_os.h
      Source file:   CMSIS/RTOS/RTX/UserCodeTemplates/main.c
      Source file:   CMSIS/RTOS/RTX/UserCodeTemplates/MailQueue.c
      Include file:  CMSIS/RTOS/RTX/UserCodeTemplates/osObjects.h
      Source file:   CMSIS/RTOS/RTX/UserCodeTemplates/MsgQueue.c
      Source file:   CMSIS/RTOS/RTX/UserCodeTemplates/Semaphore.c
      Source file:   CMSIS/RTOS/RTX/UserCodeTemplates/Thread.c
      Library file:  CMSIS/RTOS/RTX/LIB/ARM/RTX_CM4.lib
      Source file:   CMSIS/RTOS/RTX/Templates/RTX_Conf_CM.c
      Source file:   CMSIS/RTOS/RTX/SRC/ARM/SVC_Table.s

   * Component: NordicSemiconductor::Device:Startup:8.15.4
      Source file:   Device/Source/system_nrf52.c
      Source file:   Device/Source/arm/arm_startup_nrf52.s
      Include file:  Device/Include/system_nrf52.h

   * Component: NordicSemiconductor::Device:StartupConfig:8.15.4
      Include file:  Device/Source/startup_config.h
Build Time Elapsed:  00:00:00
</pre>
</body>
</html>
