Archive member included to satisfy reference by file (symbol)

/Applications/SEGGER Embedded Studio for ARM 5.64/lib/libm_v7em_fpv4_sp_d16_hard_t_le_eabi.a(libm_asm.o)
                              Output/nrf52832_xxaa/Obj/init_stop_swap/deca_device.o (__aeabi_dsub)
/Applications/SEGGER Embedded Studio for ARM 5.64/lib/libc_v7em_fpv4_sp_d16_hard_t_le_eabi.a(libc2.o)
                              Output/nrf52832_xxaa/Obj/init_stop_swap/init_main.o (memcmp)
/Applications/SEGGER Embedded Studio for ARM 5.64/lib/libc_v7em_fpv4_sp_d16_hard_t_le_eabi.a(libc2_asm.o)
                              Output/nrf52832_xxaa/Obj/init_stop_swap/port_platform.o (memcpy)
/Applications/SEGGER Embedded Studio for ARM 5.64/lib/libc_v7em_fpv4_sp_d16_hard_t_le_eabi.a(libvfprintf.o)
                              (__vfprintf_short_float_long)
/Applications/SEGGER Embedded Studio for ARM 5.64/lib/libc_v7em_fpv4_sp_d16_hard_t_le_eabi.a(libvfscanf.o)
                              (__vfscanf_int)
/Applications/SEGGER Embedded Studio for ARM 5.64/lib/libc_v7em_fpv4_sp_d16_hard_t_le_eabi.a(libc_asm.o)
                              /Applications/SEGGER Embedded Studio for ARM 5.64/lib/libc_v7em_fpv4_sp_d16_hard_t_le_eabi.a(libc2.o) (__aeabi_uldivmod)
/Applications/SEGGER Embedded Studio for ARM 5.64/lib/libdebugio_v7em_fpv4_sp_d16_hard_t_le_eabi.a(libdebugio.o)
                              Output/nrf52832_xxaa/Obj/init_stop_swap/thumb_crt0.o (debug_fopen)
/Applications/SEGGER Embedded Studio for ARM 5.64/lib/libdebugio_v7em_fpv4_sp_d16_hard_t_le_eabi.a(do_nv_debug_operation.o)
                              /Applications/SEGGER Embedded Studio for ARM 5.64/lib/libdebugio_v7em_fpv4_sp_d16_hard_t_le_eabi.a(libdebugio.o) (__do_nvdebug_operation)
/Applications/SEGGER Embedded Studio for ARM 5.64/lib/libdebugio_v7em_fpv4_sp_d16_hard_t_le_eabi.a(mempoll_debug_operations.o)
                              (__do_debug_operation_mempoll)
/Applications/SEGGER Embedded Studio for ARM 5.64/lib/libm_v7em_fpv4_sp_d16_hard_t_le_eabi.a(libm2.o)
                              /Applications/SEGGER Embedded Studio for ARM 5.64/lib/libc_v7em_fpv4_sp_d16_hard_t_le_eabi.a(libvfprintf.o) (frexp)

Discarded input sections

 .text          0x0000000000000000        0x0 Output/nrf52832_xxaa/Obj/init_stop_swap/init_main.o
 .data          0x0000000000000000        0x0 Output/nrf52832_xxaa/Obj/init_stop_swap/init_main.o
 .bss           0x0000000000000000        0x0 Output/nrf52832_xxaa/Obj/init_stop_swap/init_main.o
 .rodata.spi    0x0000000000000000        0x8 Output/nrf52832_xxaa/Obj/init_stop_swap/init_main.o
 .bss.spi_xfer_done
                0x0000000000000000        0x1 Output/nrf52832_xxaa/Obj/init_stop_swap/init_main.o
 .text          0x0000000000000000        0x0 Output/nrf52832_xxaa/Obj/init_stop_swap/main.o
 .data          0x0000000000000000        0x0 Output/nrf52832_xxaa/Obj/init_stop_swap/main.o
 .bss           0x0000000000000000        0x0 Output/nrf52832_xxaa/Obj/init_stop_swap/main.o
 .rodata.spi    0x0000000000000000        0x8 Output/nrf52832_xxaa/Obj/init_stop_swap/main.o
 .bss.spi_xfer_done
                0x0000000000000000        0x1 Output/nrf52832_xxaa/Obj/init_stop_swap/main.o
 .text          0x0000000000000000        0x0 Output/nrf52832_xxaa/Obj/init_stop_swap/boards.o
 .data          0x0000000000000000        0x0 Output/nrf52832_xxaa/Obj/init_stop_swap/boards.o
 .bss           0x0000000000000000        0x0 Output/nrf52832_xxaa/Obj/init_stop_swap/boards.o
 .text.nrf_gpio_pin_port_decode
                0x0000000000000000        0xe Output/nrf52832_xxaa/Obj/init_stop_swap/boards.o
 .text.nrf_gpio_cfg
                0x0000000000000000       0x62 Output/nrf52832_xxaa/Obj/init_stop_swap/boards.o
 .text.nrf_gpio_cfg_output
                0x0000000000000000       0x22 Output/nrf52832_xxaa/Obj/init_stop_swap/boards.o
 .text.nrf_gpio_cfg_input
                0x0000000000000000       0x2a Output/nrf52832_xxaa/Obj/init_stop_swap/boards.o
 .text.nrf_gpio_pin_set
                0x0000000000000000       0x28 Output/nrf52832_xxaa/Obj/init_stop_swap/boards.o
 .text.nrf_gpio_pin_clear
                0x0000000000000000       0x28 Output/nrf52832_xxaa/Obj/init_stop_swap/boards.o
 .text.nrf_gpio_pin_toggle
                0x0000000000000000       0x44 Output/nrf52832_xxaa/Obj/init_stop_swap/boards.o
 .text.nrf_gpio_pin_write
                0x0000000000000000       0x24 Output/nrf52832_xxaa/Obj/init_stop_swap/boards.o
 .text.nrf_gpio_pin_read
                0x0000000000000000       0x2a Output/nrf52832_xxaa/Obj/init_stop_swap/boards.o
 .text.nrf_gpio_pin_out_read
                0x0000000000000000       0x2a Output/nrf52832_xxaa/Obj/init_stop_swap/boards.o
 .text.nrf_gpio_port_in_read
                0x0000000000000000       0x10 Output/nrf52832_xxaa/Obj/init_stop_swap/boards.o
 .text.nrf_gpio_port_out_read
                0x0000000000000000       0x10 Output/nrf52832_xxaa/Obj/init_stop_swap/boards.o
 .text.nrf_gpio_port_out_set
[...]
Memory Configuration

Name             Origin             Length             Attributes
UNPLACED_SECTIONS 0x0000000100000000 0x0000000000000000 xw
FLASH            0x0000000000000000 0x0000000000080000 xr
SRAM             0x0000000020000000 0x0000000000010000 xw
*default*        0x0000000000000000 0xffffffffffffffff

Linker script and memory map

                0x0000000000000000                __do_debug_operation = __do_debug_operation_mempoll
                0x0000000000004ee0                __vfprintf = __vfprintf_short_float_long
                0x0000000000000000                __vfscanf = __vfscanf_int
                0x0000000000000000                __FLASH_segment_start__ = 0x0
                0x0000000000080000                __FLASH_segment_end__ = 0x80000
                0x0000000000080000                __FLASH_segment_size__ = 0x80000
                0x0000000020000000                __SRAM_segment_start__ = 0x20000000
                0x0000000020010000                __SRAM_segment_end__ = 0x20010000
                0x0000000000010000                __SRAM_segment_size__ = 0x10000
                0x0000000000000400                __HEAPSIZE__ = 0x400
                0x0000000000000000                __STACKSIZE_PROCESS__ = 0x0
                0x0000000000000400                __STACKSIZE__ = 0x400
                0x0000000020000000                __vectors_ram_load_start__ = ALIGN (__SRAM_segment_start__, 0x100)

.vectors_ram    0x0000000020000000        0x0
                0x0000000020000000                __vectors_ram_start__ = .
 *(.vectors_ram .vectors_ram.*)
                0x0000000020000000                __vectors_ram_end__ = (__vectors_ram_start__ + SIZEOF (.vectors_ram))
                0x0000000000000000                __vectors_ram_size__ = SIZEOF (.vectors_ram)
                0x0000000020000000                __vectors_ram_load_end__ = __vectors_ram_end__
                0x0000000000000001                . = ASSERT (((__vectors_ram_start__ == __vectors_ram_end__) || ((__vectors_ram_end__ - __SRAM_segment_start__) <= __SRAM_segment_size__)), error: .vectors_ram is too large to fit in SRAM memory segment)
                0x0000000000000000                __vectors_load_start__ = ALIGN (__FLASH_segment_start__, 0x100)

.vectors        0x0000000000000000       0xd8
                0x0000000000000000                __vectors_start__ = .
 *(.vectors .vectors.*)
 .vectors       0x0000000000000000       0xd8 Output/nrf52832_xxaa/Obj/init_stop_swap/ses_nrf52_startup.o
                0x0000000000000000                _vectors
                0x00000000000000d8                __vectors_end__ = (__vectors_start__ + SIZEOF (.vectors))
                0x00000000000000d8                __vectors_size__ = SIZEOF (.vectors)
                0x00000000000000d8                __vectors_load_end__ = __vectors_end__
                0x0000000000000001                . = ASSERT (((__vectors_start__ == __vectors_end__) || ((__vectors_end__ - __FLASH_segment_start__) <= __FLASH_segment_size__)), error: .vectors is too large to fit in FLASH memory segment)
                0x00000000000000d8                __init_load_start__ = ALIGN (__vectors_end__, 0x4)

.init           0x00000000000000d8      0x1d8
                0x00000000000000d8                __init_start__ = .
 *(.init .init.*)
 .init          0x00000000000000d8       0x6c Output/nrf52832_xxaa/Obj/init_stop_swap/ses_nrf52_startup.o
                0x00000000000000d8                NMI_Handler
                0x00000000000000da                HardFault_Handler
                0x00000000000000dc                MemoryManagement_Handler
                0x00000000000000de                BusFault_Handler
                0x00000000000000e0                UsageFault_Handler
                0x00000000000000e2                SVC_Handler
                0x00000000000000e4                DebugMon_Handler
                0x00000000000000e6                PendSV_Handler
                0x00000000000000e8                SysTick_Handler
                0x00000000000000ec                RADIO_IRQHandler
                0x00000000000000f0                SPIM0_SPIS0_TWIM0_TWIS0_SPI0_TWI0_IRQHandler
                0x00000000000000f4                NFCT_IRQHandler
                0x00000000000000f8                SAADC_IRQHandler
                0x00000000000000fa                TIMER0_IRQHandler
                0x00000000000000fc                TIMER1_IRQHandler
                0x00000000000000fe                TIMER2_IRQHandler
                0x0000000000000100                RTC0_IRQHandler
                0x0000000000000102                TEMP_IRQHandler
                0x0000000000000104                RNG_IRQHandler
                0x0000000000000106                ECB_IRQHandler
                0x0000000000000108                CCM_AAR_IRQHandler
                0x000000000000010a                WDT_IRQHandler
                0x000000000000010c                RTC1_IRQHandler
                0x000000000000010e                QDEC_IRQHandler
                0x0000000000000110                COMP_LPCOMP_IRQHandler
                0x0000000000000112                SWI0_EGU0_IRQHandler
                0x0000000000000114                SWI1_EGU1_IRQHandler
                0x0000000000000116                SWI2_EGU2_IRQHandler
                0x0000000000000118                SWI3_EGU3_IRQHandler
                0x000000000000011a                SWI4_EGU4_IRQHandler
                0x000000000000011c                SWI5_EGU5_IRQHandler
                0x000000000000011e                TIMER3_IRQHandler
                0x0000000000000120                TIMER4_IRQHandler
                0x0000000000000122                PWM0_IRQHandler
                0x0000000000000124                PDM_IRQHandler
                0x0000000000000126                MWU_IRQHandler
                0x0000000000000128                PWM1_IRQHandler
                0x000000000000012a                PWM2_IRQHandler
                0x000000000000012c                SPIM2_SPIS2_SPI2_IRQHandler
                0x000000000000012e                RTC2_IRQHandler
                0x0000000000000130                I2S_IRQHandler
                0x0000000000000132                reset_handler
 .init          0x0000000000000144      0x16c Output/nrf52832_xxaa/Obj/init_stop_swap/thumb_crt0.o
                0x0000000000000144                _start
                0x0000000000000200                exit
                0x00000000000002b0                __init_end__ = (__init_start__ + SIZEOF (.init))
                0x00000000000001d8                __init_size__ = SIZEOF (.init)
                0x00000000000002b0                __init_load_end__ = __init_end__
                0x0000000000000001                . = ASSERT (((__init_start__ == __init_end__) || ((__init_end__ - __FLASH_segment_start__) <= __FLASH_segment_size__)), error: .init is too large to fit in FLASH memory segment)
                0x00000000000002b0                __init_rodata_load_start__ = ALIGN (__init_end__, 0x4)

.init_rodata    0x00000000000002b0        0x0
                0x00000000000002b0                __init_rodata_start__ = .
 *(.init_rodata .init_rodata.*)
                0x00000000000002b0                __init_rodata_end__ = (__init_rodata_start__ + SIZEOF (.init_rodata))
                0x0000000000000000                __init_rodata_size__ = SIZEOF (.init_rodata)
                0x00000000000002b0                __init_rodata_load_end__ = __init_rodata_end__
                0x0000000000000001                . = ASSERT (((__init_rodata_start__ == __init_rodata_end__) || ((__init_rodata_end__ - __FLASH_segment_start__) <= __FLASH_segment_size__)), error: .init_rodata is too large to fit in FLASH memory segment)
                0x00000000000002b0                __text_load_start__ = ALIGN (__init_rodata_end__, 0x4)

.text           0x00000000000002b0     0x5bf0
                0x00000000000002b0                __text_start__ = .
 *(.text .text.* .glue_7t .glue_7 .gnu.linkonce.t.* .gcc_except_table .ARM.extab* .gnu.linkonce.armextab.*)
 .glue_7        0x00000000000002b0        0x0 linker stubs
 .glue_7t       0x00000000000002b0        0x0 linker stubs
 .text.ss_init_run
                0x00000000000002b0      0x208 Output/nrf52832_xxaa/Obj/init_stop_swap/init_main.o
                0x00000000000002b0                ss_init_run
 .text.resp_msg_get_ts
                0x00000000000004b8       0x42 Output/nrf52832_xxaa/Obj/init_stop_swap/init_main.o
 .text.nrf_gpio_pin_port_decode
                0x00000000000004fa        0xe Output/nrf52832_xxaa/Obj/init_stop_swap/main.o
 .text.nrf_gpio_cfg
                0x0000000000000508       0x62 Output/nrf52832_xxaa/Obj/init_stop_swap/main.o
 .text.nrf_gpio_cfg_output
                0x000000000000056a       0x22 Output/nrf52832_xxaa/Obj/init_stop_swap/main.o
 .text.nrf_gpio_cfg_input
                0x000000000000058c       0x2a Output/nrf52832_xxaa/Obj/init_stop_swap/main.o
 *fill*         0x00000000000005b6        0x2 
 .text.handle_function
                0x00000000000005b8       0x6c Output/nrf52832_xxaa/Obj/init_stop_swap/main.o
                0x00000000000005b8                handle_function
 .text.main     0x0000000000000624      0x160 Output/nrf52832_xxaa/Obj/init_stop_swap/main.o
                0x0000000000000624                main
 .text.dwt_initialise
                0x0000000000000784      0x184 Output/nrf52832_xxaa/Obj/init_stop_swap/deca_device.o
                0x0000000000000784                dwt_initialise
 .text.dwt_readdevid
                0x0000000000000908       0x10 Output/nrf52832_xxaa/Obj/init_stop_swap/deca_device.o
                0x0000000000000908                dwt_readdevid
 .text.dwt_configure
                0x0000000000000918      0x304 Output/nrf52832_xxaa/Obj/init_stop_swap/deca_device.o
                0x0000000000000918                dwt_configure
 .text.dwt_setrxantennadelay
                0x0000000000000c1c       0x22 Output/nrf52832_xxaa/Obj/init_stop_swap/deca_device.o
                0x0000000000000c1c                dwt_setrxantennadelay
 .text.dwt_settxantennadelay
                0x0000000000000c3e       0x20 Output/nrf52832_xxaa/Obj/init_stop_swap/deca_device.o
                0x0000000000000c3e                dwt_settxantennadelay
 .text.dwt_writetxdata
                0x0000000000000c5e       0x46 Output/nrf52832_xxaa/Obj/init_stop_swap/deca_device.o
                0x0000000000000c5e                dwt_writetxdata
 .text.dwt_writetxfctrl
                0x0000000000000ca4       0x44 Output/nrf52832_xxaa/Obj/init_stop_swap/deca_device.o
                0x0000000000000ca4                dwt_writetxfctrl
 .text.dwt_readrxdata
                0x0000000000000ce8       0x2a Output/nrf52832_xxaa/Obj/init_stop_swap/deca_device.o
                0x0000000000000ce8                dwt_readrxdata
 .text.dwt_readcarrierintegrator
                0x0000000000000d12       0x60 Output/nrf52832_xxaa/Obj/init_stop_swap/deca_device.o
                0x0000000000000d12                dwt_readcarrierintegrator
 .text.dwt_readtxtimestamplo32
                0x0000000000000d72       0x10 Output/nrf52832_xxaa/Obj/init_stop_swap/deca_device.o
                0x0000000000000d72                dwt_readtxtimestamplo32
 .text.dwt_readrxtimestamplo32
                0x0000000000000d82       0x10 Output/nrf52832_xxaa/Obj/init_stop_swap/deca_device.o
                0x0000000000000d82                dwt_readrxtimestamplo32
 .text.dwt_writetodevice
                0x0000000000000d92       0xbc Output/nrf52832_xxaa/Obj/init_stop_swap/deca_device.o
                0x0000000000000d92                dwt_writetodevice
 .text.dwt_readfromdevice
                0x0000000000000e4e       0xb6 Output/nrf52832_xxaa/Obj/init_stop_swap/deca_device.o
                0x0000000000000e4e                dwt_readfromdevice
 .text.dwt_read32bitoffsetreg
                0x0000000000000f04       0x48 Output/nrf52832_xxaa/Obj/init_stop_swap/deca_device.o
                0x0000000000000f04                dwt_read32bitoffsetreg
 .text.dwt_read16bitoffsetreg
                0x0000000000000f4c       0x40 Output/nrf52832_xxaa/Obj/init_stop_swap/deca_device.o
                0x0000000000000f4c                dwt_read16bitoffsetreg
 .text.dwt_read8bitoffsetreg
                0x0000000000000f8c       0x26 Output/nrf52832_xxaa/Obj/init_stop_swap/deca_device.o
                0x0000000000000f8c                dwt_read8bitoffsetreg
 .text.dwt_write8bitoffsetreg
                0x0000000000000fb2       0x28 Output/nrf52832_xxaa/Obj/init_stop_swap/deca_device.o
                0x0000000000000fb2                dwt_write8bitoffsetreg
 .text.dwt_write16bitoffsetreg
                0x0000000000000fda       0x3e Output/nrf52832_xxaa/Obj/init_stop_swap/deca_device.o
                0x0000000000000fda                dwt_write16bitoffsetreg
 .text.dwt_write32bitoffsetreg
                0x0000000000001018       0x48 Output/nrf52832_xxaa/Obj/init_stop_swap/deca_device.o
                0x0000000000001018                dwt_write32bitoffsetreg
 .text._dwt_otpread
                0x0000000000001060       0x3c Output/nrf52832_xxaa/Obj/init_stop_swap/deca_device.o
                0x0000000000001060                _dwt_otpread
 .text._dwt_aonarrayupload
                0x000000000000109c       0x1a Output/nrf52832_xxaa/Obj/init_stop_swap/deca_device.o
                0x000000000000109c                _dwt_aonarrayupload
 .text._dwt_configlde
                0x00000000000010b6       0x3e Output/nrf52832_xxaa/Obj/init_stop_swap/deca_device.o
                0x00000000000010b6                _dwt_configlde
 .text._dwt_loaducodefromrom
                0x00000000000010f4       0x24 Output/nrf52832_xxaa/Obj/init_stop_swap/deca_device.o
                0x00000000000010f4                _dwt_loaducodefromrom
 .text.dwt_setrxaftertxdelay
                0x0000000000001118       0x36 Output/nrf52832_xxaa/Obj/init_stop_swap/deca_device.o
                0x0000000000001118                dwt_setrxaftertxdelay
 *fill*         0x000000000000114e        0x2 
 .text._dwt_enableclocks
                0x0000000000001150      0x158 Output/nrf52832_xxaa/Obj/init_stop_swap/deca_device.o
                0x0000000000001150                _dwt_enableclocks
 .text._dwt_disablesequencing
                0x00000000000012a8       0x16 Output/nrf52832_xxaa/Obj/init_stop_swap/deca_device.o
                0x00000000000012a8                _dwt_disablesequencing
 *fill*         0x00000000000012be        0x2 
 .text.dwt_starttx
                0x00000000000012c0       0xd4 Output/nrf52832_xxaa/Obj/init_stop_swap/deca_device.o
                0x00000000000012c0                dwt_starttx
 .text.dwt_setrxtimeout
                0x0000000000001394       0x90 Output/nrf52832_xxaa/Obj/init_stop_swap/deca_device.o
                0x0000000000001394                dwt_setrxtimeout
 .text.dwt_rxreset
                0x0000000000001424       0x1a Output/nrf52832_xxaa/Obj/init_stop_swap/deca_device.o
                0x0000000000001424                dwt_rxreset
 *fill*         0x000000000000143e        0x2 
 .text.dwt_softreset
                0x0000000000001440       0x48 Output/nrf52832_xxaa/Obj/init_stop_swap/deca_device.o
                0x0000000000001440                dwt_softreset
 .text.dwt_setxtaltrim
                0x0000000000001488       0x34 Output/nrf52832_xxaa/Obj/init_stop_swap/deca_device.o
                0x0000000000001488                dwt_setxtaltrim
 .text.nrf_gpio_pin_port_decode
                0x00000000000014bc        0xe Output/nrf52832_xxaa/Obj/init_stop_swap/port_platform.o
 .text.nrf_gpio_cfg
                0x00000000000014ca       0x62 Output/nrf52832_xxaa/Obj/init_stop_swap/port_platform.o
 .text.nrf_gpio_cfg_output
                0x000000000000152c       0x22 Output/nrf52832_xxaa/Obj/init_stop_swap/port_platform.o
 .text.nrf_gpio_cfg_input
                0x000000000000154e       0x2a Output/nrf52832_xxaa/Obj/init_stop_swap/port_platform.o
 .text.nrf_gpio_pin_clear
                0x0000000000001578       0x28 Output/nrf52832_xxaa/Obj/init_stop_swap/port_platform.o
 .text.nrf_gpio_port_out_clear
                0x00000000000015a0       0x14 Output/nrf52832_xxaa/Obj/init_stop_swap/port_platform.o
 .text.nrf_delay_us
                0x00000000000015b4       0xa0 Output/nrf52832_xxaa/Obj/init_stop_swap/port_platform.o
 .text.nrf_delay_ms
                0x0000000000001654       0x1e Output/nrf52832_xxaa/Obj/init_stop_swap/port_platform.o
 *fill*         0x0000000000001672        0x2 
 .text.spi_event_handler
                0x0000000000001674       0x18 Output/nrf52832_xxaa/Obj/init_stop_swap/port_platform.o
                0x0000000000001674                spi_event_handler
 .text.readfromspi
                0x000000000000168c      0x144 Output/nrf52832_xxaa/Obj/init_stop_swap/port_platform.o
                0x000000000000168c                readfromspi
 .text.writetospi
                0x00000000000017d0      0x130 Output/nrf52832_xxaa/Obj/init_stop_swap/port_platform.o
                0x00000000000017d0                writetospi
 .text.reset_DW1000
                0x0000000000001900       0x26 Output/nrf52832_xxaa/Obj/init_stop_swap/port_platform.o
                0x0000000000001900                reset_DW1000
 *fill*         0x0000000000001926        0x2 
 .text.port_set_dw1000_slowrate
                0x0000000000001928       0x48 Output/nrf52832_xxaa/Obj/init_stop_swap/port_platform.o
                0x0000000000001928                port_set_dw1000_slowrate
 .text.port_set_dw1000_fastrate
                0x0000000000001970       0x4c Output/nrf52832_xxaa/Obj/init_stop_swap/port_platform.o
                0x0000000000001970                port_set_dw1000_fastrate
 .text.deca_sleep
                0x00000000000019bc       0x14 Output/nrf52832_xxaa/Obj/init_stop_swap/port_platform.o
                0x00000000000019bc                deca_sleep
 .text.__NVIC_SystemReset
                0x00000000000019d0       0x28 Output/nrf52832_xxaa/Obj/init_stop_swap/system_nrf52.o
 .text.SystemCoreClockUpdate
                0x00000000000019f8       0x14 Output/nrf52832_xxaa/Obj/init_stop_swap/system_nrf52.o
                0x00000000000019f8                SystemCoreClockUpdate
 .text.SystemInit
                0x0000000000001a0c      0x2c0 Output/nrf52832_xxaa/Obj/init_stop_swap/system_nrf52.o
                0x0000000000001a0c                SystemInit
 .text.errata_12
                0x0000000000001ccc       0x58 Output/nrf52832_xxaa/Obj/init_stop_swap/system_nrf52.o
 .text.errata_16
                0x0000000000001d24       0x38 Output/nrf52832_xxaa/Obj/init_stop_swap/system_nrf52.o
 .text.errata_31
                0x0000000000001d5c       0x58 Output/nrf52832_xxaa/Obj/init_stop_swap/system_nrf52.o
 .text.errata_32
                0x0000000000001db4       0x38 Output/nrf52832_xxaa/Obj/init_stop_swap/system_nrf52.o
 .text.errata_36
                0x0000000000001dec       0x58 Output/nrf52832_xxaa/Obj/init_stop_swap/system_nrf52.o
 .text.errata_37
                0x0000000000001e44       0x38 Output/nrf52832_xxaa/Obj/init_stop_swap/system_nrf52.o
 .text.errata_57
                0x0000000000001e7c       0x38 Output/nrf52832_xxaa/Obj/init_stop_swap/system_nrf52.o
 .text.errata_66
                0x0000000000001eb4       0x38 Output/nrf52832_xxaa/Obj/init_stop_swap/system_nrf52.o
 .text.errata_108
                0x0000000000001eec       0x58 Output/nrf52832_xxaa/Obj/init_stop_swap/system_nrf52.o
 .text.errata_136
                0x0000000000001f44       0x58 Output/nrf52832_xxaa/Obj/init_stop_swap/system_nrf52.o
 .text.__aeabi_read_tp
                0x0000000000001f9c        0x8 Output/nrf52832_xxaa/Obj/init_stop_swap/thumb_crt0.o
                0x0000000000001f9c                __aeabi_read_tp
 .text.__printf_lock
                0x0000000000001fa4        0x2 Output/nrf52832_xxaa/Obj/init_stop_swap/thumb_crt0.o
                0x0000000000001fa4                __printf_lock
 .text.__printf_unlock
                0x0000000000001fa6        0x2 Output/nrf52832_xxaa/Obj/init_stop_swap/thumb_crt0.o
                0x0000000000001fa6                __printf_unlock
 .text.boUART_Init
                0x0000000000001fa8       0x48 Output/nrf52832_xxaa/Obj/init_stop_swap/UART.o
                0x0000000000001fa8                boUART_Init
 .text.boUART_getc
                0x0000000000001ff0       0x2a Output/nrf52832_xxaa/Obj/init_stop_swap/UART.o
                0x0000000000001ff0                boUART_getc
 .text.vUartErrorHandle
                0x000000000000201a       0x34 Output/nrf52832_xxaa/Obj/init_stop_swap/UART.o
 .text.vHandleUartInternalErrors
                0x000000000000204e        0xa Output/nrf52832_xxaa/Obj/init_stop_swap/UART.o
 .text.nrf_clock_int_disable
                0x0000000000002058       0x14 Output/nrf52832_xxaa/Obj/init_stop_swap/nrf_drv_clock.o
 .text.nrf_clock_event_clear
                0x000000000000206c       0x28 Output/nrf52832_xxaa/Obj/init_stop_swap/nrf_drv_clock.o
 .text.nrf_clock_event_check
                0x0000000000002094       0x22 Output/nrf52832_xxaa/Obj/init_stop_swap/nrf_drv_clock.o
 .text.item_dequeue
                0x00000000000020b6       0x20 Output/nrf52832_xxaa/Obj/init_stop_swap/nrf_drv_clock.o
 *fill*         0x00000000000020d6        0x2 
 .text.clock_clk_started_notify
                0x00000000000020d8       0x4c Output/nrf52832_xxaa/Obj/init_stop_swap/nrf_drv_clock.o
 .text.POWER_CLOCK_IRQHandler
                0x0000000000002124       0x5c Output/nrf52832_xxaa/Obj/init_stop_swap/nrf_drv_clock.o
                0x0000000000002124                POWER_CLOCK_IRQHandler
 .text.__NVIC_EnableIRQ
                0x0000000000002180       0x34 Output/nrf52832_xxaa/Obj/init_stop_swap/nrf_drv_common.o
 .text.__NVIC_ClearPendingIRQ
                0x00000000000021b4       0x38 Output/nrf52832_xxaa/Obj/init_stop_swap/nrf_drv_common.o
 .text.__NVIC_SetPriority
                0x00000000000021ec       0x50 Output/nrf52832_xxaa/Obj/init_stop_swap/nrf_drv_common.o
 .text.nrf_drv_common_irq_enable
                0x000000000000223c       0x3e Output/nrf52832_xxaa/Obj/init_stop_swap/nrf_drv_common.o
                0x000000000000223c                nrf_drv_common_irq_enable
 .text.nrf_gpiote_event_is_set
                0x000000000000227a       0x2a Output/nrf52832_xxaa/Obj/init_stop_swap/nrf_drv_gpiote.o
 .text.nrf_gpiote_event_clear
                0x00000000000022a4       0x36 Output/nrf52832_xxaa/Obj/init_stop_swap/nrf_drv_gpiote.o
 .text.nrf_gpiote_event_addr_get
                0x00000000000022da       0x1a Output/nrf52832_xxaa/Obj/init_stop_swap/nrf_drv_gpiote.o
 .text.nrf_gpiote_int_is_enabled
                0x00000000000022f4       0x18 Output/nrf52832_xxaa/Obj/init_stop_swap/nrf_drv_gpiote.o
 .text.nrf_gpiote_event_pin_get
                0x000000000000230c       0x20 Output/nrf52832_xxaa/Obj/init_stop_swap/nrf_drv_gpiote.o
 .text.nrf_gpiote_event_polarity_get
                0x000000000000232c       0x24 Output/nrf52832_xxaa/Obj/init_stop_swap/nrf_drv_gpiote.o
 .text.nrf_gpio_pin_port_decode
                0x0000000000002350        0xe Output/nrf52832_xxaa/Obj/init_stop_swap/nrf_drv_gpiote.o
 .text.nrf_gpio_cfg_sense_set
                0x000000000000235e       0x5c Output/nrf52832_xxaa/Obj/init_stop_swap/nrf_drv_gpiote.o
 .text.nrf_gpio_pin_sense_get
                0x00000000000023ba       0x2c Output/nrf52832_xxaa/Obj/init_stop_swap/nrf_drv_gpiote.o
 .text.nrf_gpio_port_in_read
                0x00000000000023e6       0x10 Output/nrf52832_xxaa/Obj/init_stop_swap/nrf_drv_gpiote.o
 .text.nrf_gpio_ports_read
                0x00000000000023f6       0x50 Output/nrf52832_xxaa/Obj/init_stop_swap/nrf_drv_gpiote.o
 .text.nrf_bitmask_bit_is_set
                0x0000000000002446       0x30 Output/nrf52832_xxaa/Obj/init_stop_swap/nrf_drv_gpiote.o
 .text.nrf_bitmask_bit_set
                0x0000000000002476       0x40 Output/nrf52832_xxaa/Obj/init_stop_swap/nrf_drv_gpiote.o
 *fill*         0x00000000000024b6        0x2 
 .text.channel_port_get
                0x00000000000024b8       0x1c Output/nrf52832_xxaa/Obj/init_stop_swap/nrf_drv_gpiote.o
 .text.channel_handler_get
                0x00000000000024d4       0x18 Output/nrf52832_xxaa/Obj/init_stop_swap/nrf_drv_gpiote.o
 .text.GPIOTE_IRQHandler
                0x00000000000024ec      0x2e0 Output/nrf52832_xxaa/Obj/init_stop_swap/nrf_drv_gpiote.o
                0x00000000000024ec                GPIOTE_IRQHandler
 .text.__NVIC_DisableIRQ
                0x00000000000027cc       0x44 Output/nrf52832_xxaa/Obj/init_stop_swap/nrf_drv_spi.o
 .text.nrf_spi_event_clear
                0x0000000000002810       0x2a Output/nrf52832_xxaa/Obj/init_stop_swap/nrf_drv_spi.o
 .text.nrf_spi_event_check
                0x000000000000283a       0x24 Output/nrf52832_xxaa/Obj/init_stop_swap/nrf_drv_spi.o
 .text.nrf_spi_int_enable
                0x000000000000285e       0x14 Output/nrf52832_xxaa/Obj/init_stop_swap/nrf_drv_spi.o
 .text.nrf_spi_int_disable
                0x0000000000002872       0x14 Output/nrf52832_xxaa/Obj/init_stop_swap/nrf_drv_spi.o
 .text.nrf_spi_enable
                0x0000000000002886       0x12 Output/nrf52832_xxaa/Obj/init_stop_swap/nrf_drv_spi.o
 .text.nrf_spi_disable
                0x0000000000002898       0x12 Output/nrf52832_xxaa/Obj/init_stop_swap/nrf_drv_spi.o
 .text.nrf_spi_pins_set
                0x00000000000028aa       0x28 Output/nrf52832_xxaa/Obj/init_stop_swap/nrf_drv_spi.o
 .text.nrf_spi_txd_set
                0x00000000000028d2       0x1a Output/nrf52832_xxaa/Obj/init_stop_swap/nrf_drv_spi.o
 .text.nrf_spi_rxd_get
                0x00000000000028ec       0x12 Output/nrf52832_xxaa/Obj/init_stop_swap/nrf_drv_spi.o
 .text.nrf_spi_frequency_set
                0x00000000000028fe       0x14 Output/nrf52832_xxaa/Obj/init_stop_swap/nrf_drv_spi.o
 .text.nrf_spi_configure
                0x0000000000002912       0x64 Output/nrf52832_xxaa/Obj/init_stop_swap/nrf_drv_spi.o
 .text.nrf_drv_common_irq_disable
                0x0000000000002976       0x1c Output/nrf52832_xxaa/Obj/init_stop_swap/nrf_drv_spi.o
 .text.nrf_gpio_pin_port_decode
                0x0000000000002992        0xe Output/nrf52832_xxaa/Obj/init_stop_swap/nrf_drv_spi.o
 .text.nrf_gpio_cfg
                0x00000000000029a0       0x62 Output/nrf52832_xxaa/Obj/init_stop_swap/nrf_drv_spi.o
 .text.nrf_gpio_cfg_output
                0x0000000000002a02       0x22 Output/nrf52832_xxaa/Obj/init_stop_swap/nrf_drv_spi.o
 .text.nrf_gpio_cfg_input
                0x0000000000002a24       0x2a Output/nrf52832_xxaa/Obj/init_stop_swap/nrf_drv_spi.o
 .text.nrf_gpio_pin_set
                0x0000000000002a4e       0x28 Output/nrf52832_xxaa/Obj/init_stop_swap/nrf_drv_spi.o
 .text.nrf_gpio_pin_clear
                0x0000000000002a76       0x28 Output/nrf52832_xxaa/Obj/init_stop_swap/nrf_drv_spi.o
 .text.nrf_gpio_port_out_set
                0x0000000000002a9e       0x14 Output/nrf52832_xxaa/Obj/init_stop_swap/nrf_drv_spi.o
 .text.nrf_gpio_port_out_clear
                0x0000000000002ab2       0x14 Output/nrf52832_xxaa/Obj/init_stop_swap/nrf_drv_spi.o
 *fill*         0x0000000000002ac6        0x2 
 .text.nrf_drv_spi_init
                0x0000000000002ac8      0x188 Output/nrf52832_xxaa/Obj/init_stop_swap/nrf_drv_spi.o
                0x0000000000002ac8                nrf_drv_spi_init
 .text.nrf_drv_spi_uninit
                0x0000000000002c50       0x60 Output/nrf52832_xxaa/Obj/init_stop_swap/nrf_drv_spi.o
                0x0000000000002c50                nrf_drv_spi_uninit
 .text.nrf_drv_spi_transfer
                0x0000000000002cb0       0x3e Output/nrf52832_xxaa/Obj/init_stop_swap/nrf_drv_spi.o
                0x0000000000002cb0                nrf_drv_spi_transfer
 .text.finish_transfer
                0x0000000000002cee       0x3e Output/nrf52832_xxaa/Obj/init_stop_swap/nrf_drv_spi.o
 .text.transfer_byte
                0x0000000000002d2c      0x108 Output/nrf52832_xxaa/Obj/init_stop_swap/nrf_drv_spi.o
 .text.spi_xfer
                0x0000000000002e34       0xca Output/nrf52832_xxaa/Obj/init_stop_swap/nrf_drv_spi.o
 *fill*         0x0000000000002efe        0x2 
 .text.nrf_drv_spi_xfer
                0x0000000000002f00       0xc4 Output/nrf52832_xxaa/Obj/init_stop_swap/nrf_drv_spi.o
                0x0000000000002f00                nrf_drv_spi_xfer
 .text.irq_handler_spi
                0x0000000000002fc4       0x34 Output/nrf52832_xxaa/Obj/init_stop_swap/nrf_drv_spi.o
 .text.SPIM1_SPIS1_TWIM1_TWIS1_SPI1_TWI1_IRQHandler
                0x0000000000002ff8       0x20 Output/nrf52832_xxaa/Obj/init_stop_swap/nrf_drv_spi.o
                0x0000000000002ff8                SPIM1_SPIS1_TWIM1_TWIS1_SPI1_TWI1_IRQHandler
 .text.nrf_uart_event_clear
                0x0000000000003018       0x2a Output/nrf52832_xxaa/Obj/init_stop_swap/nrf_drv_uart.o
 .text.nrf_uart_event_check
                0x0000000000003042       0x24 Output/nrf52832_xxaa/Obj/init_stop_swap/nrf_drv_uart.o
 .text.nrf_uart_int_enable
                0x0000000000003066       0x14 Output/nrf52832_xxaa/Obj/init_stop_swap/nrf_drv_uart.o
 .text.nrf_uart_int_enable_check
                0x000000000000307a       0x20 Output/nrf52832_xxaa/Obj/init_stop_swap/nrf_drv_uart.o
 .text.nrf_uart_int_disable
                0x000000000000309a       0x14 Output/nrf52832_xxaa/Obj/init_stop_swap/nrf_drv_uart.o
 .text.nrf_uart_errorsrc_get_and_clear
                0x00000000000030ae       0x1c Output/nrf52832_xxaa/Obj/init_stop_swap/nrf_drv_uart.o
 .text.nrf_uart_enable
                0x00000000000030ca       0x12 Output/nrf52832_xxaa/Obj/init_stop_swap/nrf_drv_uart.o
 .text.nrf_uart_txrx_pins_set
                0x00000000000030dc       0x1e Output/nrf52832_xxaa/Obj/init_stop_swap/nrf_drv_uart.o
 .text.nrf_uart_hwfc_pins_set
                0x00000000000030fa       0x1e Output/nrf52832_xxaa/Obj/init_stop_swap/nrf_drv_uart.o
 .text.nrf_uart_rxd_get
                0x0000000000003118       0x12 Output/nrf52832_xxaa/Obj/init_stop_swap/nrf_drv_uart.o
 .text.nrf_uart_txd_set
                0x000000000000312a       0x1a Output/nrf52832_xxaa/Obj/init_stop_swap/nrf_drv_uart.o
 .text.nrf_uart_task_trigger
                0x0000000000003144       0x1c Output/nrf52832_xxaa/Obj/init_stop_swap/nrf_drv_uart.o
 .text.nrf_uart_configure
                0x0000000000003160       0x2a Output/nrf52832_xxaa/Obj/init_stop_swap/nrf_drv_uart.o
 .text.nrf_uart_baudrate_set
                0x000000000000318a       0x14 Output/nrf52832_xxaa/Obj/init_stop_swap/nrf_drv_uart.o
 .text.nrf_uarte_event_clear
                0x000000000000319e       0x2a Output/nrf52832_xxaa/Obj/init_stop_swap/nrf_drv_uart.o
 .text.nrf_uarte_event_check
                0x00000000000031c8       0x24 Output/nrf52832_xxaa/Obj/init_stop_swap/nrf_drv_uart.o
 .text.nrf_uarte_shorts_enable
                0x00000000000031ec       0x1c Output/nrf52832_xxaa/Obj/init_stop_swap/nrf_drv_uart.o
 .text.nrf_uarte_shorts_disable
                0x0000000000003208       0x1e Output/nrf52832_xxaa/Obj/init_stop_swap/nrf_drv_uart.o
 .text.nrf_uarte_int_enable
                0x0000000000003226       0x14 Output/nrf52832_xxaa/Obj/init_stop_swap/nrf_drv_uart.o
 .text.nrf_uarte_int_disable
                0x000000000000323a       0x14 Output/nrf52832_xxaa/Obj/init_stop_swap/nrf_drv_uart.o
 .text.nrf_uarte_errorsrc_get_and_clear
                0x000000000000324e       0x1c Output/nrf52832_xxaa/Obj/init_stop_swap/nrf_drv_uart.o
 .text.nrf_uarte_enable
                0x000000000000326a       0x12 Output/nrf52832_xxaa/Obj/init_stop_swap/nrf_drv_uart.o
 .text.nrf_uarte_txrx_pins_set
                0x000000000000327c       0x1e Output/nrf52832_xxaa/Obj/init_stop_swap/nrf_drv_uart.o
 .text.nrf_uarte_hwfc_pins_set
                0x000000000000329a       0x1e Output/nrf52832_xxaa/Obj/init_stop_swap/nrf_drv_uart.o
 .text.nrf_uarte_task_trigger
                0x00000000000032b8       0x1c Output/nrf52832_xxaa/Obj/init_stop_swap/nrf_drv_uart.o
 .text.nrf_uarte_configure
                0x00000000000032d4       0x2a Output/nrf52832_xxaa/Obj/init_stop_swap/nrf_drv_uart.o
 .text.nrf_uarte_baudrate_set
                0x00000000000032fe       0x14 Output/nrf52832_xxaa/Obj/init_stop_swap/nrf_drv_uart.o
 .text.nrf_uarte_tx_buffer_set
                0x0000000000003312       0x24 Output/nrf52832_xxaa/Obj/init_stop_swap/nrf_drv_uart.o
 .text.nrf_uarte_tx_amount_get
                0x0000000000003336       0x10 Output/nrf52832_xxaa/Obj/init_stop_swap/nrf_drv_uart.o
 .text.nrf_uarte_rx_buffer_set
                0x0000000000003346       0x24 Output/nrf52832_xxaa/Obj/init_stop_swap/nrf_drv_uart.o
 .text.nrf_uarte_rx_amount_get
                0x000000000000336a       0x10 Output/nrf52832_xxaa/Obj/init_stop_swap/nrf_drv_uart.o
 .text.nrf_drv_get_IRQn
                0x000000000000337a       0x16 Output/nrf52832_xxaa/Obj/init_stop_swap/nrf_drv_uart.o
 .text.nrf_drv_is_in_RAM
                0x0000000000003390       0x1c Output/nrf52832_xxaa/Obj/init_stop_swap/nrf_drv_uart.o
 .text.nrf_gpio_pin_port_decode
                0x00000000000033ac        0xe Output/nrf52832_xxaa/Obj/init_stop_swap/nrf_drv_uart.o
 .text.nrf_gpio_cfg
                0x00000000000033ba       0x62 Output/nrf52832_xxaa/Obj/init_stop_swap/nrf_drv_uart.o
 .text.nrf_gpio_cfg_output
                0x000000000000341c       0x22 Output/nrf52832_xxaa/Obj/init_stop_swap/nrf_drv_uart.o
 .text.nrf_gpio_cfg_input
                0x000000000000343e       0x2a Output/nrf52832_xxaa/Obj/init_stop_swap/nrf_drv_uart.o
 .text.nrf_gpio_pin_set
                0x0000000000003468       0x28 Output/nrf52832_xxaa/Obj/init_stop_swap/nrf_drv_uart.o
 .text.nrf_gpio_port_out_set
                0x0000000000003490       0x14 Output/nrf52832_xxaa/Obj/init_stop_swap/nrf_drv_uart.o
 .text.apply_config
                0x00000000000034a4      0x160 Output/nrf52832_xxaa/Obj/init_stop_swap/nrf_drv_uart.o
 .text.interrupts_enable
                0x0000000000003604       0xd4 Output/nrf52832_xxaa/Obj/init_stop_swap/nrf_drv_uart.o
 .text.uart_enable
                0x00000000000036d8       0x3c Output/nrf52832_xxaa/Obj/init_stop_swap/nrf_drv_uart.o
 .text.nrf_drv_uart_init
                0x0000000000003714       0x90 Output/nrf52832_xxaa/Obj/init_stop_swap/nrf_drv_uart.o
                0x0000000000003714                nrf_drv_uart_init
 .text.tx_byte  0x00000000000037a4       0x46 Output/nrf52832_xxaa/Obj/init_stop_swap/nrf_drv_uart.o
 *fill*         0x00000000000037ea        0x2 
 .text.nrf_drv_uart_tx_for_uart
                0x00000000000037ec       0xe4 Output/nrf52832_xxaa/Obj/init_stop_swap/nrf_drv_uart.o
 .text.nrf_drv_uart_tx_for_uarte
                0x00000000000038d0       0xbc Output/nrf52832_xxaa/Obj/init_stop_swap/nrf_drv_uart.o
 .text.nrf_drv_uart_tx
                0x000000000000398c       0xa0 Output/nrf52832_xxaa/Obj/init_stop_swap/nrf_drv_uart.o
                0x000000000000398c                nrf_drv_uart_tx
 .text.nrf_drv_uart_tx_in_progress
                0x0000000000003a2c       0x28 Output/nrf52832_xxaa/Obj/init_stop_swap/nrf_drv_uart.o
                0x0000000000003a2c                nrf_drv_uart_tx_in_progress
 .text.rx_enable
                0x0000000000003a54       0x36 Output/nrf52832_xxaa/Obj/init_stop_swap/nrf_drv_uart.o
 .text.rx_byte  0x0000000000003a8a       0x54 Output/nrf52832_xxaa/Obj/init_stop_swap/nrf_drv_uart.o
 *fill*         0x0000000000003ade        0x2 
 .text.nrf_drv_uart_rx_for_uart
                0x0000000000003ae0      0x158 Output/nrf52832_xxaa/Obj/init_stop_swap/nrf_drv_uart.o
 .text.nrf_drv_uart_rx_for_uarte
                0x0000000000003c38      0x130 Output/nrf52832_xxaa/Obj/init_stop_swap/nrf_drv_uart.o
 .text.nrf_drv_uart_rx
                0x0000000000003d68      0x158 Output/nrf52832_xxaa/Obj/init_stop_swap/nrf_drv_uart.o
                0x0000000000003d68                nrf_drv_uart_rx
 .text.nrf_drv_uart_rx_enable
                0x0000000000003ec0       0x54 Output/nrf52832_xxaa/Obj/init_stop_swap/nrf_drv_uart.o
                0x0000000000003ec0                nrf_drv_uart_rx_enable
 .text.rx_done_event
                0x0000000000003f14       0x36 Output/nrf52832_xxaa/Obj/init_stop_swap/nrf_drv_uart.o
 .text.tx_done_event
                0x0000000000003f4a       0x3c Output/nrf52832_xxaa/Obj/init_stop_swap/nrf_drv_uart.o
 .text.uart_irq_handler
                0x0000000000003f86      0x1d4 Output/nrf52832_xxaa/Obj/init_stop_swap/nrf_drv_uart.o
 .text.uarte_irq_handler
                0x000000000000415a      0x160 Output/nrf52832_xxaa/Obj/init_stop_swap/nrf_drv_uart.o
 *fill*         0x00000000000042ba        0x2 
 .text.UARTE0_UART0_IRQHandler
                0x00000000000042bc       0x28 Output/nrf52832_xxaa/Obj/init_stop_swap/nrf_drv_uart.o
                0x00000000000042bc                UARTE0_UART0_IRQHandler
 .text.app_error_handler_bare
                0x00000000000042e4       0x2a Output/nrf52832_xxaa/Obj/init_stop_swap/app_error.o
                0x00000000000042e4                app_error_handler_bare
 *fill*         0x000000000000430e        0x2 
 .text.__NVIC_SystemReset
                0x0000000000004310       0x28 Output/nrf52832_xxaa/Obj/init_stop_swap/app_error_weak.o
 .text.app_error_fault_handler
                0x0000000000004338       0x20 Output/nrf52832_xxaa/Obj/init_stop_swap/app_error_weak.o
                0x0000000000004338                app_error_fault_handler
 .text.fifo_length
                0x0000000000004358       0x18 Output/nrf52832_xxaa/Obj/init_stop_swap/app_fifo.o
 .text.fifo_put
                0x0000000000004370       0x30 Output/nrf52832_xxaa/Obj/init_stop_swap/app_fifo.o
 .text.fifo_peek
                0x00000000000043a0       0x2e Output/nrf52832_xxaa/Obj/init_stop_swap/app_fifo.o
 .text.fifo_get
                0x00000000000043ce       0x24 Output/nrf52832_xxaa/Obj/init_stop_swap/app_fifo.o
 .text.app_fifo_init
                0x00000000000043f2       0x58 Output/nrf52832_xxaa/Obj/init_stop_swap/app_fifo.o
                0x00000000000043f2                app_fifo_init
 .text.app_fifo_put
                0x000000000000444a       0x36 Output/nrf52832_xxaa/Obj/init_stop_swap/app_fifo.o
                0x000000000000444a                app_fifo_put
 .text.app_fifo_get
                0x0000000000004480       0x2a Output/nrf52832_xxaa/Obj/init_stop_swap/app_fifo.o
                0x0000000000004480                app_fifo_get
 .text.fifo_length
                0x00000000000044aa       0x18 Output/nrf52832_xxaa/Obj/init_stop_swap/app_uart_fifo.o
 *fill*         0x00000000000044c2        0x2 
 .text.uart_event_handler
                0x00000000000044c4       0xfc Output/nrf52832_xxaa/Obj/init_stop_swap/app_uart_fifo.o
 .text.app_uart_init
                0x00000000000045c0      0x128 Output/nrf52832_xxaa/Obj/init_stop_swap/app_uart_fifo.o
                0x00000000000045c0                app_uart_init
 .text.app_uart_get
                0x00000000000046e8       0x5c Output/nrf52832_xxaa/Obj/init_stop_swap/app_uart_fifo.o
                0x00000000000046e8                app_uart_get
 .text.app_uart_put
                0x0000000000004744       0x60 Output/nrf52832_xxaa/Obj/init_stop_swap/app_uart_fifo.o
                0x0000000000004744                app_uart_put
 .text.__putchar
                0x00000000000047a4       0x1c Output/nrf52832_xxaa/Obj/init_stop_swap/retarget.o
                0x00000000000047a4                __putchar
 .text.__aeabi_dmul
                0x00000000000047c0      0x138 /Applications/SEGGER Embedded Studio for ARM 5.64/lib/libm_v7em_fpv4_sp_d16_hard_t_le_eabi.a(libm_asm.o)
                0x00000000000047c0                __aeabi_dmul
 .text.__aeabi_i2d
                0x00000000000048f8       0x28 /Applications/SEGGER Embedded Studio for ARM 5.64/lib/libm_v7em_fpv4_sp_d16_hard_t_le_eabi.a(libm_asm.o)
                0x00000000000048f8                __aeabi_i2d
 .text.__aeabi_f2d
                0x0000000000004920       0x34 /Applications/SEGGER Embedded Studio for ARM 5.64/lib/libm_v7em_fpv4_sp_d16_hard_t_le_eabi.a(libm_asm.o)
                0x0000000000004920                __aeabi_f2d
 .text.__aeabi_d2f
                0x0000000000004954       0x54 /Applications/SEGGER Embedded Studio for ARM 5.64/lib/libm_v7em_fpv4_sp_d16_hard_t_le_eabi.a(libm_asm.o)
                0x0000000000004954                __aeabi_d2f
 .text.__float32_isinf
                0x00000000000049a8       0x14 /Applications/SEGGER Embedded Studio for ARM 5.64/lib/libm_v7em_fpv4_sp_d16_hard_t_le_eabi.a(libm_asm.o)
                0x00000000000049a8                __float32_isinf
 .text.__float32_isnan
                0x00000000000049bc       0x14 /Applications/SEGGER Embedded Studio for ARM 5.64/lib/libm_v7em_fpv4_sp_d16_hard_t_le_eabi.a(libm_asm.o)
                0x00000000000049bc                __float32_isnan
 .text.__float32_signbit
                0x00000000000049d0        0xc /Applications/SEGGER Embedded Studio for ARM 5.64/lib/libm_v7em_fpv4_sp_d16_hard_t_le_eabi.a(libm_asm.o)
                0x00000000000049d0                __float32_signbit
 .text.fabsf    0x00000000000049dc        0x8 /Applications/SEGGER Embedded Studio for ARM 5.64/lib/libm_v7em_fpv4_sp_d16_hard_t_le_eabi.a(libm_asm.o)
                0x00000000000049dc                fabs(float)
                0x00000000000049dc                fabsf
 .text.floorf   0x00000000000049e4       0x70 /Applications/SEGGER Embedded Studio for ARM 5.64/lib/libm_v7em_fpv4_sp_d16_hard_t_le_eabi.a(libm_asm.o)
                0x00000000000049e4                floor(float)
                0x00000000000049e4                floorf
 .text.frexpf   0x0000000000004a54       0x3c /Applications/SEGGER Embedded Studio for ARM 5.64/lib/libm_v7em_fpv4_sp_d16_hard_t_le_eabi.a(libm_asm.o)
                0x0000000000004a54                frexp(float, int*)
                0x0000000000004a54                frexpf
 .text.ldexpf   0x0000000000004a90       0x48 /Applications/SEGGER Embedded Studio for ARM 5.64/lib/libm_v7em_fpv4_sp_d16_hard_t_le_eabi.a(libm_asm.o)
                0x0000000000004a90                ldexpf
                0x0000000000004a90                ldexp(float, int)
 .text.libc.__RAL_pow10f
                0x0000000000004ad8       0x40 /Applications/SEGGER Embedded Studio for ARM 5.64/lib/libc_v7em_fpv4_sp_d16_hard_t_le_eabi.a(libc2.o)
                0x0000000000004ad8                __RAL_pow10f
 .text.libc.__putc
                0x0000000000004b18       0x34 /Applications/SEGGER Embedded Studio for ARM 5.64/lib/libc_v7em_fpv4_sp_d16_hard_t_le_eabi.a(libc2.o)
                0x0000000000004b18                __putc
 .text.libc.__RAL_print_padding
                0x0000000000004b4c       0x54 /Applications/SEGGER Embedded Studio for ARM 5.64/lib/libc_v7em_fpv4_sp_d16_hard_t_le_eabi.a(libc2.o)
                0x0000000000004b4c                __RAL_print_padding
 .text.libc.__RAL_pre_padding
                0x0000000000004ba0       0x64 /Applications/SEGGER Embedded Studio for ARM 5.64/lib/libc_v7em_fpv4_sp_d16_hard_t_le_eabi.a(libc2.o)
                0x0000000000004ba0                __RAL_pre_padding
 .text.libc.abs
                0x0000000000004c04        0x8 /Applications/SEGGER Embedded Studio for ARM 5.64/lib/libc_v7em_fpv4_sp_d16_hard_t_le_eabi.a(libc2.o)
                0x0000000000004c04                abs
 .text.libc.__aeabi_errno_addr
                0x0000000000004c0c       0x14 /Applications/SEGGER Embedded Studio for ARM 5.64/lib/libc_v7em_fpv4_sp_d16_hard_t_le_eabi.a(libc2.o)
                0x0000000000004c0c                __aeabi_errno_addr
 .text.libc.memcmp
                0x0000000000004c20       0x74 /Applications/SEGGER Embedded Studio for ARM 5.64/lib/libc_v7em_fpv4_sp_d16_hard_t_le_eabi.a(libc2.o)
                0x0000000000004c20                memcmp
 .text.libc.printf
                0x0000000000004c94       0x44 /Applications/SEGGER Embedded Studio for ARM 5.64/lib/libc_v7em_fpv4_sp_d16_hard_t_le_eabi.a(libc2.o)
                0x0000000000004c94                printf
 .text.libc.puts
                0x0000000000004cd8       0x34 /Applications/SEGGER Embedded Studio for ARM 5.64/lib/libc_v7em_fpv4_sp_d16_hard_t_le_eabi.a(libc2.o)
                0x0000000000004cd8                puts
 .text.libc.strnlen
                0x0000000000004d0c       0x28 /Applications/SEGGER Embedded Studio for ARM 5.64/lib/libc_v7em_fpv4_sp_d16_hard_t_le_eabi.a(libc2.o)
                0x0000000000004d0c                strnlen
 .text.libc.memcpy
                0x0000000000004d34       0x52 /Applications/SEGGER Embedded Studio for ARM 5.64/lib/libc_v7em_fpv4_sp_d16_hard_t_le_eabi.a(libc2_asm.o)
                0x0000000000004d34                memcpy
                0x0000000000004d34                __aeabi_memcpy
                0x0000000000004d40                __aeabi_memcpy4
                0x0000000000004d40                __aeabi_memcpy8
 .text.libc.memset
                0x0000000000004d86       0x66 /Applications/SEGGER Embedded Studio for ARM 5.64/lib/libc_v7em_fpv4_sp_d16_hard_t_le_eabi.a(libc2_asm.o)
                0x0000000000004d86                memset
 .text.libc.strcpy
                0x0000000000004dec       0x44 /Applications/SEGGER Embedded Studio for ARM 5.64/lib/libc_v7em_fpv4_sp_d16_hard_t_le_eabi.a(libc2_asm.o)
                0x0000000000004dec                strcpy
 .text.libc.strcmp
                0x0000000000004e30       0x4e /Applications/SEGGER Embedded Studio for ARM 5.64/lib/libc_v7em_fpv4_sp_d16_hard_t_le_eabi.a(libc2_asm.o)
                0x0000000000004e30                strcmp
 .text.libc.strlen
                0x0000000000004e7e       0x60 /Applications/SEGGER Embedded Studio for ARM 5.64/lib/libc_v7em_fpv4_sp_d16_hard_t_le_eabi.a(libc2_asm.o)
                0x0000000000004e7e                strlen
 *fill*         0x0000000000004ede        0x2 
 .text.libc.__vfprintf_short_float_long
                0x0000000000004ee0      0xe68 /Applications/SEGGER Embedded Studio for ARM 5.64/lib/libc_v7em_fpv4_sp_d16_hard_t_le_eabi.a(libvfprintf.o)
                0x0000000000004ee0                __vfprintf_short_float_long
 .text.libc.modff
                0x0000000000005d48       0x5c /Applications/SEGGER Embedded Studio for ARM 5.64/lib/libm_v7em_fpv4_sp_d16_hard_t_le_eabi.a(libm2.o)
                0x0000000000005d48                modff
                0x0000000000005d48                modf(float, float*)
 .text.libc.fmodf
                0x0000000000005da4       0xfc /Applications/SEGGER Embedded Studio for ARM 5.64/lib/libm_v7em_fpv4_sp_d16_hard_t_le_eabi.a(libm2.o)
                0x0000000000005da4                fmodf
                0x0000000000005da4                fmod(float, float)
                0x0000000000005ea0                __text_end__ = (__text_start__ + SIZEOF (.text))
                0x0000000000005bf0                __text_size__ = SIZEOF (.text)
                0x0000000000005ea0                __text_load_end__ = __text_end__

.vfp11_veneer   0x0000000100000000        0x0
 .vfp11_veneer  0x0000000100000000        0x0 linker stubs

.v4_bx          0x0000000100000000        0x0
 .v4_bx         0x0000000100000000        0x0 linker stubs

.iplt           0x0000000100000000        0x0
 .iplt          0x0000000100000000        0x0 Output/nrf52832_xxaa/Obj/init_stop_swap/init_main.o
                0x0000000000000001                . = ASSERT (((__text_start__ == __text_end__) || ((__text_end__ - __FLASH_segment_start__) <= __FLASH_segment_size__)), error: .text is too large to fit in FLASH memory segment)
                0x0000000000005ea0                __dtors_load_start__ = ALIGN (__text_end__, 0x4)

.dtors          0x0000000000005ea0        0x0
                0x0000000000005ea0                __dtors_start__ = .
 *(SORT_BY_NAME(.dtors.*))
 *(.dtors)
 *(.fini_array)
 *(SORT_BY_NAME(.fini_array.*))
                0x0000000000005ea0                __dtors_end__ = (__dtors_start__ + SIZEOF (.dtors))
                0x0000000000000000                __dtors_size__ = SIZEOF (.dtors)
                0x0000000000005ea0                __dtors_load_end__ = __dtors_end__
                0x0000000000000001                . = ASSERT (((__dtors_start__ == __dtors_end__) || ((__dtors_end__ - __FLASH_segment_start__) <= __FLASH_segment_size__)), error: .dtors is too large to fit in FLASH memory segment)
                0x0000000000005ea0                __ctors_load_start__ = ALIGN (__dtors_end__, 0x4)

.ctors          0x0000000000005ea0        0x0
                0x0000000000005ea0                __ctors_start__ = .
 *(SORT_BY_NAME(.ctors.*))
 *(.ctors)
 *(.init_array)
 *(SORT_BY_NAME(.init_array.*))
                0x0000000000005ea0                __ctors_end__ = (__ctors_start__ + SIZEOF (.ctors))
                0x0000000000000000                __ctors_size__ = SIZEOF (.ctors)
                0x0000000000005ea0                __ctors_load_end__ = __ctors_end__
                0x0000000000000001                . = ASSERT (((__ctors_start__ == __ctors_end__) || ((__ctors_end__ - __FLASH_segment_start__) <= __FLASH_segment_size__)), error: .ctors is too large to fit in FLASH memory segment)
                0x0000000000005ea0                __rodata_load_start__ = ALIGN (__ctors_end__, 0x4)

.rodata         0x0000000000005ea0      0x2b8
                0x0000000000005ea0                __rodata_start__ = .
 *(.rodata .rodata.* .gnu.linkonce.r.*)
 .rodata        0x0000000000005ea0       0x15 Output/nrf52832_xxaa/Obj/init_stop_swap/init_main.o
 *fill*         0x0000000000005eb5        0x3 
 .rodata        0x0000000000005eb8       0x80 Output/nrf52832_xxaa/Obj/init_stop_swap/main.o
 .rodata.chan_idx
                0x0000000000005f38        0x8 Output/nrf52832_xxaa/Obj/init_stop_swap/deca_params_init.o
                0x0000000000005f38                chan_idx
 .rodata.tx_config
                0x0000000000005f40       0x18 Output/nrf52832_xxaa/Obj/init_stop_swap/deca_params_init.o
                0x0000000000005f40                tx_config
 .rodata.fs_pll_cfg
                0x0000000000005f58       0x18 Output/nrf52832_xxaa/Obj/init_stop_swap/deca_params_init.o
                0x0000000000005f58                fs_pll_cfg
 .rodata.fs_pll_tune
                0x0000000000005f70        0x6 Output/nrf52832_xxaa/Obj/init_stop_swap/deca_params_init.o
                0x0000000000005f70                fs_pll_tune
 *fill*         0x0000000000005f76        0x2 
 .rodata.rx_config
                0x0000000000005f78        0x2 Output/nrf52832_xxaa/Obj/init_stop_swap/deca_params_init.o
                0x0000000000005f78                rx_config
 *fill*         0x0000000000005f7a        0x2 
 .rodata.agc_config
                0x0000000000005f7c        0x8 Output/nrf52832_xxaa/Obj/init_stop_swap/deca_params_init.o
                0x0000000000005f7c                agc_config
 .rodata.dwnsSFDlen
                0x0000000000005f84        0x3 Output/nrf52832_xxaa/Obj/init_stop_swap/deca_params_init.o
                0x0000000000005f84                dwnsSFDlen
 *fill*         0x0000000000005f87        0x1 
 .rodata.sftsh  0x0000000000005f88        0xc Output/nrf52832_xxaa/Obj/init_stop_swap/deca_params_init.o
                0x0000000000005f88                sftsh
 .rodata.dtune1
                0x0000000000005f94        0x4 Output/nrf52832_xxaa/Obj/init_stop_swap/deca_params_init.o
                0x0000000000005f94                dtune1
 .rodata.digital_bb_config
                0x0000000000005f98       0x20 Output/nrf52832_xxaa/Obj/init_stop_swap/deca_params_init.o
                0x0000000000005f98                digital_bb_config
 .rodata.lde_replicaCoeff
                0x0000000000005fb8       0x32 Output/nrf52832_xxaa/Obj/init_stop_swap/deca_params_init.o
                0x0000000000005fb8                lde_replicaCoeff
 *fill*         0x0000000000005fea        0x2 
 .rodata.spi    0x0000000000005fec        0x8 Output/nrf52832_xxaa/Obj/init_stop_swap/port_platform.o
 .rodata        0x0000000000005ff4       0x20 Output/nrf52832_xxaa/Obj/init_stop_swap/port_platform.o
 .rodata.comm_params
                0x0000000000006014       0x18 Output/nrf52832_xxaa/Obj/init_stop_swap/UART.o
                0x0000000000006014                comm_params
 .rodata        0x000000000000602c       0x20 Output/nrf52832_xxaa/Obj/init_stop_swap/app_uart_fifo.o
 .rodata.libc.__RAL_hex_lc
                0x000000000000604c       0x10 /Applications/SEGGER Embedded Studio for ARM 5.64/lib/libc_v7em_fpv4_sp_d16_hard_t_le_eabi.a(libc2.o)
                0x000000000000604c                __RAL_hex_lc
 .rodata.libc.__RAL_hex_uc
                0x000000000000605c       0x10 /Applications/SEGGER Embedded Studio for ARM 5.64/lib/libc_v7em_fpv4_sp_d16_hard_t_le_eabi.a(libc2.o)
                0x000000000000605c                __RAL_hex_uc
 .rodata.libc.__aeabi_EDOM
                0x000000000000606c        0x4 /Applications/SEGGER Embedded Studio for ARM 5.64/lib/libc_v7em_fpv4_sp_d16_hard_t_le_eabi.a(libc2.o)
                0x000000000000606c                __aeabi_EDOM
 .rodata.libc.powerf
                0x0000000000006070       0x18 /Applications/SEGGER Embedded Studio for ARM 5.64/lib/libc_v7em_fpv4_sp_d16_hard_t_le_eabi.a(libc2.o)
 .rodata.libc.__vfprintf_int.str1.4
                0x0000000000006088        0x7 /Applications/SEGGER Embedded Studio for ARM 5.64/lib/libc_v7em_fpv4_sp_d16_hard_t_le_eabi.a(libvfprintf.o)
 *fill*         0x000000000000608f        0x1 
 .rodata.libc.__vfprintf_float_long.str1.4
                0x0000000000006090       0x28 /Applications/SEGGER Embedded Studio for ARM 5.64/lib/libc_v7em_fpv4_sp_d16_hard_t_le_eabi.a(libvfprintf.o)
 .rodata.libc.ipow10
                0x00000000000060b8       0xa0 /Applications/SEGGER Embedded Studio for ARM 5.64/lib/libc_v7em_fpv4_sp_d16_hard_t_le_eabi.a(libvfprintf.o)
                0x0000000000006158                __rodata_end__ = (__rodata_start__ + SIZEOF (.rodata))
                0x00000000000002b8                __rodata_size__ = SIZEOF (.rodata)
                0x0000000000006158                __rodata_load_end__ = __rodata_end__

.rel.dyn        0x0000000000000000        0x0
 .rel.iplt      0x0000000000000000        0x0 Output/nrf52832_xxaa/Obj/init_stop_swap/init_main.o
                0x0000000000000001                . = ASSERT (((__rodata_start__ == __rodata_end__) || ((__rodata_end__ - __FLASH_segment_start__) <= __FLASH_segment_size__)), error: .rodata is too large to fit in FLASH memory segment)
                0x0000000000006158                __ARM.exidx_load_start__ = ALIGN (__rodata_end__, 0x4)

.ARM.exidx      0x0000000000006158        0x0
                0x0000000000006158                __ARM.exidx_start__ = .
                0x0000000000006158                __exidx_start = __ARM.exidx_start__
 *(.ARM.exidx .ARM.exidx.*)
                0x0000000000006158                __ARM.exidx_end__ = (__ARM.exidx_start__ + SIZEOF (.ARM.exidx))
                0x0000000000000000                __ARM.exidx_size__ = SIZEOF (.ARM.exidx)
                0x0000000000006158                __exidx_end = __ARM.exidx_end__
                0x0000000000006158                __ARM.exidx_load_end__ = __ARM.exidx_end__
                0x0000000000000001                . = ASSERT (((__ARM.exidx_start__ == __ARM.exidx_end__) || ((__ARM.exidx_end__ - __FLASH_segment_start__) <= __FLASH_segment_size__)), error: .ARM.exidx is too large to fit in FLASH memory segment)
                0x0000000000006158                __fast_load_start__ = ALIGN (__ARM.exidx_end__, 0x4)

.fast           0x0000000020000000        0x0 load address 0x0000000000006158
                0x0000000020000000                __fast_start__ = .
 *(.fast .fast.*)
                0x0000000020000000                __fast_end__ = (__fast_start__ + SIZEOF (.fast))
                0x0000000000000000                __fast_size__ = SIZEOF (.fast)
                0x0000000000006158                __fast_load_end__ = (__fast_load_start__ + SIZEOF (.fast))
                0x0000000000000001                . = ASSERT (((__fast_load_start__ == __fast_load_end__) || ((__fast_load_end__ - __FLASH_segment_start__) <= __FLASH_segment_size__)), error: .fast is too large to fit in FLASH memory segment)

.fast_run       0x0000000020000000        0x0
                0x0000000020000000                __fast_run_start__ = .
                0x0000000020000000                __fast_run_end__ = (__fast_run_start__ + SIZEOF (.fast))
                0x0000000000000000                __fast_run_size__ = (__fast_run_end__ - __fast_run_start__)
                0x0000000020000000                __fast_run_load_end__ = __fast_run_end__
                0x0000000000000001                . = ASSERT (((__fast_run_start__ == __fast_run_end__) || ((__fast_run_end__ - __SRAM_segment_start__) <= __SRAM_segment_size__)), error: .fast_run is too large to fit in SRAM memory segment)
                0x0000000000006158                __data_load_start__ = ALIGN ((__fast_load_start__ + SIZEOF (.fast)), 0x4)

.data           0x0000000020000000       0x44 load address 0x0000000000006158
                0x0000000020000000                __data_start__ = .
 *(.data .data.* .gnu.linkonce.d.*)
 .data.tx_poll_msg
                0x0000000020000000        0xd Output/nrf52832_xxaa/Obj/init_stop_swap/init_main.o
 *fill*         0x000000002000000d        0x3 
 .data.rx_resp_msg
                0x0000000020000010       0x15 Output/nrf52832_xxaa/Obj/init_stop_swap/init_main.o
 *fill*         0x0000000020000025        0x3 
 .data.config   0x0000000020000028        0xc Output/nrf52832_xxaa/Obj/init_stop_swap/main.o
 .data.pdw1000local
                0x0000000020000034        0x4 Output/nrf52832_xxaa/Obj/init_stop_swap/deca_device.o
 .data.SystemCoreClock
                0x0000000020000038        0x4 Output/nrf52832_xxaa/Obj/init_stop_swap/system_nrf52.o
                0x0000000020000038                SystemCoreClock
 .data.app_uart_inst
                0x000000002000003c        0x8 Output/nrf52832_xxaa/Obj/init_stop_swap/app_uart_fifo.o
                0x0000000020000044                __data_end__ = (__data_start__ + SIZEOF (.data))
                0x0000000000000044                __data_size__ = SIZEOF (.data)
                0x000000000000619c                __data_load_end__ = (__data_load_start__ + SIZEOF (.data))

.igot.plt       0x0000000100000000        0x0
 .igot.plt      0x0000000100000000        0x0 Output/nrf52832_xxaa/Obj/init_stop_swap/init_main.o
                0x0000000000000001                . = ASSERT (((__data_load_start__ == __data_load_end__) || ((__data_load_end__ - __FLASH_segment_start__) <= __FLASH_segment_size__)), error: .data is too large to fit in FLASH memory segment)

.data_run       0x0000000020000000        0x0
                0x0000000020000000                __data_run_start__ = .
                0x0000000020000044                __data_run_end__ = (__data_run_start__ + SIZEOF (.data))
                0x0000000000000044                __data_run_size__ = (__data_run_end__ - __data_run_start__)
                0x0000000020000044                __data_run_load_end__ = __data_run_end__
                0x0000000000000001                . = ASSERT (((__data_run_start__ == __data_run_end__) || ((__data_run_end__ - __SRAM_segment_start__) <= __SRAM_segment_size__)), error: .data_run is too large to fit in SRAM memory segment)
                0x000000000000619c                __tdata_load_start__ = ALIGN ((__data_load_start__ + SIZEOF (.data)), 0x4)

.tdata          0x0000000020000044        0x0 load address 0x000000000000619c
                0x0000000020000044                __tdata_start__ = .
 *(.tdata .tdata.*)
                0x0000000020000044                __tdata_end__ = (__tdata_start__ + SIZEOF (.tdata))
                0x0000000000000000                __tdata_size__ = SIZEOF (.tdata)
                0x000000000000619c                __tdata_load_end__ = (__tdata_load_start__ + SIZEOF (.tdata))
                0x0000000000000001                . = ASSERT (((__tdata_load_start__ == __tdata_load_end__) || ((__tdata_load_end__ - __FLASH_segment_start__) <= __FLASH_segment_size__)), error: .tdata is too large to fit in FLASH memory segment)

.tdata_run      0x0000000020000044        0x0
                0x0000000020000044                __tdata_run_start__ = .
                0x0000000020000044                __tdata_run_end__ = (__tdata_run_start__ + SIZEOF (.tdata))
                0x0000000000000000                __tdata_run_size__ = (__tdata_run_end__ - __tdata_run_start__)
                0x0000000020000044                __tdata_run_load_end__ = __tdata_run_end__
                0x0000000000000001                . = ASSERT (((__tdata_run_start__ == __tdata_run_end__) || ((__tdata_run_end__ - __SRAM_segment_start__) <= __SRAM_segment_size__)), error: .tdata_run is too large to fit in SRAM memory segment)
                0x0000000020000044                __nrf_sections_run_load_start__ = ALIGN (__tdata_run_end__, 0x4)

.nrf_sections_run
                0x0000000020000044        0x0
                0x0000000020000044                __nrf_sections_run_start__ = .
                0x0000000020000044                __start_nrf_sections_run = __nrf_sections_run_start__
 *(.nrf_sections_run .nrf_sections_run.*)
                0x0000000020000044                __nrf_sections_run_end__ = (__nrf_sections_run_start__ + SIZEOF (.nrf_sections_run))
                0x0000000000000000                __nrf_sections_run_size__ = SIZEOF (.nrf_sections_run)
                0x0000000020000044                __nrf_sections_run_load_end__ = __nrf_sections_run_end__
                0x0000000000000001                . = ASSERT (((__nrf_sections_run_start__ == __nrf_sections_run_end__) || ((__nrf_sections_run_end__ - __SRAM_segment_start__) <= __SRAM_segment_size__)), error: .nrf_sections_run is too large to fit in SRAM memory segment)
                0x000000000000619c                __dfu_trans_load_start__ = ALIGN ((__tdata_load_start__ + SIZEOF (.tdata)), 0x4)

.dfu_trans      0x000000000000619c        0x0
                0x000000000000619c                __dfu_trans_start__ = .
                0x000000000000619c                __start_dfu_trans = __dfu_trans_start__
 *(SORT_BY_NAME(.dfu_trans*))
                0x000000000000619c                __dfu_trans_end__ = (__dfu_trans_start__ + SIZEOF (.dfu_trans))
                0x0000000000000000                __dfu_trans_size__ = SIZEOF (.dfu_trans)
                0x000000000000619c                __stop_dfu_trans = __dfu_trans_end__
                0x000000000000619c                __dfu_trans_load_end__ = __dfu_trans_end__
                0x0000000000000001                . = ASSERT (((__dfu_trans_start__ == __dfu_trans_end__) || ((__dfu_trans_end__ - __FLASH_segment_start__) <= __FLASH_segment_size__)), error: .dfu_trans is too large to fit in FLASH memory segment)
                0x000000000000619c                __log_const_data_load_start__ = ALIGN (__dfu_trans_end__, 0x4)

.log_const_data
                0x000000000000619c        0x0
                0x000000000000619c                __log_const_data_start__ = .
                0x000000000000619c                __start_log_const_data = __log_const_data_start__
 *(.log_const_data*)
                0x000000000000619c                __log_const_data_end__ = (__log_const_data_start__ + SIZEOF (.log_const_data))
                0x0000000000000000                __log_const_data_size__ = SIZEOF (.log_const_data)
                0x000000000000619c                __stop_log_const_data = __log_const_data_end__
                0x000000000000619c                __log_const_data_load_end__ = __log_const_data_end__
                0x0000000000000001                . = ASSERT (((__log_const_data_start__ == __log_const_data_end__) || ((__log_const_data_end__ - __FLASH_segment_start__) <= __FLASH_segment_size__)), error: .log_const_data is too large to fit in FLASH memory segment)
                0x000000000000619c                __svc_data_load_start__ = ALIGN (__log_const_data_end__, 0x4)

.svc_data       0x000000000000619c        0x0
                0x000000000000619c                __svc_data_start__ = .
                0x000000000000619c                __start_svc_data = __svc_data_start__
 *(.svc_data*)
                0x000000000000619c                __svc_data_end__ = (__svc_data_start__ + SIZEOF (.svc_data))
                0x0000000000000000                __svc_data_size__ = SIZEOF (.svc_data)
                0x000000000000619c                __stop_svc_data = __svc_data_end__
                0x000000000000619c                __svc_data_load_end__ = __svc_data_end__
                0x0000000000000001                . = ASSERT (((__svc_data_start__ == __svc_data_end__) || ((__svc_data_end__ - __FLASH_segment_start__) <= __FLASH_segment_size__)), error: .svc_data is too large to fit in FLASH memory segment)
                0x000000000000619c                __sdh_ble_observers_load_start__ = ALIGN (__svc_data_end__, 0x4)

.sdh_ble_observers
                0x000000000000619c        0x0
                0x000000000000619c                __sdh_ble_observers_start__ = .
                0x000000000000619c                __start_sdh_ble_observers = __sdh_ble_observers_start__
 *(SORT_BY_NAME(.sdh_ble_observers*))
                0x000000000000619c                __sdh_ble_observers_end__ = (__sdh_ble_observers_start__ + SIZEOF (.sdh_ble_observers))
                0x0000000000000000                __sdh_ble_observers_size__ = SIZEOF (.sdh_ble_observers)
                0x000000000000619c                __stop_sdh_ble_observers = __sdh_ble_observers_end__
                0x000000000000619c                __sdh_ble_observers_load_end__ = __sdh_ble_observers_end__
                0x0000000000000001                . = ASSERT (((__sdh_ble_observers_start__ == __sdh_ble_observers_end__) || ((__sdh_ble_observers_end__ - __FLASH_segment_start__) <= __FLASH_segment_size__)), error: .sdh_ble_observers is too large to fit in FLASH memory segment)
                0x000000000000619c                __sdh_req_observers_load_start__ = ALIGN (__sdh_ble_observers_end__, 0x4)

.sdh_req_observers
                0x000000000000619c        0x0
                0x000000000000619c                __sdh_req_observers_start__ = .
                0x000000000000619c                __start_sdh_req_observers = __sdh_req_observers_start__
 *(SORT_BY_NAME(.sdh_req_observers*))
                0x000000000000619c                __sdh_req_observers_end__ = (__sdh_req_observers_start__ + SIZEOF (.sdh_req_observers))
                0x0000000000000000                __sdh_req_observers_size__ = SIZEOF (.sdh_req_observers)
                0x000000000000619c                __stop_sdh_req_observers = __sdh_req_observers_end__
                0x000000000000619c                __sdh_req_observers_load_end__ = __sdh_req_observers_end__
                0x0000000000000001                . = ASSERT (((__sdh_req_observers_start__ == __sdh_req_observers_end__) || ((__sdh_req_observers_end__ - __FLASH_segment_start__) <= __FLASH_segment_size__)), error: .sdh_req_observers is too large to fit in FLASH memory segment)
                0x000000000000619c                __sdh_state_observers_load_start__ = ALIGN (__sdh_req_observers_end__, 0x4)

.sdh_state_observers
                0x000000000000619c        0x0
                0x000000000000619c                __sdh_state_observers_start__ = .
                0x000000000000619c                __start_sdh_state_observers = __sdh_state_observers_start__
 *(SORT_BY_NAME(.sdh_state_observers*))
                0x000000000000619c                __sdh_state_observers_end__ = (__sdh_state_observers_start__ + SIZEOF (.sdh_state_observers))
                0x0000000000000000                __sdh_state_observers_size__ = SIZEOF (.sdh_state_observers)
                0x000000000000619c                __stop_sdh_state_observers = __sdh_state_observers_end__
                0x000000000000619c                __sdh_state_observers_load_end__ = __sdh_state_observers_end__
                0x0000000000000001                . = ASSERT (((__sdh_state_observers_start__ == __sdh_state_observers_end__) || ((__sdh_state_observers_end__ - __FLASH_segment_start__) <= __FLASH_segment_size__)), error: .sdh_state_observers is too large to fit in FLASH memory segment)
                0x000000000000619c                __sdh_stack_observers_load_start__ = ALIGN (__sdh_state_observers_end__, 0x4)

.sdh_stack_observers
                0x000000000000619c        0x0
                0x000000000000619c                __sdh_stack_observers_start__ = .
                0x000000000000619c                __start_sdh_stack_observers = __sdh_stack_observers_start__
 *(SORT_BY_NAME(.sdh_stack_observers*))
                0x000000000000619c                __sdh_stack_observers_end__ = (__sdh_stack_observers_start__ + SIZEOF (.sdh_stack_observers))
                0x0000000000000000                __sdh_stack_observers_size__ = SIZEOF (.sdh_stack_observers)
                0x000000000000619c                __stop_sdh_stack_observers = __sdh_stack_observers_end__
                0x000000000000619c                __sdh_stack_observers_load_end__ = __sdh_stack_observers_end__
                0x0000000000000001                . = ASSERT (((__sdh_stack_observers_start__ == __sdh_stack_observers_end__) || ((__sdh_stack_observers_end__ - __FLASH_segment_start__) <= __FLASH_segment_size__)), error: .sdh_stack_observers is too large to fit in FLASH memory segment)
                0x000000000000619c                __sdh_soc_observers_load_start__ = ALIGN (__sdh_stack_observers_end__, 0x4)

.sdh_soc_observers
                0x000000000000619c        0x0
                0x000000000000619c                __sdh_soc_observers_start__ = .
                0x000000000000619c                __start_sdh_soc_observers = __sdh_soc_observers_start__
 *(SORT_BY_NAME(.sdh_soc_observers*))
                0x000000000000619c                __sdh_soc_observers_end__ = (__sdh_soc_observers_start__ + SIZEOF (.sdh_soc_observers))
                0x0000000000000000                __sdh_soc_observers_size__ = SIZEOF (.sdh_soc_observers)
                0x000000000000619c                __stop_sdh_soc_observers = __sdh_soc_observers_end__
                0x000000000000619c                __sdh_soc_observers_load_end__ = __sdh_soc_observers_end__
                0x0000000000000001                . = ASSERT (((__sdh_soc_observers_start__ == __sdh_soc_observers_end__) || ((__sdh_soc_observers_end__ - __FLASH_segment_start__) <= __FLASH_segment_size__)), error: .sdh_soc_observers is too large to fit in FLASH memory segment)
                0x000000000000619c                __nrf_sections_load_start__ = ALIGN (__sdh_soc_observers_end__, 0x4)

.nrf_sections   0x000000000000619c        0x0
                0x000000000000619c                __nrf_sections_start__ = .
                0x000000000000619c                __start_nrf_sections = __nrf_sections_start__
 *(.nrf_sections .nrf_sections.*)
                0x000000000000619c                __nrf_sections_end__ = (__nrf_sections_start__ + SIZEOF (.nrf_sections))
                0x0000000000000000                __nrf_sections_size__ = SIZEOF (.nrf_sections)
                0x000000000000619c                __nrf_sections_load_end__ = __nrf_sections_end__
                0x0000000000000001                . = ASSERT (((__nrf_sections_start__ == __nrf_sections_end__) || ((__nrf_sections_end__ - __FLASH_segment_start__) <= __FLASH_segment_size__)), error: .nrf_sections is too large to fit in FLASH memory segment)
                0x000000000000619c                __log_dynamic_data_load_start__ = ALIGN (__nrf_sections_end__, 0x4)

.log_dynamic_data
                0x0000000020000044        0x0 load address 0x000000000000619c
                0x0000000020000044                __log_dynamic_data_start__ = .
 *(.log_dynamic_data*)
                0x0000000020000044                __log_dynamic_data_end__ = (__log_dynamic_data_start__ + SIZEOF (.log_dynamic_data))
                0x0000000000000000                __log_dynamic_data_size__ = SIZEOF (.log_dynamic_data)
                0x000000000000619c                __log_dynamic_data_load_end__ = (__log_dynamic_data_load_start__ + SIZEOF (.log_dynamic_data))
                0x0000000000000001                . = ASSERT (((__log_dynamic_data_load_start__ == __log_dynamic_data_load_end__) || ((__log_dynamic_data_load_end__ - __FLASH_segment_start__) <= __FLASH_segment_size__)), error: .log_dynamic_data is too large to fit in FLASH memory segment)

.log_dynamic_data_run
                0x0000000020000044        0x0
                0x0000000020000044                __log_dynamic_data_run_start__ = .
                0x0000000020000044                __start_log_dynamic_data = __log_dynamic_data_run_start__
                0x0000000020000044                __log_dynamic_data_run_end__ = (__log_dynamic_data_run_start__ + SIZEOF (.log_dynamic_data))
                0x0000000000000000                __log_dynamic_data_run_size__ = (__log_dynamic_data_run_end__ - __log_dynamic_data_run_start__)
                0x0000000020000044                __stop_log_dynamic_data = __log_dynamic_data_run_end__
                0x0000000020000044                __log_dynamic_data_run_load_end__ = __log_dynamic_data_run_end__
                0x0000000000000001                . = ASSERT (((__log_dynamic_data_run_start__ == __log_dynamic_data_run_end__) || ((__log_dynamic_data_run_end__ - __SRAM_segment_start__) <= __SRAM_segment_size__)), error: .log_dynamic_data_run is too large to fit in SRAM memory segment)
                0x000000000000619c                __fs_data_load_start__ = ALIGN ((__log_dynamic_data_load_start__ + SIZEOF (.log_dynamic_data)), 0x4)

.fs_data        0x0000000020000044        0x0 load address 0x000000000000619c
                0x0000000020000044                __fs_data_start__ = .
 *(.fs_data*)
                0x0000000020000044                __fs_data_end__ = (__fs_data_start__ + SIZEOF (.fs_data))
                0x0000000000000000                __fs_data_size__ = SIZEOF (.fs_data)
                0x000000000000619c                __fs_data_load_end__ = (__fs_data_load_start__ + SIZEOF (.fs_data))
                0x000000000000619c                __FLASH_segment_used_end__ = (ALIGN ((__log_dynamic_data_load_start__ + SIZEOF (.log_dynamic_data)), 0x4) + SIZEOF (.fs_data))
                0x000000000000619c                __FLASH_segment_used_size__ = (__FLASH_segment_used_end__ - __FLASH_segment_start__)
                0x0000000000000001                . = ASSERT (((__fs_data_load_start__ == __fs_data_load_end__) || ((__fs_data_load_end__ - __FLASH_segment_start__) <= __FLASH_segment_size__)), error: .fs_data is too large to fit in FLASH memory segment)

.fs_data_run    0x0000000020000044        0x0
                0x0000000020000044                __fs_data_run_start__ = .
                0x0000000020000044                __start_fs_data = __fs_data_run_start__
                0x0000000020000044                __fs_data_run_end__ = (__fs_data_run_start__ + SIZEOF (.fs_data))
                0x0000000000000000                __fs_data_run_size__ = (__fs_data_run_end__ - __fs_data_run_start__)
                0x0000000020000044                __stop_fs_data = __fs_data_run_end__
                0x0000000020000044                __fs_data_run_load_end__ = __fs_data_run_end__
                0x0000000000000001                . = ASSERT (((__fs_data_run_start__ == __fs_data_run_end__) || ((__fs_data_run_end__ - __SRAM_segment_start__) <= __SRAM_segment_size__)), error: .fs_data_run is too large to fit in SRAM memory segment)
                0x0000000020000044                __nrf_sections_run_end_load_start__ = ALIGN (__fs_data_run_end__, 0x4)

.nrf_sections_run_end
                0x0000000020000044        0x0
                0x0000000020000044                __nrf_sections_run_end_start__ = .
                0x0000000020000044                __end_nrf_sections_run = __nrf_sections_run_end_start__
 *(.nrf_sections_run_end .nrf_sections_run_end.*)
                0x0000000020000044                __nrf_sections_run_end_end__ = (__nrf_sections_run_end_start__ + SIZEOF (.nrf_sections_run_end))
                0x0000000000000000                __nrf_sections_run_end_size__ = SIZEOF (.nrf_sections_run_end)
                0x0000000020000044                __nrf_sections_run_end_load_end__ = __nrf_sections_run_end_end__
                0x0000000000000001                . = ASSERT (((__nrf_sections_run_end_start__ == __nrf_sections_run_end_end__) || ((__nrf_sections_run_end_end__ - __SRAM_segment_start__) <= __SRAM_segment_size__)), error: .nrf_sections_run_end is too large to fit in SRAM memory segment)
                0x0000000020000044                __bss_load_start__ = ALIGN (__nrf_sections_run_end_end__, 0x4)

.bss            0x0000000020000044      0x378
                0x0000000020000044                __bss_start__ = .
 *(.bss .bss.* .gnu.linkonce.b.*)
 .bss.frame_seq_nb
                0x0000000020000044        0x1 Output/nrf52832_xxaa/Obj/init_stop_swap/init_main.o
 *fill*         0x0000000020000045        0x3 
 .bss.rx_buffer
                0x0000000020000048       0x15 Output/nrf52832_xxaa/Obj/init_stop_swap/init_main.o
 *fill*         0x000000002000005d        0x3 
 .bss.status_reg
                0x0000000020000060        0x4 Output/nrf52832_xxaa/Obj/init_stop_swap/init_main.o
 *fill*         0x0000000020000064        0x4 
 .bss.tof       0x0000000020000068        0x8 Output/nrf52832_xxaa/Obj/init_stop_swap/init_main.o
 .bss.distance  0x0000000020000070        0x8 Output/nrf52832_xxaa/Obj/init_stop_swap/init_main.o
 .bss.tx_count  0x0000000020000078        0x4 Output/nrf52832_xxaa/Obj/init_stop_swap/init_main.o
 .bss.rx_count  0x000000002000007c        0x4 Output/nrf52832_xxaa/Obj/init_stop_swap/init_main.o
 .bss.dw1000local
                0x0000000020000080       0x38 Output/nrf52832_xxaa/Obj/init_stop_swap/deca_device.o
 .bss.spi_xfer_done
                0x00000000200000b8        0x1 Output/nrf52832_xxaa/Obj/init_stop_swap/port_platform.o
 *fill*         0x00000000200000b9        0x3 
 .bss.rx_buf.1  0x00000000200000bc       0x20 Output/nrf52832_xxaa/Obj/init_stop_swap/UART.o
 .bss.tx_buf.0  0x00000000200000dc      0x200 Output/nrf52832_xxaa/Obj/init_stop_swap/UART.o
 .bss.m_clock_cb
                0x00000000200002dc       0x14 Output/nrf52832_xxaa/Obj/init_stop_swap/nrf_drv_clock.o
 .bss.m_cb      0x00000000200002f0       0x58 Output/nrf52832_xxaa/Obj/init_stop_swap/nrf_drv_gpiote.o
 .bss.m_cb      0x0000000020000348       0x24 Output/nrf52832_xxaa/Obj/init_stop_swap/nrf_drv_spi.o
 .bss.m_cb      0x000000002000036c       0x20 Output/nrf52832_xxaa/Obj/init_stop_swap/nrf_drv_uart.o
 .bss.m_event_handler
                0x000000002000038c        0x4 Output/nrf52832_xxaa/Obj/init_stop_swap/app_uart_fifo.o
 .bss.tx_buffer
                0x0000000020000390        0x1 Output/nrf52832_xxaa/Obj/init_stop_swap/app_uart_fifo.o
 *fill*         0x0000000020000391        0x3 
 .bss.rx_buffer
                0x0000000020000394        0x1 Output/nrf52832_xxaa/Obj/init_stop_swap/app_uart_fifo.o
 .bss.m_rx_ovf  0x0000000020000395        0x1 Output/nrf52832_xxaa/Obj/init_stop_swap/app_uart_fifo.o
 *fill*         0x0000000020000396        0x2 
 .bss.m_rx_fifo
                0x0000000020000398       0x10 Output/nrf52832_xxaa/Obj/init_stop_swap/app_uart_fifo.o
 .bss.m_tx_fifo
                0x00000000200003a8       0x10 Output/nrf52832_xxaa/Obj/init_stop_swap/app_uart_fifo.o
 .bss.libc.__user_format_extender
                0x00000000200003b8        0x4 /Applications/SEGGER Embedded Studio for ARM 5.64/lib/libc_v7em_fpv4_sp_d16_hard_t_le_eabi.a(libc2.o)
                0x00000000200003b8                __user_format_extender
 *(COMMON)
                0x00000000200003bc                __bss_end__ = (__bss_start__ + SIZEOF (.bss))
                0x0000000000000378                __bss_size__ = SIZEOF (.bss)
                0x00000000200003bc                __bss_load_end__ = __bss_end__
                0x0000000000000001                . = ASSERT (((__bss_start__ == __bss_end__) || ((__bss_end__ - __SRAM_segment_start__) <= __SRAM_segment_size__)), error: .bss is too large to fit in SRAM memory segment)
                0x00000000200003bc                __tbss_load_start__ = ALIGN (__bss_end__, 0x4)

.tbss           0x00000000200003bc        0x4
                0x00000000200003bc                __tbss_start__ = .
 *(.tbss .tbss.*)
 .tbss.errno_val
                0x00000000200003bc        0x4 /Applications/SEGGER Embedded Studio for ARM 5.64/lib/libc_v7em_fpv4_sp_d16_hard_t_le_eabi.a(libc2.o)
                0x00000000200003c0                __tbss_end__ = (__tbss_start__ + SIZEOF (.tbss))
                0x0000000000000004                __tbss_size__ = SIZEOF (.tbss)
                0x00000000200003c0                __tbss_load_end__ = __tbss_end__
                0x0000000000000001                . = ASSERT (((__tbss_start__ == __tbss_end__) || ((__tbss_end__ - __SRAM_segment_start__) <= __SRAM_segment_size__)), error: .tbss is too large to fit in SRAM memory segment)
                0x00000000200003c0                __non_init_load_start__ = ALIGN (__tbss_end__, 0x4)

.non_init       0x00000000200003c0        0x0
                0x00000000200003c0                __non_init_start__ = .
 *(.non_init .non_init.*)
                0x00000000200003c0                __non_init_end__ = (__non_init_start__ + SIZEOF (.non_init))
                0x0000000000000000                __non_init_size__ = SIZEOF (.non_init)
                0x00000000200003c0                __non_init_load_end__ = __non_init_end__
                0x0000000000000001                . = ASSERT (((__non_init_start__ == __non_init_end__) || ((__non_init_end__ - __SRAM_segment_start__) <= __SRAM_segment_size__)), error: .non_init is too large to fit in SRAM memory segment)
                0x00000000200003c0                __heap_load_start__ = ALIGN (__non_init_end__, 0x4)

.heap           0x00000000200003c0      0x400
                0x00000000200003c0                __heap_start__ = .
 *(.heap .heap.*)
                0x00000000200007c0                . = ALIGN (MAX ((__heap_start__ + __HEAPSIZE__), .), 0x4)
 *fill*         0x00000000200003c0      0x400 
                0x00000000200007c0                __heap_end__ = (__heap_start__ + SIZEOF (.heap))
                0x0000000000000400                __heap_size__ = SIZEOF (.heap)
                0x00000000200007c0                __heap_load_end__ = __heap_end__
                0x0000000000000001                . = ASSERT (((__heap_start__ == __heap_end__) || ((__heap_end__ - __SRAM_segment_start__) <= __SRAM_segment_size__)), error: .heap is too large to fit in SRAM memory segment)
                0x000000002000fc00                __stack_load_start__ = (__SRAM_segment_start__ + (__SRAM_segment_size__ - 0x400))

.stack          0x000000002000fc00      0x400
                0x000000002000fc00                __stack_start__ = .
                0x000000002000fc00                __StackLimit = __stack_start__
 *(.stack .stack.*)
                0x0000000020010000                . = ALIGN (MAX ((__stack_start__ + __STACKSIZE__), .), 0x8)
 *fill*         0x000000002000fc00      0x400 
                0x0000000020010000                __stack_end__ = (__stack_start__ + SIZEOF (.stack))
                0x0000000000000400                __stack_size__ = SIZEOF (.stack)
                0x0000000020010000                __StackTop = __stack_end__
                0x0000000020010000                __stack_load_end__ = __stack_end__
                0x0000000000000001                . = ASSERT (((__stack_start__ == __stack_end__) || ((__stack_end__ - __SRAM_segment_start__) <= __SRAM_segment_size__)), error: .stack is too large to fit in SRAM memory segment)
                0x0000000000000001                . = ASSERT ((__heap_end__ <= __stack_start__), error: section .heap overlaps absolute placed section .stack)
                0x0000000020010000                __stack_process_load_start__ = ALIGN (__stack_end__, 0x8)

.stack_process  0x0000000020010000        0x0
                0x0000000020010000                __stack_process_start__ = .
 *(.stack_process .stack_process.*)
                0x0000000020010000                . = ALIGN (MAX ((__stack_process_start__ + __STACKSIZE_PROCESS__), .), 0x8)
                0x0000000020010000                __stack_process_end__ = (__stack_process_start__ + SIZEOF (.stack_process))
                0x0000000000000000                __stack_process_size__ = SIZEOF (.stack_process)
                0x0000000020010000                __stack_process_load_end__ = __stack_process_end__
                0x0000000020010000                __SRAM_segment_used_end__ = (ALIGN (__stack_end__, 0x8) + SIZEOF (.stack_process))
                0x0000000000010000                __SRAM_segment_used_size__ = (__SRAM_segment_used_end__ - __SRAM_segment_start__)
                0x0000000000000001                . = ASSERT (((__stack_process_start__ == __stack_process_end__) || ((__stack_process_end__ - __SRAM_segment_start__) <= __SRAM_segment_size__)), error: .stack_process is too large to fit in SRAM memory segment)
START GROUP
LOAD Output/nrf52832_xxaa/Obj/init_stop_swap/init_main.o
LOAD Output/nrf52832_xxaa/Obj/init_stop_swap/main.o
LOAD Output/nrf52832_xxaa/Obj/init_stop_swap/boards.o
LOAD Output/nrf52832_xxaa/Obj/init_stop_swap/bsp.o
LOAD Output/nrf52832_xxaa/Obj/init_stop_swap/bsp_nfc.o
LOAD Output/nrf52832_xxaa/Obj/init_stop_swap/deca_device.o
LOAD Output/nrf52832_xxaa/Obj/init_stop_swap/deca_params_init.o
LOAD Output/nrf52832_xxaa/Obj/init_stop_swap/port_platform.o
LOAD Output/nrf52832_xxaa/Obj/init_stop_swap/ses_nrf52_startup.o
LOAD Output/nrf52832_xxaa/Obj/init_stop_swap/system_nrf52.o
LOAD Output/nrf52832_xxaa/Obj/init_stop_swap/thumb_crt0.o
LOAD Output/nrf52832_xxaa/Obj/init_stop_swap/UART.o
LOAD Output/nrf52832_xxaa/Obj/init_stop_swap/nrf_drv_clock.o
LOAD Output/nrf52832_xxaa/Obj/init_stop_swap/nrf_drv_common.o
LOAD Output/nrf52832_xxaa/Obj/init_stop_swap/nrf_drv_gpiote.o
LOAD Output/nrf52832_xxaa/Obj/init_stop_swap/nrf_drv_spi.o
LOAD Output/nrf52832_xxaa/Obj/init_stop_swap/nrf_drv_uart.o
LOAD Output/nrf52832_xxaa/Obj/init_stop_swap/app_button.o
LOAD Output/nrf52832_xxaa/Obj/init_stop_swap/app_error.o
LOAD Output/nrf52832_xxaa/Obj/init_stop_swap/app_error_weak.o
LOAD Output/nrf52832_xxaa/Obj/init_stop_swap/app_fifo.o
LOAD Output/nrf52832_xxaa/Obj/init_stop_swap/app_scheduler.o
LOAD Output/nrf52832_xxaa/Obj/init_stop_swap/app_uart_fifo.o
LOAD Output/nrf52832_xxaa/Obj/init_stop_swap/app_util_platform.o
LOAD Output/nrf52832_xxaa/Obj/init_stop_swap/nrf_assert.o
LOAD Output/nrf52832_xxaa/Obj/init_stop_swap/nrf_balloc.o
LOAD Output/nrf52832_xxaa/Obj/init_stop_swap/nrf_fprintf.o
LOAD Output/nrf52832_xxaa/Obj/init_stop_swap/nrf_fprintf_format.o
LOAD Output/nrf52832_xxaa/Obj/init_stop_swap/nrf_memobj.o
LOAD Output/nrf52832_xxaa/Obj/init_stop_swap/nrf_strerror.o
LOAD Output/nrf52832_xxaa/Obj/init_stop_swap/retarget.o
LOAD Output/nrf52832_xxaa/Obj/init_stop_swap/nrf_log_backend_rtt.o
LOAD Output/nrf52832_xxaa/Obj/init_stop_swap/nrf_log_backend_serial.o
LOAD Output/nrf52832_xxaa/Obj/init_stop_swap/nrf_log_backend_uart.o
LOAD Output/nrf52832_xxaa/Obj/init_stop_swap/nrf_log_default_backends.o
LOAD Output/nrf52832_xxaa/Obj/init_stop_swap/nrf_log_frontend.o
LOAD Output/nrf52832_xxaa/Obj/init_stop_swap/nrf_log_str_formatter.o
LOAD Output/nrf52832_xxaa/Obj/init_stop_swap/SEGGER_RTT.o
LOAD Output/nrf52832_xxaa/Obj/init_stop_swap/SEGGER_RTT_Syscalls_KEIL.o
LOAD Output/nrf52832_xxaa/Obj/init_stop_swap/SEGGER_RTT_Syscalls_SES.o
LOAD Output/nrf52832_xxaa/Obj/init_stop_swap/SEGGER_RTT_printf.o
LOAD /Users/quentin/Library/SEGGER/SEGGER Embedded Studio/v3/packages/libraries/libcxx/lib/libcxx_noexcept_v7em_fpv4_sp_d16_hard_t_le_eabi.a
LOAD /Applications/SEGGER Embedded Studio for ARM 5.64/lib/libm_v7em_fpv4_sp_d16_hard_t_le_eabi.a
LOAD /Applications/SEGGER Embedded Studio for ARM 5.64/lib/libc_v7em_fpv4_sp_d16_hard_t_le_eabi.a
LOAD /Applications/SEGGER Embedded Studio for ARM 5.64/lib/libdebugio_v7em_fpv4_sp_d16_hard_t_le_eabi.a
END GROUP
OUTPUT(Output/nrf52832_xxaa/Exe/init_stop_swap.elf elf32-littlearm)
LOAD linker stubs

.debug_frame    0x0000000000000000     0x3660
 .debug_frame   0x0000000000000000       0x58 Output/nrf52832_xxaa/Obj/init_stop_swap/init_main.o
 .debug_frame   0x0000000000000058       0xf4 Output/nrf52832_xxaa/Obj/init_stop_swap/main.o
 .debug_frame   0x000000000000014c      0xd9c Output/nrf52832_xxaa/Obj/init_stop_swap/deca_device.o
 .debug_frame   0x0000000000000ee8      0x2f4 Output/nrf52832_xxaa/Obj/init_stop_swap/port_platform.o
 .debug_frame   0x00000000000011dc       0xec Output/nrf52832_xxaa/Obj/init_stop_swap/system_nrf52.o
 .debug_frame   0x00000000000012c8       0xa8 Output/nrf52832_xxaa/Obj/init_stop_swap/UART.o
 .debug_frame   0x0000000000001370      0x3a4 Output/nrf52832_xxaa/Obj/init_stop_swap/nrf_drv_clock.o
 .debug_frame   0x0000000000001714       0xfc Output/nrf52832_xxaa/Obj/init_stop_swap/nrf_drv_common.o
 .debug_frame   0x0000000000001810      0xa30 Output/nrf52832_xxaa/Obj/init_stop_swap/nrf_drv_gpiote.o
 .debug_frame   0x0000000000002240      0x46c Output/nrf52832_xxaa/Obj/init_stop_swap/nrf_drv_spi.o
 .debug_frame   0x00000000000026ac      0xbd8 Output/nrf52832_xxaa/Obj/init_stop_swap/nrf_drv_uart.o
 .debug_frame   0x0000000000003284       0x80 Output/nrf52832_xxaa/Obj/init_stop_swap/app_error.o
 .debug_frame   0x0000000000003304       0x40 Output/nrf52832_xxaa/Obj/init_stop_swap/app_error_weak.o
 .debug_frame   0x0000000000003344      0x1a4 Output/nrf52832_xxaa/Obj/init_stop_swap/app_fifo.o
 .debug_frame   0x00000000000034e8      0x118 Output/nrf52832_xxaa/Obj/init_stop_swap/app_uart_fifo.o
 .debug_frame   0x0000000000003600       0x60 Output/nrf52832_xxaa/Obj/init_stop_swap/retarget.o

.debug_info     0x0000000000000000     0xe2a7
 .debug_info    0x0000000000000000      0xa34 Output/nrf52832_xxaa/Obj/init_stop_swap/init_main.o
 .debug_info    0x0000000000000a34      0xd22 Output/nrf52832_xxaa/Obj/init_stop_swap/main.o
 .debug_info    0x0000000000001756     0x1cb2 Output/nrf52832_xxaa/Obj/init_stop_swap/deca_device.o
 .debug_info    0x0000000000003408      0x2fe Output/nrf52832_xxaa/Obj/init_stop_swap/deca_params_init.o
 .debug_info    0x0000000000003706     0x11e6 Output/nrf52832_xxaa/Obj/init_stop_swap/port_platform.o
 .debug_info    0x00000000000048ec       0x23 Output/nrf52832_xxaa/Obj/init_stop_swap/ses_nrf52_startup.o
 .debug_info    0x000000000000490f     0x113d Output/nrf52832_xxaa/Obj/init_stop_swap/system_nrf52.o
 .debug_info    0x0000000000005a4c       0x22 Output/nrf52832_xxaa/Obj/init_stop_swap/thumb_crt0.o
 .debug_info    0x0000000000005a6e      0x409 Output/nrf52832_xxaa/Obj/init_stop_swap/UART.o
 .debug_info    0x0000000000005e77      0xc64 Output/nrf52832_xxaa/Obj/init_stop_swap/nrf_drv_clock.o
 .debug_info    0x0000000000006adb      0x623 Output/nrf52832_xxaa/Obj/init_stop_swap/nrf_drv_common.o
 .debug_info    0x00000000000070fe     0x1af7 Output/nrf52832_xxaa/Obj/init_stop_swap/nrf_drv_gpiote.o
 .debug_info    0x0000000000008bf5     0x141d Output/nrf52832_xxaa/Obj/init_stop_swap/nrf_drv_spi.o
 .debug_info    0x000000000000a012     0x2805 Output/nrf52832_xxaa/Obj/init_stop_swap/nrf_drv_uart.o
 .debug_info    0x000000000000c817      0x2c1 Output/nrf52832_xxaa/Obj/init_stop_swap/app_error.o
 .debug_info    0x000000000000cad8      0x328 Output/nrf52832_xxaa/Obj/init_stop_swap/app_error_weak.o
 .debug_info    0x000000000000ce00      0x41f Output/nrf52832_xxaa/Obj/init_stop_swap/app_fifo.o
 .debug_info    0x000000000000d21f      0xf64 Output/nrf52832_xxaa/Obj/init_stop_swap/app_uart_fifo.o
 .debug_info    0x000000000000e183      0x124 Output/nrf52832_xxaa/Obj/init_stop_swap/retarget.o

.debug_abbrev   0x0000000000000000     0x21c1
 .debug_abbrev  0x0000000000000000      0x1c1 Output/nrf52832_xxaa/Obj/init_stop_swap/init_main.o
 .debug_abbrev  0x00000000000001c1      0x224 Output/nrf52832_xxaa/Obj/init_stop_swap/main.o
 .debug_abbrev  0x00000000000003e5      0x268 Output/nrf52832_xxaa/Obj/init_stop_swap/deca_device.o
 .debug_abbrev  0x000000000000064d       0x93 Output/nrf52832_xxaa/Obj/init_stop_swap/deca_params_init.o
 .debug_abbrev  0x00000000000006e0      0x322 Output/nrf52832_xxaa/Obj/init_stop_swap/port_platform.o
 .debug_abbrev  0x0000000000000a02       0x14 Output/nrf52832_xxaa/Obj/init_stop_swap/ses_nrf52_startup.o
 .debug_abbrev  0x0000000000000a16      0x201 Output/nrf52832_xxaa/Obj/init_stop_swap/system_nrf52.o
 .debug_abbrev  0x0000000000000c17       0x12 Output/nrf52832_xxaa/Obj/init_stop_swap/thumb_crt0.o
 .debug_abbrev  0x0000000000000c29      0x161 Output/nrf52832_xxaa/Obj/init_stop_swap/UART.o
 .debug_abbrev  0x0000000000000d8a      0x34c Output/nrf52832_xxaa/Obj/init_stop_swap/nrf_drv_clock.o
 .debug_abbrev  0x00000000000010d6      0x198 Output/nrf52832_xxaa/Obj/init_stop_swap/nrf_drv_common.o
 .debug_abbrev  0x000000000000126e      0x31a Output/nrf52832_xxaa/Obj/init_stop_swap/nrf_drv_gpiote.o
 .debug_abbrev  0x0000000000001588      0x322 Output/nrf52832_xxaa/Obj/init_stop_swap/nrf_drv_spi.o
 .debug_abbrev  0x00000000000018aa      0x306 Output/nrf52832_xxaa/Obj/init_stop_swap/nrf_drv_uart.o
 .debug_abbrev  0x0000000000001bb0      0x111 Output/nrf52832_xxaa/Obj/init_stop_swap/app_error.o
 .debug_abbrev  0x0000000000001cc1      0x119 Output/nrf52832_xxaa/Obj/init_stop_swap/app_error_weak.o
 .debug_abbrev  0x0000000000001dda      0x130 Output/nrf52832_xxaa/Obj/init_stop_swap/app_fifo.o
 .debug_abbrev  0x0000000000001f0a      0x1ed Output/nrf52832_xxaa/Obj/init_stop_swap/app_uart_fifo.o
 .debug_abbrev  0x00000000000020f7       0xca Output/nrf52832_xxaa/Obj/init_stop_swap/retarget.o

.debug_pubnames
                0x0000000000000000     0x5f97
 .debug_pubnames
                0x0000000000000000      0x56b Output/nrf52832_xxaa/Obj/init_stop_swap/init_main.o
 .debug_pubnames
                0x000000000000056b      0x6ee Output/nrf52832_xxaa/Obj/init_stop_swap/main.o
 .debug_pubnames
                0x0000000000000c59      0x8b0 Output/nrf52832_xxaa/Obj/init_stop_swap/deca_device.o
 .debug_pubnames